******************************************************************************
                  TI ARM Linker PC v15.12.3                    
******************************************************************************
>> Linked Mon Oct 17 19:36:49 2016

OUTPUT FILE NAME:   <FlexZoneApp.out>
ENTRY POINT SYMBOL: "ResetISR"  address: 00007db1


MEMORY CONFIGURATION

         name            origin    length      used     unused   attr    fill
----------------------  --------  ---------  --------  --------  ----  --------
  FLASH                 00000000   0000dfff  0000c330  00001ccf  R  X
  FLASH_LAST_PAGE       0001f000   00001000  00000058  00000fa8  R  X
  SRAM                  20000000   000043e7  000031b8  0000122f  RW X


SEGMENT ALLOCATION MAP

run origin  load origin   length   init length attrs members
----------  ----------- ---------- ----------- ----- -------
00000000    00000000    0000c33c   0000c33c    r-x
  00000000    00000000    0000003c   0000003c    r-- .resetVecs
  0000003c    0000003c    000000c4   000000c4    r-x .text.1
  00000100    00000100    0000003c   0000003c    r-- .const:ti_sysbios_knl_Task_Object__PARAMS__C
  0000013c    0000013c    00000034   00000034    r-- .const:ti_sysbios_knl_Mailbox_Object__PARAMS__C
  00000170    00000170    00000030   00000030    r-- .const:ti_sysbios_family_arm_m3_Hwi_Object__PARAMS__C
  000001a0    000001a0    0000002c   0000002c    r-- .const:ti_sysbios_hal_Hwi_Object__PARAMS__C
  000001cc    000001cc    00000028   00000028    r-- .const:ti_sysbios_heaps_HeapMem_Module__FXNS__C
  000001f4    000001f4    00000028   00000028    r-- .const:ti_sysbios_knl_Swi_Object__PARAMS__C
  0000021c    0000021c    00000024   00000024    r-- .const:ti_sysbios_gates_GateHwi_Module__FXNS__C
  00000240    00000240    00000024   00000024    r-- .const:ti_sysbios_gates_GateMutex_Module__FXNS__C
  00000264    00000264    00000024   00000024    r-- .const:ti_sysbios_heaps_HeapMem_Object__PARAMS__C
  00000288    00000288    00000024   00000024    r-- .const:ti_sysbios_knl_Clock_Object__PARAMS__C
  000002ac    000002ac    00000024   00000024    r-- .const:ti_sysbios_knl_Semaphore_Object__PARAMS__C
  000002d0    000002d0    00000020   00000020    r-- .const:ti_sysbios_family_arm_m3_Hwi_Object__DESC__C
  000002f0    000002f0    00000020   00000020    r-- .const:ti_sysbios_gates_GateHwi_Object__DESC__C
  00000310    00000310    00000020   00000020    r-- .const:ti_sysbios_gates_GateMutex_Object__DESC__C
  00000330    00000330    00000020   00000020    r-- .const:ti_sysbios_hal_Hwi_Object__DESC__C
  00000350    00000350    00000020   00000020    r-- .const:ti_sysbios_heaps_HeapMem_Object__DESC__C
  00000370    00000370    00000020   00000020    r-- .const:ti_sysbios_knl_Clock_Object__DESC__C
  00000390    00000390    00000020   00000020    r-- .const:ti_sysbios_knl_Mailbox_Object__DESC__C
  000003b0    000003b0    00000020   00000020    r-- .const:ti_sysbios_knl_Queue_Object__DESC__C
  000003d0    000003d0    00000020   00000020    r-- .const:ti_sysbios_knl_Semaphore_Object__DESC__C
  000003f0    000003f0    00000020   00000020    r-- .const:ti_sysbios_knl_Swi_Object__DESC__C
  00000410    00000410    00000020   00000020    r-- .const:ti_sysbios_knl_Task_Object__DESC__C
  00000430    00000430    00000018   00000018    r-- .const:ti_sysbios_gates_GateHwi_Object__PARAMS__C
  00000448    00000448    00000018   00000018    r-- .const:ti_sysbios_gates_GateMutex_Object__PARAMS__C
  00000460    00000460    00000018   00000018    r-- .const:ti_sysbios_knl_Queue_Object__PARAMS__C
  00000478    00000478    00000008   00000008    r-- .const:ti_sysbios_knl_Idle_funcList__C
  00000480    00000480    00000004   00000004    r-x .text.2
  00000484    00000484    00000004   00000004    r-- .const:ti_sysbios_family_arm_cc26xx_Timer_startupNeeded__C
  00000488    00000488    00000004   00000004    r-- .const:ti_sysbios_family_arm_m3_Hwi_E_alreadyDefined__C
  0000048c    0000048c    00000004   00000004    r-- .const:ti_sysbios_family_arm_m3_Hwi_E_hwiLimitExceeded__C
  00000490    00000490    00000004   00000004    r-- .const:ti_sysbios_family_arm_m3_Hwi_NUM_INTERRUPTS__C
  00000494    00000494    00000004   00000004    r-- .const:ti_sysbios_family_arm_m3_Hwi_Object__count__C
  00000498    00000498    00000004   00000004    r-- .const:ti_sysbios_family_arm_m3_Hwi_Object__table__C
  0000049c    0000049c    00000004   00000004    r-- .const:ti_sysbios_family_arm_m3_Hwi_ccr__C
  000004a0    000004a0    00000004   00000004    r-- .const:ti_sysbios_family_arm_m3_Hwi_excHandlerFunc__C
  000004a4    000004a4    00000004   00000004    r-- .const:ti_sysbios_family_arm_m3_Hwi_nullIsrFunc__C
  000004a8    000004a8    00000004   00000004    r-- .const:ti_sysbios_family_arm_m3_Hwi_numSparseInterrupts__C
  000004ac    000004ac    00000004   00000004    r-- .const:ti_sysbios_family_arm_m3_Hwi_priGroup__C
  000004b0    000004b0    00000004   00000004    r-- .const:ti_sysbios_family_arm_m3_TaskSupport_stackAlignment__C
  000004b4    000004b4    00000004   00000004    r-- .const:ti_sysbios_heaps_HeapMem_E_memory__C
  000004b8    000004b8    00000004   00000004    r-- .const:ti_sysbios_heaps_HeapMem_Module__gateObj__C
  000004bc    000004bc    00000004   00000004    r-- .const:ti_sysbios_heaps_HeapMem_Object__count__C
  000004c0    000004c0    00000004   00000004    r-- .const:ti_sysbios_heaps_HeapMem_Object__table__C
  000004c4    000004c4    00000004   00000004    r-- .const:ti_sysbios_heaps_HeapMem_reqAlign__C
  000004c8    000004c8    00000004   00000004    r-- .const:ti_sysbios_knl_Clock_serviceMargin__C
  000004cc    000004cc    00000004   00000004    r-- .const:ti_sysbios_knl_Mailbox_Object__count__C
  000004d0    000004d0    00000004   00000004    r-- .const:ti_sysbios_knl_Mailbox_Object__table__C
  000004d4    000004d4    00000004   00000004    r-- .const:ti_sysbios_knl_Queue_Object__count__C
  000004d8    000004d8    00000004   00000004    r-- .const:ti_sysbios_knl_Queue_Object__table__C
  000004dc    000004dc    00000004   00000004    r-- .const:ti_sysbios_knl_Swi_Object__count__C
  000004e0    000004e0    00000004   00000004    r-- .const:ti_sysbios_knl_Swi_Object__table__C
  000004e4    000004e4    00000004   00000004    r-- .const:ti_sysbios_knl_Swi_numPriorities__C
  000004e8    000004e8    00000004   00000004    r-- .const:ti_sysbios_knl_Task_Object__count__C
  000004ec    000004ec    00000004   00000004    r-- .const:ti_sysbios_knl_Task_Object__table__C
  000004f0    000004f0    00000004   00000004    r-- .const:ti_sysbios_knl_Task_allBlockedFunc__C
  000004f4    000004f4    00000004   00000004    r-- .const:ti_sysbios_knl_Task_defaultStackHeap__C
  000004f8    000004f8    00000004   00000004    r-- .const:ti_sysbios_knl_Task_defaultStackSize__C
  000004fc    000004fc    00000004   00000004    r-- .const:ti_sysbios_knl_Task_numConstructedTasks__C
  00000500    00000500    00000002   00000002    r-x .text.3
  00000502    00000502    00000002   00000002    r-- .const:ti_sysbios_family_arm_cc26xx_Timer_Module__id__C
  00000504    00000504    00000002   00000002    r-- .const:ti_sysbios_family_arm_cc26xx_TimestampProvider_useClockTimer__C
  00000506    00000506    00000002   00000002    r-- .const:ti_sysbios_family_arm_m3_Hwi_Module__id__C
  00000508    00000508    00000002   00000002    r-- .const:ti_sysbios_gates_GateHwi_Module__id__C
  0000050a    0000050a    00000002   00000002    r-- .const:ti_sysbios_gates_GateMutex_Module__id__C
  0000050c    0000050c    00000002   00000002    r-- .const:ti_sysbios_heaps_HeapMem_Module__id__C
  0000050e    0000050e    00000002   00000002    r-- .const:ti_sysbios_knl_Task_initStackFlag__C
  00000510    00000510    00000001   00000001    r-- .const:ti_sysbios_knl_Clock_tickMode__C
  00000514    00000514    00000008   00000008    r-- .const:xdc_runtime_Startup_firstFxns__C
  0000051c    0000051c    00000008   00000008    r-- .const:xdc_runtime_Startup_lastFxns__C
  00000524    00000524    00000004   00000004    r-- .const:xdc_runtime_Assert_E_assertFailed__C
  00000528    00000528    00000004   00000004    r-- .const:xdc_runtime_Error_E_memory__C
  0000052c    0000052c    00000004   00000004    r-- .const:xdc_runtime_Error_policyFxn__C
  00000530    00000530    00000004   00000004    r-- .const:xdc_runtime_IGateProvider_Interface__BASE__C
  00000534    00000534    00000004   00000004    r-- .const:xdc_runtime_IHeap_Interface__BASE__C
  00000538    00000538    00000004   00000004    r-- .const:xdc_runtime_IModule_Interface__BASE__C
  0000053c    0000053c    00000004   00000004    r-- .const:xdc_runtime_Main_Module__diagsEnabled__C
  00000540    00000540    00000004   00000004    r-- .const:xdc_runtime_Main_Module__diagsIncluded__C
  00000544    00000544    00000004   00000004    r-- .const:xdc_runtime_Main_Module__diagsMask__C
  00000548    00000548    00000004   00000004    r-- .const:xdc_runtime_Memory_defaultHeapInstance__C
  0000054c    0000054c    00000004   00000004    r-- .const:xdc_runtime_Startup_execImpl__C
  00000550    00000550    00000004   00000004    r-- .const:xdc_runtime_Startup_maxPasses__C
  00000554    00000554    00000004   00000004    r-- .const:xdc_runtime_Startup_sfxnRts__C
  00000558    00000558    00000004   00000004    r-- .const:xdc_runtime_Startup_sfxnTab__C
  0000055c    0000055c    00000004   00000004    r-- .const:xdc_runtime_Startup_startModsFxn__C
  00000560    00000560    00000004   00000004    r-- .const:xdc_runtime_SysCallback_abortFxn__C
  00000564    00000564    00000004   00000004    r-- .const:xdc_runtime_SysCallback_exitFxn__C
  00000568    00000568    00000004   00000004    r-- .const:xdc_runtime_System_abortFxn__C
  0000056c    0000056c    00000004   00000004    r-- .const:xdc_runtime_System_exitFxn__C
  00000570    00000570    00000004   00000004    r-- .const:xdc_runtime_System_maxAtexitHandlers__C
  00000574    00000574    00000004   00000004    r-- .const:xdc_runtime_Text_charTab__C
  00000578    00000578    00000004   00000004    r-- .const:xdc_runtime_Text_nameEmpty__C
  0000057c    0000057c    00000004   00000004    r-- .const:xdc_runtime_Text_nameStatic__C
  00000580    00000580    00000004   00000004    r-- .const:xdc_runtime_Text_nameUnknown__C
  00000584    00000584    00000002   00000002    r-- .const:xdc_runtime_Main_Module__id__C
  00000586    00000586    00000002   00000002    r-- .const:xdc_runtime_Memory_Module__id__C
  00000588    00000588    00000002   00000002    r-- .const:xdc_runtime_Text_charCnt__C
  0000058a    0000058a    00000002   00000002    r-- .const:xdc_runtime_Text_isLoaded__C
  0000058c    0000058c    00000001   00000001    r-- .const:xdc_runtime_Error_policy__C
  00000590    00000590    00000004   00000004    r-- .const:ti_sysbios_rom_ROM_AONRTCChannelEnable
  00000594    00000594    00000004   00000004    r-- .const:ti_sysbios_rom_ROM_AONRTCCompareValueSet
  00000598    00000598    00000004   00000004    r-- .const:ti_sysbios_rom_ROM_AONRTCCurrentCompareValueGet
  0000059c    0000059c    00000004   00000004    r-- .const:ti_sysbios_rom_ROM_AONRTCEventClear
  000005a0    000005a0    00000004   00000004    r-- .const:ti_sysbios_rom_ROM_ti_sysbios_family_arm_cc26xx_Timer_getCount64__E
  000005a4    000005a4    00000004   00000004    r-- .const:ti_sysbios_rom_ROM_ti_sysbios_family_arm_cc26xx_Timer_getCurrentTick__E
  000005a8    000005a8    00000004   00000004    r-- .const:ti_sysbios_rom_ROM_ti_sysbios_family_arm_cc26xx_Timer_getMaxTicks__E
  000005ac    000005ac    00000004   00000004    r-- .const:ti_sysbios_rom_ROM_ti_sysbios_family_arm_cc26xx_Timer_initDevice__I
  000005b0    000005b0    00000004   00000004    r-- .const:ti_sysbios_rom_ROM_ti_sysbios_family_arm_cc26xx_Timer_setNextTick__E
  000005b4    000005b4    00000004   00000004    r-- .const:ti_sysbios_rom_ROM_ti_sysbios_family_arm_cc26xx_Timer_setThreshold__I
  000005b8    000005b8    00000004   00000004    r-- .const:ti_sysbios_rom_ROM_ti_sysbios_family_arm_cc26xx_Timer_start__E
  000005bc    000005bc    00000004   00000004    r-- .const:ti_sysbios_rom_ROM_ti_sysbios_family_arm_cc26xx_TimestampProvider_get32__E
  000005c0    000005c0    00000004   00000004    r-- .const:ti_sysbios_rom_ROM_xdc_runtime_Startup_getState__I
  000005c4    000005c4    00000004   00000004    r-- .const:ti_sysbios_rom_ROM_xdc_runtime_System_SupportProxy_abort__E
  000005c8    000005c8    00000004   00000004    r-- .const:ti_sysbios_rom_ROM_xdc_runtime_System_SupportProxy_exit__E
  000005cc    000005cc    00000004   00000004    r-- .const:ti_sysbios_gates_GateMutex_Instance_State_sem__O
  000005d0    000005d0    00000004   00000004    r-- .const:ti_sysbios_knl_Clock_Module_State_clockQ__O
  000005d4    000005d4    00000004   00000004    r-- .const:ti_sysbios_knl_Mailbox_Instance_State_dataQue__O
  000005d8    000005d8    00000004   00000004    r-- .const:ti_sysbios_knl_Mailbox_Instance_State_dataSem__O
  000005dc    000005dc    00000004   00000004    r-- .const:ti_sysbios_knl_Mailbox_Instance_State_freeQue__O
  000005e0    000005e0    00000004   00000004    r-- .const:ti_sysbios_knl_Mailbox_Instance_State_freeSem__O
  000005e4    000005e4    00000004   00000004    r-- .const:ti_sysbios_knl_Semaphore_Instance_State_pendQ__O
  000005e8    000005e8    00000004   00000004    r-- .const:ti_sysbios_knl_Task_Module_State_inactiveQ__O
  000005ec    000005ec    00009a7c   00009a7c    r-x .text.4
  0000a068    0000a068    00001bf2   00001bf2    r-- .const
  0000bc60    0000bc60    000006dc   000006dc    r-- .cinit
0001ffa8    0001ffa8    00000058   00000058    r--
  0001ffa8    0001ffa8    00000058   00000058    r-- .ccfg
20000000    20000000    000000c8   00000000    rw-
  20000000    20000000    000000c8   00000000    rw- .vecs
20000100    20000100    00002cfa   00000000    rw-
  20000100    20000100    00000044   00000000    rw- .data:ti_sysbios_knl_Task_Module__state__V
  20000144    20000144    00000034   00000000    rw- .data:ti_sysbios_family_arm_m3_Hwi_Module__state__V
  20000178    20000178    0000002c   00000000    rw- .data:ti_sysbios_knl_Clock_Module__state__V
  200001a4    200001a4    00000024   00000000    rw- .data:ti_sysbios_BIOS_Module__state__V
  200001c8    200001c8    0000001c   00000000    rw- .data:ti_sysbios_knl_Swi_Module__state__V
  200001e4    200001e4    00000008   00000000    rw- .data:ti_sysbios_family_arm_cc26xx_Timer_Module__state__V
  200001ec    200001ec    00000004   00000000    rw- .data:ti_sysbios_family_arm_cc26xx_TimestampProvider_Module__state__V
  200001f0    200001f0    00000008   00000000    rw- .data:xdc_runtime_Startup_Module__state__V
  200001f8    200001f8    00000008   00000000    rw- .data:xdc_runtime_System_Module__state__V
  20000200    20000200    00000004   00000000    rw- .data:xdc_runtime_Memory_Module__state__V
  20000208    20000208    000016ea   00000000    rw- .bss
  200018f8    200018f8    00001502   00000000    rw- .data
20003fe4    20003fe4    00000400   00000000    rw-
  20003fe4    20003fe4    00000400   00000000    rw- .stack


SECTION ALLOCATION MAP

 output                                  attributes/
section   page    origin      length       input sections
--------  ----  ----------  ----------   ----------------
.resetVecs 
*          0    00000000    0000003c     
                  00000000    0000003c     appBLE_UartLog_pem3.oem3 (.resetVecs)

.text.1    0    0000003c    000000c4     
                  0000003c    000000b4     Accel_Service.obj (.text:AccelService_RegisterAppCBs)
                  000000f0    00000010     devinfoservice.obj (.text:DevInfo_SetParameter)

.const:ti_sysbios_knl_Task_Object__PARAMS__C 
*          0    00000100    0000003c     
                  00000100    0000003c     appBLE_UartLog_pem3.oem3 (.const:ti_sysbios_knl_Task_Object__PARAMS__C)

.const:ti_sysbios_knl_Mailbox_Object__PARAMS__C 
*          0    0000013c    00000034     
                  0000013c    00000034     appBLE_UartLog_pem3.oem3 (.const:ti_sysbios_knl_Mailbox_Object__PARAMS__C)

.const:ti_sysbios_family_arm_m3_Hwi_Object__PARAMS__C 
*          0    00000170    00000030     
                  00000170    00000030     appBLE_UartLog_pem3.oem3 (.const:ti_sysbios_family_arm_m3_Hwi_Object__PARAMS__C)

.const:ti_sysbios_hal_Hwi_Object__PARAMS__C 
*          0    000001a0    0000002c     
                  000001a0    0000002c     appBLE_UartLog_pem3.oem3 (.const:ti_sysbios_hal_Hwi_Object__PARAMS__C)

.const:ti_sysbios_heaps_HeapMem_Module__FXNS__C 
*          0    000001cc    00000028     
                  000001cc    00000028     appBLE_UartLog_pem3.oem3 (.const:ti_sysbios_heaps_HeapMem_Module__FXNS__C)

.const:ti_sysbios_knl_Swi_Object__PARAMS__C 
*          0    000001f4    00000028     
                  000001f4    00000028     appBLE_UartLog_pem3.oem3 (.const:ti_sysbios_knl_Swi_Object__PARAMS__C)

.const:ti_sysbios_gates_GateHwi_Module__FXNS__C 
*          0    0000021c    00000024     
                  0000021c    00000024     appBLE_UartLog_pem3.oem3 (.const:ti_sysbios_gates_GateHwi_Module__FXNS__C)

.const:ti_sysbios_gates_GateMutex_Module__FXNS__C 
*          0    00000240    00000024     
                  00000240    00000024     appBLE_UartLog_pem3.oem3 (.const:ti_sysbios_gates_GateMutex_Module__FXNS__C)

.const:ti_sysbios_heaps_HeapMem_Object__PARAMS__C 
*          0    00000264    00000024     
                  00000264    00000024     appBLE_UartLog_pem3.oem3 (.const:ti_sysbios_heaps_HeapMem_Object__PARAMS__C)

.const:ti_sysbios_knl_Clock_Object__PARAMS__C 
*          0    00000288    00000024     
                  00000288    00000024     appBLE_UartLog_pem3.oem3 (.const:ti_sysbios_knl_Clock_Object__PARAMS__C)

.const:ti_sysbios_knl_Semaphore_Object__PARAMS__C 
*          0    000002ac    00000024     
                  000002ac    00000024     appBLE_UartLog_pem3.oem3 (.const:ti_sysbios_knl_Semaphore_Object__PARAMS__C)

.const:ti_sysbios_family_arm_m3_Hwi_Object__DESC__C 
*          0    000002d0    00000020     
                  000002d0    00000020     appBLE_UartLog_pem3.oem3 (.const:ti_sysbios_family_arm_m3_Hwi_Object__DESC__C)

.const:ti_sysbios_gates_GateHwi_Object__DESC__C 
*          0    000002f0    00000020     
                  000002f0    00000020     appBLE_UartLog_pem3.oem3 (.const:ti_sysbios_gates_GateHwi_Object__DESC__C)

.const:ti_sysbios_gates_GateMutex_Object__DESC__C 
*          0    00000310    00000020     
                  00000310    00000020     appBLE_UartLog_pem3.oem3 (.const:ti_sysbios_gates_GateMutex_Object__DESC__C)

.const:ti_sysbios_hal_Hwi_Object__DESC__C 
*          0    00000330    00000020     
                  00000330    00000020     appBLE_UartLog_pem3.oem3 (.const:ti_sysbios_hal_Hwi_Object__DESC__C)

.const:ti_sysbios_heaps_HeapMem_Object__DESC__C 
*          0    00000350    00000020     
                  00000350    00000020     appBLE_UartLog_pem3.oem3 (.const:ti_sysbios_heaps_HeapMem_Object__DESC__C)

.const:ti_sysbios_knl_Clock_Object__DESC__C 
*          0    00000370    00000020     
                  00000370    00000020     appBLE_UartLog_pem3.oem3 (.const:ti_sysbios_knl_Clock_Object__DESC__C)

.const:ti_sysbios_knl_Mailbox_Object__DESC__C 
*          0    00000390    00000020     
                  00000390    00000020     appBLE_UartLog_pem3.oem3 (.const:ti_sysbios_knl_Mailbox_Object__DESC__C)

.const:ti_sysbios_knl_Queue_Object__DESC__C 
*          0    000003b0    00000020     
                  000003b0    00000020     appBLE_UartLog_pem3.oem3 (.const:ti_sysbios_knl_Queue_Object__DESC__C)

.const:ti_sysbios_knl_Semaphore_Object__DESC__C 
*          0    000003d0    00000020     
                  000003d0    00000020     appBLE_UartLog_pem3.oem3 (.const:ti_sysbios_knl_Semaphore_Object__DESC__C)

.const:ti_sysbios_knl_Swi_Object__DESC__C 
*          0    000003f0    00000020     
                  000003f0    00000020     appBLE_UartLog_pem3.oem3 (.const:ti_sysbios_knl_Swi_Object__DESC__C)

.const:ti_sysbios_knl_Task_Object__DESC__C 
*          0    00000410    00000020     
                  00000410    00000020     appBLE_UartLog_pem3.oem3 (.const:ti_sysbios_knl_Task_Object__DESC__C)

.const:ti_sysbios_gates_GateHwi_Object__PARAMS__C 
*          0    00000430    00000018     
                  00000430    00000018     appBLE_UartLog_pem3.oem3 (.const:ti_sysbios_gates_GateHwi_Object__PARAMS__C)

.const:ti_sysbios_gates_GateMutex_Object__PARAMS__C 
*          0    00000448    00000018     
                  00000448    00000018     appBLE_UartLog_pem3.oem3 (.const:ti_sysbios_gates_GateMutex_Object__PARAMS__C)

.const:ti_sysbios_knl_Queue_Object__PARAMS__C 
*          0    00000460    00000018     
                  00000460    00000018     appBLE_UartLog_pem3.oem3 (.const:ti_sysbios_knl_Queue_Object__PARAMS__C)

.const:ti_sysbios_knl_Idle_funcList__C 
*          0    00000478    00000008     
                  00000478    00000008     appBLE_UartLog_pem3.oem3 (.const:ti_sysbios_knl_Idle_funcList__C)

.text.2    0    00000480    00000004     
                  00000480    00000004     ICallBleAPI.obj (.text:GATTServApp_AddService)

.const:ti_sysbios_family_arm_cc26xx_Timer_startupNeeded__C 
*          0    00000484    00000004     
                  00000484    00000004     appBLE_UartLog_pem3.oem3 (.const:ti_sysbios_family_arm_cc26xx_Timer_startupNeeded__C)

.const:ti_sysbios_family_arm_m3_Hwi_E_alreadyDefined__C 
*          0    00000488    00000004     
                  00000488    00000004     appBLE_UartLog_pem3.oem3 (.const:ti_sysbios_family_arm_m3_Hwi_E_alreadyDefined__C)

.const:ti_sysbios_family_arm_m3_Hwi_E_hwiLimitExceeded__C 
*          0    0000048c    00000004     
                  0000048c    00000004     appBLE_UartLog_pem3.oem3 (.const:ti_sysbios_family_arm_m3_Hwi_E_hwiLimitExceeded__C)

.const:ti_sysbios_family_arm_m3_Hwi_NUM_INTERRUPTS__C 
*          0    00000490    00000004     
                  00000490    00000004     appBLE_UartLog_pem3.oem3 (.const:ti_sysbios_family_arm_m3_Hwi_NUM_INTERRUPTS__C)

.const:ti_sysbios_family_arm_m3_Hwi_Object__count__C 
*          0    00000494    00000004     
                  00000494    00000004     appBLE_UartLog_pem3.oem3 (.const:ti_sysbios_family_arm_m3_Hwi_Object__count__C)

.const:ti_sysbios_family_arm_m3_Hwi_Object__table__C 
*          0    00000498    00000004     
                  00000498    00000004     appBLE_UartLog_pem3.oem3 (.const:ti_sysbios_family_arm_m3_Hwi_Object__table__C)

.const:ti_sysbios_family_arm_m3_Hwi_ccr__C 
*          0    0000049c    00000004     
                  0000049c    00000004     appBLE_UartLog_pem3.oem3 (.const:ti_sysbios_family_arm_m3_Hwi_ccr__C)

.const:ti_sysbios_family_arm_m3_Hwi_excHandlerFunc__C 
*          0    000004a0    00000004     
                  000004a0    00000004     appBLE_UartLog_pem3.oem3 (.const:ti_sysbios_family_arm_m3_Hwi_excHandlerFunc__C)

.const:ti_sysbios_family_arm_m3_Hwi_nullIsrFunc__C 
*          0    000004a4    00000004     
                  000004a4    00000004     appBLE_UartLog_pem3.oem3 (.const:ti_sysbios_family_arm_m3_Hwi_nullIsrFunc__C)

.const:ti_sysbios_family_arm_m3_Hwi_numSparseInterrupts__C 
*          0    000004a8    00000004     
                  000004a8    00000004     appBLE_UartLog_pem3.oem3 (.const:ti_sysbios_family_arm_m3_Hwi_numSparseInterrupts__C)

.const:ti_sysbios_family_arm_m3_Hwi_priGroup__C 
*          0    000004ac    00000004     
                  000004ac    00000004     appBLE_UartLog_pem3.oem3 (.const:ti_sysbios_family_arm_m3_Hwi_priGroup__C)

.const:ti_sysbios_family_arm_m3_TaskSupport_stackAlignment__C 
*          0    000004b0    00000004     
                  000004b0    00000004     appBLE_UartLog_pem3.oem3 (.const:ti_sysbios_family_arm_m3_TaskSupport_stackAlignment__C)

.const:ti_sysbios_heaps_HeapMem_E_memory__C 
*          0    000004b4    00000004     
                  000004b4    00000004     appBLE_UartLog_pem3.oem3 (.const:ti_sysbios_heaps_HeapMem_E_memory__C)

.const:ti_sysbios_heaps_HeapMem_Module__gateObj__C 
*          0    000004b8    00000004     
                  000004b8    00000004     appBLE_UartLog_pem3.oem3 (.const:ti_sysbios_heaps_HeapMem_Module__gateObj__C)

.const:ti_sysbios_heaps_HeapMem_Object__count__C 
*          0    000004bc    00000004     
                  000004bc    00000004     appBLE_UartLog_pem3.oem3 (.const:ti_sysbios_heaps_HeapMem_Object__count__C)

.const:ti_sysbios_heaps_HeapMem_Object__table__C 
*          0    000004c0    00000004     
                  000004c0    00000004     appBLE_UartLog_pem3.oem3 (.const:ti_sysbios_heaps_HeapMem_Object__table__C)

.const:ti_sysbios_heaps_HeapMem_reqAlign__C 
*          0    000004c4    00000004     
                  000004c4    00000004     appBLE_UartLog_pem3.oem3 (.const:ti_sysbios_heaps_HeapMem_reqAlign__C)

.const:ti_sysbios_knl_Clock_serviceMargin__C 
*          0    000004c8    00000004     
                  000004c8    00000004     appBLE_UartLog_pem3.oem3 (.const:ti_sysbios_knl_Clock_serviceMargin__C)

.const:ti_sysbios_knl_Mailbox_Object__count__C 
*          0    000004cc    00000004     
                  000004cc    00000004     appBLE_UartLog_pem3.oem3 (.const:ti_sysbios_knl_Mailbox_Object__count__C)

.const:ti_sysbios_knl_Mailbox_Object__table__C 
*          0    000004d0    00000004     
                  000004d0    00000004     appBLE_UartLog_pem3.oem3 (.const:ti_sysbios_knl_Mailbox_Object__table__C)

.const:ti_sysbios_knl_Queue_Object__count__C 
*          0    000004d4    00000004     
                  000004d4    00000004     appBLE_UartLog_pem3.oem3 (.const:ti_sysbios_knl_Queue_Object__count__C)

.const:ti_sysbios_knl_Queue_Object__table__C 
*          0    000004d8    00000004     
                  000004d8    00000004     appBLE_UartLog_pem3.oem3 (.const:ti_sysbios_knl_Queue_Object__table__C)

.const:ti_sysbios_knl_Swi_Object__count__C 
*          0    000004dc    00000004     
                  000004dc    00000004     appBLE_UartLog_pem3.oem3 (.const:ti_sysbios_knl_Swi_Object__count__C)

.const:ti_sysbios_knl_Swi_Object__table__C 
*          0    000004e0    00000004     
                  000004e0    00000004     appBLE_UartLog_pem3.oem3 (.const:ti_sysbios_knl_Swi_Object__table__C)

.const:ti_sysbios_knl_Swi_numPriorities__C 
*          0    000004e4    00000004     
                  000004e4    00000004     appBLE_UartLog_pem3.oem3 (.const:ti_sysbios_knl_Swi_numPriorities__C)

.const:ti_sysbios_knl_Task_Object__count__C 
*          0    000004e8    00000004     
                  000004e8    00000004     appBLE_UartLog_pem3.oem3 (.const:ti_sysbios_knl_Task_Object__count__C)

.const:ti_sysbios_knl_Task_Object__table__C 
*          0    000004ec    00000004     
                  000004ec    00000004     appBLE_UartLog_pem3.oem3 (.const:ti_sysbios_knl_Task_Object__table__C)

.const:ti_sysbios_knl_Task_allBlockedFunc__C 
*          0    000004f0    00000004     
                  000004f0    00000004     appBLE_UartLog_pem3.oem3 (.const:ti_sysbios_knl_Task_allBlockedFunc__C)

.const:ti_sysbios_knl_Task_defaultStackHeap__C 
*          0    000004f4    00000004     
                  000004f4    00000004     appBLE_UartLog_pem3.oem3 (.const:ti_sysbios_knl_Task_defaultStackHeap__C)

.const:ti_sysbios_knl_Task_defaultStackSize__C 
*          0    000004f8    00000004     
                  000004f8    00000004     appBLE_UartLog_pem3.oem3 (.const:ti_sysbios_knl_Task_defaultStackSize__C)

.const:ti_sysbios_knl_Task_numConstructedTasks__C 
*          0    000004fc    00000004     
                  000004fc    00000004     appBLE_UartLog_pem3.oem3 (.const:ti_sysbios_knl_Task_numConstructedTasks__C)

.text.3    0    00000500    00000002     
                  00000500    00000002     rtsv7M3_T_le_eabi.lib : i_div0.obj (.text)

.const:ti_sysbios_family_arm_cc26xx_Timer_Module__id__C 
*          0    00000502    00000002     
                  00000502    00000002     appBLE_UartLog_pem3.oem3 (.const:ti_sysbios_family_arm_cc26xx_Timer_Module__id__C)

.const:ti_sysbios_family_arm_cc26xx_TimestampProvider_useClockTimer__C 
*          0    00000504    00000002     
                  00000504    00000002     appBLE_UartLog_pem3.oem3 (.const:ti_sysbios_family_arm_cc26xx_TimestampProvider_useClockTimer__C)

.const:ti_sysbios_family_arm_m3_Hwi_Module__id__C 
*          0    00000506    00000002     
                  00000506    00000002     appBLE_UartLog_pem3.oem3 (.const:ti_sysbios_family_arm_m3_Hwi_Module__id__C)

.const:ti_sysbios_gates_GateHwi_Module__id__C 
*          0    00000508    00000002     
                  00000508    00000002     appBLE_UartLog_pem3.oem3 (.const:ti_sysbios_gates_GateHwi_Module__id__C)

.const:ti_sysbios_gates_GateMutex_Module__id__C 
*          0    0000050a    00000002     
                  0000050a    00000002     appBLE_UartLog_pem3.oem3 (.const:ti_sysbios_gates_GateMutex_Module__id__C)

.const:ti_sysbios_heaps_HeapMem_Module__id__C 
*          0    0000050c    00000002     
                  0000050c    00000002     appBLE_UartLog_pem3.oem3 (.const:ti_sysbios_heaps_HeapMem_Module__id__C)

.const:ti_sysbios_knl_Task_initStackFlag__C 
*          0    0000050e    00000002     
                  0000050e    00000002     appBLE_UartLog_pem3.oem3 (.const:ti_sysbios_knl_Task_initStackFlag__C)

.const:ti_sysbios_knl_Clock_tickMode__C 
*          0    00000510    00000001     
                  00000510    00000001     appBLE_UartLog_pem3.oem3 (.const:ti_sysbios_knl_Clock_tickMode__C)

.const:xdc_runtime_Startup_firstFxns__C 
*          0    00000514    00000008     
                  00000514    00000008     appBLE_UartLog_pem3.oem3 (.const:xdc_runtime_Startup_firstFxns__C)

.const:xdc_runtime_Startup_lastFxns__C 
*          0    0000051c    00000008     
                  0000051c    00000008     appBLE_UartLog_pem3.oem3 (.const:xdc_runtime_Startup_lastFxns__C)

.const:xdc_runtime_Assert_E_assertFailed__C 
*          0    00000524    00000004     
                  00000524    00000004     appBLE_UartLog_pem3.oem3 (.const:xdc_runtime_Assert_E_assertFailed__C)

.const:xdc_runtime_Error_E_memory__C 
*          0    00000528    00000004     
                  00000528    00000004     appBLE_UartLog_pem3.oem3 (.const:xdc_runtime_Error_E_memory__C)

.const:xdc_runtime_Error_policyFxn__C 
*          0    0000052c    00000004     
                  0000052c    00000004     appBLE_UartLog_pem3.oem3 (.const:xdc_runtime_Error_policyFxn__C)

.const:xdc_runtime_IGateProvider_Interface__BASE__C 
*          0    00000530    00000004     
                  00000530    00000004     appBLE_UartLog_pem3.oem3 (.const:xdc_runtime_IGateProvider_Interface__BASE__C)

.const:xdc_runtime_IHeap_Interface__BASE__C 
*          0    00000534    00000004     
                  00000534    00000004     appBLE_UartLog_pem3.oem3 (.const:xdc_runtime_IHeap_Interface__BASE__C)

.const:xdc_runtime_IModule_Interface__BASE__C 
*          0    00000538    00000004     
                  00000538    00000004     appBLE_UartLog_pem3.oem3 (.const:xdc_runtime_IModule_Interface__BASE__C)

.const:xdc_runtime_Main_Module__diagsEnabled__C 
*          0    0000053c    00000004     
                  0000053c    00000004     appBLE_UartLog_pem3.oem3 (.const:xdc_runtime_Main_Module__diagsEnabled__C)

.const:xdc_runtime_Main_Module__diagsIncluded__C 
*          0    00000540    00000004     
                  00000540    00000004     appBLE_UartLog_pem3.oem3 (.const:xdc_runtime_Main_Module__diagsIncluded__C)

.const:xdc_runtime_Main_Module__diagsMask__C 
*          0    00000544    00000004     
                  00000544    00000004     appBLE_UartLog_pem3.oem3 (.const:xdc_runtime_Main_Module__diagsMask__C)

.const:xdc_runtime_Memory_defaultHeapInstance__C 
*          0    00000548    00000004     
                  00000548    00000004     appBLE_UartLog_pem3.oem3 (.const:xdc_runtime_Memory_defaultHeapInstance__C)

.const:xdc_runtime_Startup_execImpl__C 
*          0    0000054c    00000004     
                  0000054c    00000004     appBLE_UartLog_pem3.oem3 (.const:xdc_runtime_Startup_execImpl__C)

.const:xdc_runtime_Startup_maxPasses__C 
*          0    00000550    00000004     
                  00000550    00000004     appBLE_UartLog_pem3.oem3 (.const:xdc_runtime_Startup_maxPasses__C)

.const:xdc_runtime_Startup_sfxnRts__C 
*          0    00000554    00000004     
                  00000554    00000004     appBLE_UartLog_pem3.oem3 (.const:xdc_runtime_Startup_sfxnRts__C)

.const:xdc_runtime_Startup_sfxnTab__C 
*          0    00000558    00000004     
                  00000558    00000004     appBLE_UartLog_pem3.oem3 (.const:xdc_runtime_Startup_sfxnTab__C)

.const:xdc_runtime_Startup_startModsFxn__C 
*          0    0000055c    00000004     
                  0000055c    00000004     appBLE_UartLog_pem3.oem3 (.const:xdc_runtime_Startup_startModsFxn__C)

.const:xdc_runtime_SysCallback_abortFxn__C 
*          0    00000560    00000004     
                  00000560    00000004     appBLE_UartLog_pem3.oem3 (.const:xdc_runtime_SysCallback_abortFxn__C)

.const:xdc_runtime_SysCallback_exitFxn__C 
*          0    00000564    00000004     
                  00000564    00000004     appBLE_UartLog_pem3.oem3 (.const:xdc_runtime_SysCallback_exitFxn__C)

.const:xdc_runtime_System_abortFxn__C 
*          0    00000568    00000004     
                  00000568    00000004     appBLE_UartLog_pem3.oem3 (.const:xdc_runtime_System_abortFxn__C)

.const:xdc_runtime_System_exitFxn__C 
*          0    0000056c    00000004     
                  0000056c    00000004     appBLE_UartLog_pem3.oem3 (.const:xdc_runtime_System_exitFxn__C)

.const:xdc_runtime_System_maxAtexitHandlers__C 
*          0    00000570    00000004     
                  00000570    00000004     appBLE_UartLog_pem3.oem3 (.const:xdc_runtime_System_maxAtexitHandlers__C)

.const:xdc_runtime_Text_charTab__C 
*          0    00000574    00000004     
                  00000574    00000004     appBLE_UartLog_pem3.oem3 (.const:xdc_runtime_Text_charTab__C)

.const:xdc_runtime_Text_nameEmpty__C 
*          0    00000578    00000004     
                  00000578    00000004     appBLE_UartLog_pem3.oem3 (.const:xdc_runtime_Text_nameEmpty__C)

.const:xdc_runtime_Text_nameStatic__C 
*          0    0000057c    00000004     
                  0000057c    00000004     appBLE_UartLog_pem3.oem3 (.const:xdc_runtime_Text_nameStatic__C)

.const:xdc_runtime_Text_nameUnknown__C 
*          0    00000580    00000004     
                  00000580    00000004     appBLE_UartLog_pem3.oem3 (.const:xdc_runtime_Text_nameUnknown__C)

.const:xdc_runtime_Main_Module__id__C 
*          0    00000584    00000002     
                  00000584    00000002     appBLE_UartLog_pem3.oem3 (.const:xdc_runtime_Main_Module__id__C)

.const:xdc_runtime_Memory_Module__id__C 
*          0    00000586    00000002     
                  00000586    00000002     appBLE_UartLog_pem3.oem3 (.const:xdc_runtime_Memory_Module__id__C)

.const:xdc_runtime_Text_charCnt__C 
*          0    00000588    00000002     
                  00000588    00000002     appBLE_UartLog_pem3.oem3 (.const:xdc_runtime_Text_charCnt__C)

.const:xdc_runtime_Text_isLoaded__C 
*          0    0000058a    00000002     
                  0000058a    00000002     appBLE_UartLog_pem3.oem3 (.const:xdc_runtime_Text_isLoaded__C)

.const:xdc_runtime_Error_policy__C 
*          0    0000058c    00000001     
                  0000058c    00000001     appBLE_UartLog_pem3.oem3 (.const:xdc_runtime_Error_policy__C)

.const:ti_sysbios_rom_ROM_AONRTCChannelEnable 
*          0    00000590    00000004     
                  00000590    00000004     appBLE_UartLog_pem3.oem3 (.const:ti_sysbios_rom_ROM_AONRTCChannelEnable)

.const:ti_sysbios_rom_ROM_AONRTCCompareValueSet 
*          0    00000594    00000004     
                  00000594    00000004     appBLE_UartLog_pem3.oem3 (.const:ti_sysbios_rom_ROM_AONRTCCompareValueSet)

.const:ti_sysbios_rom_ROM_AONRTCCurrentCompareValueGet 
*          0    00000598    00000004     
                  00000598    00000004     appBLE_UartLog_pem3.oem3 (.const:ti_sysbios_rom_ROM_AONRTCCurrentCompareValueGet)

.const:ti_sysbios_rom_ROM_AONRTCEventClear 
*          0    0000059c    00000004     
                  0000059c    00000004     appBLE_UartLog_pem3.oem3 (.const:ti_sysbios_rom_ROM_AONRTCEventClear)

.const:ti_sysbios_rom_ROM_ti_sysbios_family_arm_cc26xx_Timer_getCount64__E 
*          0    000005a0    00000004     
                  000005a0    00000004     appBLE_UartLog_pem3.oem3 (.const:ti_sysbios_rom_ROM_ti_sysbios_family_arm_cc26xx_Timer_getCount64__E)

.const:ti_sysbios_rom_ROM_ti_sysbios_family_arm_cc26xx_Timer_getCurrentTick__E 
*          0    000005a4    00000004     
                  000005a4    00000004     appBLE_UartLog_pem3.oem3 (.const:ti_sysbios_rom_ROM_ti_sysbios_family_arm_cc26xx_Timer_getCurrentTick__E)

.const:ti_sysbios_rom_ROM_ti_sysbios_family_arm_cc26xx_Timer_getMaxTicks__E 
*          0    000005a8    00000004     
                  000005a8    00000004     appBLE_UartLog_pem3.oem3 (.const:ti_sysbios_rom_ROM_ti_sysbios_family_arm_cc26xx_Timer_getMaxTicks__E)

.const:ti_sysbios_rom_ROM_ti_sysbios_family_arm_cc26xx_Timer_initDevice__I 
*          0    000005ac    00000004     
                  000005ac    00000004     appBLE_UartLog_pem3.oem3 (.const:ti_sysbios_rom_ROM_ti_sysbios_family_arm_cc26xx_Timer_initDevice__I)

.const:ti_sysbios_rom_ROM_ti_sysbios_family_arm_cc26xx_Timer_setNextTick__E 
*          0    000005b0    00000004     
                  000005b0    00000004     appBLE_UartLog_pem3.oem3 (.const:ti_sysbios_rom_ROM_ti_sysbios_family_arm_cc26xx_Timer_setNextTick__E)

.const:ti_sysbios_rom_ROM_ti_sysbios_family_arm_cc26xx_Timer_setThreshold__I 
*          0    000005b4    00000004     
                  000005b4    00000004     appBLE_UartLog_pem3.oem3 (.const:ti_sysbios_rom_ROM_ti_sysbios_family_arm_cc26xx_Timer_setThreshold__I)

.const:ti_sysbios_rom_ROM_ti_sysbios_family_arm_cc26xx_Timer_start__E 
*          0    000005b8    00000004     
                  000005b8    00000004     appBLE_UartLog_pem3.oem3 (.const:ti_sysbios_rom_ROM_ti_sysbios_family_arm_cc26xx_Timer_start__E)

.const:ti_sysbios_rom_ROM_ti_sysbios_family_arm_cc26xx_TimestampProvider_get32__E 
*          0    000005bc    00000004     
                  000005bc    00000004     appBLE_UartLog_pem3.oem3 (.const:ti_sysbios_rom_ROM_ti_sysbios_family_arm_cc26xx_TimestampProvider_get32__E)

.const:ti_sysbios_rom_ROM_xdc_runtime_Startup_getState__I 
*          0    000005c0    00000004     
                  000005c0    00000004     appBLE_UartLog_pem3.oem3 (.const:ti_sysbios_rom_ROM_xdc_runtime_Startup_getState__I)

.const:ti_sysbios_rom_ROM_xdc_runtime_System_SupportProxy_abort__E 
*          0    000005c4    00000004     
                  000005c4    00000004     appBLE_UartLog_pem3.oem3 (.const:ti_sysbios_rom_ROM_xdc_runtime_System_SupportProxy_abort__E)

.const:ti_sysbios_rom_ROM_xdc_runtime_System_SupportProxy_exit__E 
*          0    000005c8    00000004     
                  000005c8    00000004     appBLE_UartLog_pem3.oem3 (.const:ti_sysbios_rom_ROM_xdc_runtime_System_SupportProxy_exit__E)

.const:ti_sysbios_gates_GateMutex_Instance_State_sem__O 
*          0    000005cc    00000004     
                  000005cc    00000004     appBLE_UartLog_pem3.oem3 (.const:ti_sysbios_gates_GateMutex_Instance_State_sem__O)

.const:ti_sysbios_knl_Clock_Module_State_clockQ__O 
*          0    000005d0    00000004     
                  000005d0    00000004     appBLE_UartLog_pem3.oem3 (.const:ti_sysbios_knl_Clock_Module_State_clockQ__O)

.const:ti_sysbios_knl_Mailbox_Instance_State_dataQue__O 
*          0    000005d4    00000004     
                  000005d4    00000004     appBLE_UartLog_pem3.oem3 (.const:ti_sysbios_knl_Mailbox_Instance_State_dataQue__O)

.const:ti_sysbios_knl_Mailbox_Instance_State_dataSem__O 
*          0    000005d8    00000004     
                  000005d8    00000004     appBLE_UartLog_pem3.oem3 (.const:ti_sysbios_knl_Mailbox_Instance_State_dataSem__O)

.const:ti_sysbios_knl_Mailbox_Instance_State_freeQue__O 
*          0    000005dc    00000004     
                  000005dc    00000004     appBLE_UartLog_pem3.oem3 (.const:ti_sysbios_knl_Mailbox_Instance_State_freeQue__O)

.const:ti_sysbios_knl_Mailbox_Instance_State_freeSem__O 
*          0    000005e0    00000004     
                  000005e0    00000004     appBLE_UartLog_pem3.oem3 (.const:ti_sysbios_knl_Mailbox_Instance_State_freeSem__O)

.const:ti_sysbios_knl_Semaphore_Instance_State_pendQ__O 
*          0    000005e4    00000004     
                  000005e4    00000004     appBLE_UartLog_pem3.oem3 (.const:ti_sysbios_knl_Semaphore_Instance_State_pendQ__O)

.const:ti_sysbios_knl_Task_Module_State_inactiveQ__O 
*          0    000005e8    00000004     
                  000005e8    00000004     appBLE_UartLog_pem3.oem3 (.const:ti_sysbios_knl_Task_Module_State_inactiveQ__O)

.text.4    0    000005ec    00009a7c     
                  000005ec    00000444     FlexZone.obj (.text:ProjectZero_init$0)
                  00000a30    00000440     sysbios.aem3 : mangled__BIOS_lib.obj (.text:xdc_runtime_System_doPrint__I)
                  00000e70    000003ec     Accel_Service.obj (.text:Accel_Service_WriteAttrCB$5)
                  0000125c    000003ec     EMG_Service.obj (.text:EMG_Service_WriteAttrCB$6)
                  00001648    00000376     driverlib.lib : setup.obj (.text:HapiTrimDeviceShutDown$21)
                  000019be    00000002     appBLE_UartLog_pem3.oem3 (.text:ti_sysbios_BIOS_nullFunc__I)
                  000019c0    0000034c     sysbios.aem3 : mangled__BIOS_lib.obj (.text:ti_sysbios_family_arm_cc26xx_Power_auxISR__E)
                  00001d0c    00000340     Accel_Service.obj (.text:AccelService_SetParameter)
                  0000204c    00000340     EMG_Service.obj (.text:EMGService_SetParameter)
                  0000238c    000002f8     sysbios.aem3 : mangled__BIOS_lib.obj (.text:ti_sysbios_family_arm_cc26xx_Power_sleep__E)
                  00002684    000002b0     FlexZone.obj (.text:user_processGapStateChangeEvt$0)
                  00002934    00000240     FlexZone.obj (.text:ProjectZero_processGATTMsg$0)
                  00002b74    0000023c     Accel_Service.obj (.text:Accel_Service_ReadAttrCB$5)
                  00002db0    0000023c     EMG_Service.obj (.text:EMG_Service_ReadAttrCB$6)
                  00002fec    00000234     peripheral.obj (.text:GAPRole_SetParameter)
                  00003220    00000228     peripheral.obj (.text:gapRole_processGAPMsg$10)
                  00003448    000001f4     rtsv7M3_T_le_eabi.lib : ull_div_t2.obj (.text)
                  0000363c    000001c8     driverlib.lib : sys_ctrl.obj (.text:SysCtrlSetRechargeBeforePowerDown)
                  00003804    000001a4     drivers_cc26xxware.aem3 : PINCC26XX.oem3 (.text:PIN_init)
                  000039a8    0000019c     FlexZone.obj (.text:user_gapBondMgr_pairStateCB$0)
                  00003b44    00000184     FlexZone.obj (.text:user_AccelService_ValueChangeHandler$0)
                  00003cc8    00000180     FlexZone.obj (.text:user_EMGService_ValueChangeHandler$0)
                  00003e48    00000174     FlexZone.obj (.text:ProjectZero_freeAttRsp$0)
                  00003fbc    00000174     drivers_cc26xxware.aem3 : UARTCC26XX.oem3 (.text:UARTCC26XX_open)
                  00004130    00000158     uart_logs.obj (.text:uartLog_doPrint$14)
                  00004288    00000150     FlexZone.obj (.text:user_processApplicationMessage$0)
                  000043d8    00000130     sysbios.aem3 : mangled__BIOS_lib.obj (.text:xdc_runtime_Text_putSite__E)
                  00004508    00000128     FlexZone.obj (.text:user_handleButtonPress$0)
                  00004630    00000124     peripheral.obj (.text:GAPRole_GetParameter)
                  00004754    00000118     FlexZone.obj (.text:user_AccelService_CfgChangeHandler$0)
                  0000486c    00000118     FlexZone.obj (.text:user_EMGService_CfgChangeHandler$0)
                  00004984    00000104     sysbios.aem3 : mangled__BIOS_lib.obj (.text:calibrateRcoscHf1$28)
                  00004a88    00000100     drivers_cc26xxware.aem3 : UARTCC26XX.oem3 (.text:UARTCC26XX_write)
                  00004b88    000000fc     rtsv7M3_T_le_eabi.lib : fd_mul_t2.obj (.text)
                  00004c84    000000fc     sysbios.aem3 : mangled__BIOS_lib.obj (.text:xdc_runtime_Text_putLab__E)
                  00004d80    000000f8                  : mangled__BIOS_lib.obj (.text:ti_sysbios_family_arm_cc26xx_Power_startFirstMeasurement__E)
                  00004e78    000000f8     appBLE_UartLog_pem3.oem3 (.text:xdc_runtime_System_printfExtend__I)
                  00004f70    000000f4     FlexZone.obj (.text:ProjectZero_sendAttRsp$0)
                  00005064    000000f4     peripheral.obj (.text:gapRole_taskFxn$10)
                  00005158    000000f2     driverlib.lib : setup.obj (.text:GetTrimForAnabypassValue1$21)
                  0000524a    00000002     sysbios.aem3 : mangled__BIOS_lib.obj (.text:ti_sysbios_family_arm_cc26xx_Power_defaultClockFunc__E)
                  0000524c    000000f0                  : mangled__BIOS_lib.obj (.text:ti_sysbios_family_arm_cc26xx_Power_standbyPolicy__E)
                  0000533c    000000f0     FlexZone.obj (.text:user_service_ValueChangeCB$0)
                  0000542c    000000ec     ICall.obj (.text:ICall_primWaitMatch$1)
                  00005518    000000ec     FlexZone.obj (.text:user_service_CfgChangeCB$0)
                  00005604    000000e8     drivers_cc26xxware.aem3 : UARTCC26XX.oem3 (.text:UARTCC26XX_hwiIntFxn)
                  000056ec    000000d8     sysbios.aem3 : mangled__BIOS_lib.obj (.text:ti_sysbios_family_arm_cc26xx_Power_setDependency__E)
                  000057c4    000000d4     FlexZone.obj (.text:buttonCallbackFxn$0)
                  00005898    000000d0     sysbios.aem3 : mangled__BIOS_lib.obj (.text:ti_sysbios_family_arm_cc26xx_Power_releaseDependency__E)
                  00005968    000000cc     EMG_Service.obj (.text:EMGService_AddService)
                  00005a34    000000c8     Accel_Service.obj (.text:AccelService_AddService)
                  00005afc    000000c8     drivers_cc26xxware.aem3 : UARTCC26XX.oem3 (.text:UARTCC26XX_initHw)
                  00005bc4    000000c0                             : UARTCC26XX.oem3 (.text:UARTCC26XX_read)
                  00005c84    000000b8                             : PINCC26XX.oem3 (.text:PINCC26XX_setIoCfg)
                  00005d3c    000000b4     EMG_Service.obj (.text:EMGService_RegisterAppCBs)
                  00005df0    000000b4     FlexZone.obj (.text:ProjectZero_processStackMsg$0)
                  00005ea4    000000b4     driverlib.lib : setup.obj (.text:trimDevice)
                  00005f58    000000b4     FlexZone.obj (.text:user_gapStateChangeCB$0)
                  0000600c    000000b0     devinfoservice.obj (.text:devInfo_ReadAttrCB$7)
                  000060bc    000000b0     sysbios.aem3 : mangled__BIOS_lib.obj (.text:ti_sysbios_knl_Clock_workFuncDynamic__E)
                  0000616c    000000a4                  : mangled__BIOS_lib.obj (.text:ti_sysbios_family_arm_cc26xx_Power_initiateCalibration__E)
                  00006210    000000a0     auto_init.aem3 : auto_init.oem3 (.text)
                  000062b0    0000009c     rtsv7M3_T_le_eabi.lib : memcpy_t2.obj (.text)
                  0000634c    00000098     drivers_cc26xxware.aem3 : UARTCC26XX.oem3 (.text:UARTCC26XX_initIO)
                  000063e4    00000094     driverlib.lib : osc.obj (.text:OSCHF_GetStartupTime)
                  00006478    00000094     drivers_cc26xxware.aem3 : UARTCC26XX.oem3 (.text:writeFinishedDoCallback)
                  0000650c    00000090     driverlib.lib : setup.obj (.text:GetTrimForAmpcompCtrl$21)
                  0000659c    00000090     drivers_cc26xxware.aem3 : PINCC26XX.oem3 (.text:PIN_open)
                  0000662c    00000090     peripheral.obj (.text:gapRole_init$10)
                  000066bc    0000008c     gattservapp_util.obj (.text:GATTServApp_ProcessCharCfg)
                  00006748    0000008c     drivers_cc26xxware.aem3 : UARTCC26XX.oem3 (.text:UARTCC26XX_writeCancel)
                  000067d4    0000008c     sysbios.aem3 : mangled__BIOS_lib.obj (.text:ti_sysbios_family_arm_cc26xx_Power_LF_clockFunc__E)
                  00006860    0000008c                  : mangled__BIOS_lib.obj (.text:ti_sysbios_family_arm_cc26xx_Power_Module_startup__E)
                  000068ec    00000088                  : mangled__BIOS_lib.obj (.text:ti_sysbios_family_arm_cc26xx_Timer_start__E)
                  00006974    00000084     ICall.obj (.text:ICall_heapMalloc)
                  000069f8    00000084     ICall.obj (.text:ICall_primSetTimer$1)
                  00006a7c    00000080     FlexZone.obj (.text:ProjectZero_taskFxn$0)
                  00006afc    00000080     uart_logs.obj (.text:uartLog_outputFxn)
                  00006b7c    00000080     drivers_cc26xxware.aem3 : UARTCC26XX.oem3 (.text:writeTxFifoFlush)
                  00006bfc    0000007a     rtsv7M3_T_le_eabi.lib : memset_t2.obj (.text)
                  00006c76    00000002     sysbios.aem3 : mangled__BIOS_lib.obj (.text:ti_sysbios_family_arm_cc26xx_Power_defaultNotifyTrapFunc__E)
                  00006c78    00000074     ICall.obj (.text:ICall_primSend$1)
                  00006cec    00000074     drivers_cc26xxware.aem3 : UARTCC26XX.oem3 (.text:UARTCC26XX_close)
                  00006d60    00000072     driverlib.lib : chipinfo.obj (.text:ChipInfo_GetHwRevision)
                  00006dd2    00000002     appBLE_UartLog_pem3.oem3 (.text:ti_sysbios_rom_cortexm_cc26xx_CC26xx_badRomRevision__E)
                  00006dd4    00000070     drivers_cc26xxware.aem3 : UARTCC26XX.oem3 (.text:UARTCC26XX_readCancel)
                  00006e44    00000070     gattservapp_util.obj (.text:gattServApp_SendNotiInd$9)
                  00006eb4    0000006c     ICallCC2650.obj (.text:ICallPlatform_pwrUpdActivityCounter)
                  00006f20    0000006c     ICall.obj (.text:ICall_createRemoteTasks)
                  00006f8c    0000006c     driverlib.lib : sys_ctrl.obj (.text:SysCtrl_DCDC_VoltageConditionalControl)
                  00006ff8    0000006c     FlexZone.obj (.text:buttonDebounceSwiFxn$0)
                  00007064    0000006c     peripheral.obj (.text:gapRole_startConnUpdate$10)
                  000070d0    0000006a     rtsv7M3_T_le_eabi.lib : copy_decompress_rle.obj (.text)
                  0000713a    00000002     sysbios.aem3 : mangled__BIOS_lib.obj (.text:xdc_runtime_SysCallback_defaultAbort)
                  0000713c    00000068     uart_logs.obj (.text:uartLog_flush)
                  000071a4    00000064     driverlib.lib : osc.obj (.text:OSCHF_AttemptToSwitchToXosc)
                  00007208    00000062                   : sys_ctrl.obj (.text:SysCtrlAdjustRechargeAfterPowerDown)
                  0000726a    00000002     sysbios.aem3 : mangled__BIOS_lib.obj (.text:xdc_runtime_SysCallback_defaultExit)
                  0000726c    00000060     appBLE_UartLog_pem3.oem3 (.text:ti_sysbios_family_arm_cc26xx_Power_XOSC_HF_clockFunc__E)
                  000072cc    00000060     sysbios.aem3 : mangled__BIOS_lib.obj (.text:ti_sysbios_family_arm_cc26xx_Timer_setNextTick__E)
                  0000732c    0000005c     drivers_cc26xxware.aem3 : PINCC26XX.oem3 (.text:PIN_remove)
                  00007388    0000005c     appBLE_UartLog_pem3.oem3 (.text:xdc_runtime_Startup_getState__I)
                  000073e4    0000005a     driverlib.lib : ddi.obj (.text:NOROM_DDI16BitfieldWrite)
                  0000743e    00000002     sysbios.aem3 : mangled__BIOS_lib.obj (.text:xdc_runtime_SysCallback_defaultPutch)
                  00007440    00000058     ICall.obj (.text:ICall_primEnroll$1)
                  00007498    00000058     sysbios.aem3 : mangled__BIOS_lib.obj (.text:ti_sysbios_family_arm_cc26xx_Power_notify__I)
                  000074f0    00000054     ICall.obj (.text:ICall_primThreadServes$1)
                  00007544    00000054     rtsv7M3_T_le_eabi.lib : exit.obj (.text)
                  00007598    00000054     FlexZone.obj (.text:user_enqueueCharDataMsg$0)
                  000075ec    00000054     sysbios.aem3 : mangled__BIOS_lib.obj (.text:xdc_runtime_Text_visitRope2__I)
                  00007640    00000052     ICall.obj (.text:ICall_primWait$1)
                  00007692    00000052     driverlib.lib : osc.obj (.text:NOROM_OSCClockSourceSet)
                  000076e4    00000050     ICallBleAPI.obj (.text:GAP_DeviceInit)
                  00007734    00000050     ICallBleAPI.obj (.text:GAP_UpdateAdvertisingData)
                  00007784    00000050     ICall.obj (.text:ICall_primGetEntityId$1)
                  000077d4    00000050     ICall.obj (.text:ICall_primRegisterApp$1)
                  00007824    00000050     util.obj (.text:Util_convertBdAddr2Str)
                  00007874    00000050     drivers_cc26xxware.aem3 : UARTCC26XX.oem3 (.text:startTxFifoEmptyClk)
                  000078c4    0000004c     Accel_Service.obj (.text:Accel_Service_findCharParamId$5)
                  00007910    0000004c     EMG_Service.obj (.text:EMG_Service_findCharParamId$6)
                  0000795c    0000004c     peripheral.obj (.text:GAPRole_SendUpdateParam)
                  000079a8    0000004c     ICall.obj (.text:ICall_newTask$1)
                  000079f4    0000004c     drivers_cc26xxware.aem3 : PINCC26XX.oem3 (.text:PIN_Isr)
                  00007a40    0000004c     peripheral.obj (.text:gapRole_processStackMsg$10)
                  00007a8c    0000004c     drivers_cc26xxware.aem3 : UARTCC26XX.oem3 (.text:readFinishedDoCallback)
                  00007ad8    0000004c     rtsv7M3_T_le_eabi.lib : cpy_tbl.obj (.text)
                  00007b24    0000004c     sysbios.aem3 : mangled__BIOS_lib.obj (.text:xdc_runtime_Text_xprintf__I)
                  00007b70    0000004a     gattservapp_util.obj (.text:GATTServApp_ProcessCCCWriteReq)
                  00007bba    00000002     --HOLE-- [fill = 0]
                  00007bbc    00000048     drivers_cc26xxware.aem3 : PINCC26XX.oem3 (.text:PIN_setOutputEnable)
                  00007c04    00000048     FlexZone.obj (.text:Util_getLocalNameStr$0)
                  00007c4c    00000048     ICallBleAPI.obj (.text:gattIndNoti$3)
                  00007c94    00000048     rtsv7M3_T_le_eabi.lib : fd_toi_t2.obj (.text)
                  00007cdc    00000048     sysbios.aem3 : mangled__BIOS_lib.obj (.text:xdc_runtime_LoggerCallback_write8__E)
                  00007d24    00000046     driverlib.lib : ddi.obj (.text:NOROM_DDI16BitfieldRead)
                  00007d6a    00000002     --HOLE-- [fill = 0]
                  00007d6c    00000044     ICallBleAPI.obj (.text:GAP_TerminateLinkReq)
                  00007db0    00000044     boot.aem3 : boot.oem3 (.text)
                  00007df4    00000044     ICallBleAPI.obj (.text:gapSendParamAndPtrCmd$3)
                  00007e38    00000044     sysbios.aem3 : mangled__BIOS_lib.obj (.text:ti_sysbios_family_arm_cc26xx_Timer_initDevice__I)
                  00007e7c    00000044     FlexZone.obj (.text:user_enqueueRawAppMsg$0)
                  00007ec0    00000044     sysbios.aem3 : mangled__BIOS_lib.obj (.text:xdc_runtime_LoggerCallback_Module_startup__E)
                  00007f04    00000042     ICall.obj (.text:ICall_primCreateSemaphore$1)
                  00007f46    00000042     ICall.obj (.text:ICall_primCreateTask$1)
                  00007f88    00000040     peripheral.obj (.text:GAPRole_createTask)
                  00007fc8    00000040     ICallBleAPI.obj (.text:GATT_SendRsp)
                  00008008    00000040     driverlib.lib : osc.obj (.text:NOROM_OSCInterfaceEnable)
                  00008048    00000040     FlexZone.obj (.text:ProjectZero_createTask)
                  00008088    00000040     rtsv7M3_T_le_eabi.lib : u_divt2.obj (.text)
                  000080c8    00000040     appBLE_UartLog_pem3.oem3 (.text:ti_sysbios_family_arm_cc26xx_Power_XOSC_HF)
                  00008108    00000040     sysbios.aem3 : mangled__BIOS_lib.obj (.text:ti_sysbios_family_arm_cc26xx_Power_isStableXOSC_HF__E)
                  00008148    00000040                  : mangled__BIOS_lib.obj (.text:ti_sysbios_family_arm_cc26xx_Timer_getCurrentTick__E)
                  00008188    0000003e     ICallBleAPI.obj (.text:hciSendParamsCmd$3)
                  000081c6    00000002     --HOLE-- [fill = 0]
                  000081c8    0000003c     ICallBleAPI.obj (.text:GAP_GetParamValue)
                  00008204    0000003c     ICallBleAPI.obj (.text:GATTServApp_RegisterService)
                  00008240    0000003c     ICallCC2650.obj (.text:ICallPlatform_pwrConfigACAction)
                  0000827c    0000003c     ICallBleAPI.obj (.text:profileSetParameter$3)
                  000082b8    0000003c     ICallBleAPI.obj (.text:sendWaitMatchCS$3)
                  000082f4    0000003c     ICallBleAPI.obj (.text:sendWaitMatchValueCS$3)
                  00008330    0000003c     sysbios.aem3 : mangled__BIOS_lib.obj (.text:ti_sysbios_family_arm_cc26xx_Power_releaseConstraint__E)
                  0000836c    00000038     ICallBleAPI.obj (.text:GAPBondMgr_LinkEst)
                  000083a4    00000038     ICall.obj (.text:ICall_primGetMaxMSecs$1)
                  000083dc    00000038     drivers_cc26xxware.aem3 : PINCC26XX.oem3 (.text:PIN_setOutputValue)
                  00008414    00000038     util.obj (.text:Util_restartClock)
                  0000844c    00000038     ICallBleAPI.obj (.text:linkDB_NumConns)
                  00008484    00000038     drivers_cc26xxware.aem3 : UARTCC26XX.oem3 (.text:readData)
                  000084bc    00000038     sysbios.aem3 : mangled__BIOS_lib.obj (.text:ti_sysbios_family_arm_cc26xx_Power_setConstraint__E)
                  000084f4    00000038                  : mangled__BIOS_lib.obj (.text:ti_sysbios_family_arm_cc26xx_Timer_setThreshold__I)
                  0000852c    00000038     drivers_cc26xxware.aem3 : UARTCC26XX.oem3 (.text:writeData)
                  00008564    00000038     sysbios.aem3 : mangled__BIOS_lib.obj (.text:xdc_runtime_LoggerCallback_write4__E)
                  0000859c    00000036     ICallCC2650.obj (.text:ICallPlatform_pwrDispenseImpl$2)
                  000085d2    00000036     ICallCC2650.obj (.text:ICallPlatform_pwrRequireImpl$2)
                  00008608    00000036     ICall.obj (.text:ICall_primWaitSemaphore$1)
                  0000863e    00000034     driverlib.lib : chipinfo.obj (.text:ChipInfo_GetChipFamily)
                  00008672    00000002     --HOLE-- [fill = 0]
                  00008674    00000034     ICallBleAPI.obj (.text:GAPBondMgr_SetParameter)
                  000086a8    00000034     ICallBleAPI.obj (.text:GAP_SetParamValue)
                  000086dc    00000034     ICallCC2650.obj (.text:ICallPlatform_pwrRegisterNotify)
                  00008710    00000034     ICall.obj (.text:ICall_primEntityId2ServiceId$1)
                  00008744    00000034     ICall.obj (.text:ICall_primFetchMsg$1)
                  00008778    00000034     ICall.obj (.text:ICall_primRegisterISR$1)
                  000087ac    00000034     ICall.obj (.text:ICall_primRegisterISR_Ext$1)
                  000087e0    00000034     ICall.obj (.text:ICall_searchServiceEntity$1)
                  00008814    00000034     drivers_cc26xxware.aem3 : PINCC26XX.oem3 (.text:PIN_setConfig)
                  00008848    00000034     driverlib.lib : setup.obj (.text:SetAonRtcSubSecInc$21)
                  0000887c    00000034     util.obj (.text:Util_constructClock)
                  000088b0    00000034     ICallBleAPI.obj (.text:osal_snv_read)
                  000088e4    00000034     ICallBleAPI.obj (.text:osal_snv_write)
                  00008918    00000034     ICallBleAPI.obj (.text:profileAddService$3)
                  0000894c    00000034     ICallBleAPI.obj (.text:registerTask$3)
                  00008980    00000033     sysbios.aem3 : mangled__BIOS_lib.obj (.text:xdc_runtime_Text_printVisFxn__I)
                  000089b3    00000001     --HOLE-- [fill = 0]
                  000089b4    00000032     driverlib.lib : osc.obj (.text:OSCHF_SwitchToRcOscTurnOffXosc)
                  000089e6    00000032     ICallBleAPI.obj (.text:gapSendParamsCmd$3)
                  00008a18    00000032     ICallBleAPI.obj (.text:gapSendPtrParamsCmd$3)
                  00008a4a    00000032     ICallBleAPI.obj (.text:matchGapSetGetParamCS$3)
                  00008a7c    00000032     ICallBleAPI.obj (.text:matchGattCmdStatus$3)
                  00008aae    00000032     ICallBleAPI.obj (.text:matchUtilNvCS$3)
                  00008ae0    00000030     ICallBleAPI.obj (.text:GAPBondMgr_PasscodeRsp)
                  00008b10    00000030     ICallCC2650.obj (.text:ICallPlatform_pwrNotify$2)
                  00008b40    00000030     ICall.obj (.text:ICall_heapInit)
                  00008b70    00000030     ICall.obj (.text:ICall_msecs2Ticks$1)
                  00008ba0    00000030     main.obj (.text:main)
                  00008bd0    00000030     appBLE_UartLog_pem3.oem3 (.text:ti_sysbios_BIOS_atExitFunc__I)
                  00008c00    00000030     sysbios.aem3 : mangled__BIOS_lib.obj (.text:ti_sysbios_family_arm_cc26xx_Power_registerNotify__E)
                  00008c30    00000030                  : mangled__BIOS_lib.obj (.text:ti_sysbios_family_arm_cc26xx_Power_switchXOSC_HF__E)
                  00008c60    00000030     appBLE_UartLog_pem3.oem3 (.text:xdc_runtime_LoggerCallback_Object__create__S)
                  00008c90    00000030     sysbios.aem3 : mangled__BIOS_lib.obj (.text:xdc_runtime_LoggerCallback_write2__E)
                  00008cc0    0000002e     driverlib.lib : setup.obj (.text:GetTrimForRadcExtCfg$21)
                  00008cee    0000002e     FlexZone.obj (.text:ICall_fetchServiceMsg$0)
                  00008d1c    0000002e     peripheral.obj (.text:ICall_fetchServiceMsg$10)
                  00008d4a    0000002e     ICall.obj (.text:ICall_msgDequeue$1)
                  00008d78    0000002e     ICallBleAPI.obj (.text:matchProfileAddServiceCS$3)
                  00008da6    0000002c     driverlib.lib : aon_batmon.obj (.text:AONBatMonTemperatureGetDegC)
                  00008dd2    00000002     --HOLE-- [fill = 0]
                  00008dd4    0000002c     ICallBleAPI.obj (.text:GAPBondMgr_Register)
                  00008e00    0000002c     ICallBleAPI.obj (.text:HCI_EXT_ConnEventNoticeCmd)
                  00008e2c    0000002c     ICall.obj (.text:ICall_heapFree)
                  00008e58    0000002c     Accel_Service.obj (.text:ICall_malloc$5)
                  00008e84    0000002c     EMG_Service.obj (.text:ICall_malloc$6)
                  00008eb0    0000002c     ICall.obj (.text:ICall_msgEnqueue$1)
                  00008edc    0000002c     ICall.obj (.text:ICall_primAllocMsg$1)
                  00008f08    0000002c     ICall.obj (.text:ICall_primFetchServiceMsg$1)
                  00008f34    0000002c     ICall.obj (.text:ICall_searchTask$1)
                  00008f60    0000002c     ICallBleAPI.obj (.text:ICall_sendServiceMsg$3)
                  00008f8c    0000002c     driverlib.lib : aon_rtc.obj (.text:NOROM_AONRTCCurrentCompareValueGet)
                  00008fb8    0000002c     drivers_cc26xxware.aem3 : PINCC26XX.oem3 (.text:PINCC26XX_setMux)
                  00008fe4    0000002a     ICallBleAPI.obj (.text:ICall_waitMatch$3)
                  0000900e    0000002a     ICallBleAPI.obj (.text:matchProfileCS$3)
                  00009038    0000002a     FlexZone.obj (.text:user_updateCharVal$0)
                  00009062    00000028     gattservapp_util.obj (.text:GATTServApp_WriteCharCfg)
                  0000908a    00000028     driverlib.lib : setup.obj (.text:GetTrimForAmpcompTh2$21)
                  000090b2    00000002     --HOLE-- [fill = 0]
                  000090b4    00000028     ICall.obj (.text:ICall_init)
                  000090dc    00000028     ICall.obj (.text:ICall_msgPrepend$1)
                  00009104    00000028     FlexZone.obj (.text:ICall_registerApp$0)
                  0000912c    00000028     peripheral.obj (.text:ICall_registerApp$10)
                  00009154    00000028     gattservapp_util.obj (.text:gattServApp_FindCharCfgItem$9)
                  0000917c    00000028     appBLE_UartLog_pem3.oem3 (.text:ti_sysbios_family_arm_cc26xx_Power_isDependencyActive)
                  000091a4    00000028     sysbios.aem3 : mangled__BIOS_lib.obj (.text:ti_sysbios_family_arm_cc26xx_Timer_getMaxTicks__E)
                  000091cc    00000028                  : mangled__BIOS_lib.obj (.text:xdc_runtime_LoggerCallback_write0__E)
                  000091f4    00000028                  : mangled__BIOS_lib.obj (.text:xdc_runtime_LoggerCallback_write1__E)
                  0000921c    00000028                  : mangled__BIOS_lib.obj (.text:xdc_runtime_System_snprintf__E)
                  00009244    00000026     driverlib.lib : osc.obj (.text:NOROM_OSCClockSourceGet)
                  0000926a    00000026     drivers_cc26xxware.aem3 : UARTCC26XX.oem3 (.text:UARTCC26XX_control)
                  00009290    00000024     ICallBleAPI.obj (.text:GAPBondMgr_LinkTerm)
                  000092b4    00000024     ICallBleAPI.obj (.text:ICall_getLocalMsgEntityId$3)
                  000092d8    00000024     ICall.obj (.text:ICall_searchService$1)
                  000092fc    00000024     ICallBleAPI.obj (.text:ICall_threadServes$3)
                  00009320    00000024     appBLE_UartLog_pem3.oem3 (.text:ti_sysbios_BIOS_registerRTSLock__I)
                  00009344    00000024     appBLE_UartLog_pem3.oem3 (.text:ti_sysbios_BIOS_removeRTSLock__I)
                  00009368    00000024     appBLE_UartLog_pem3.oem3 (.text:ti_sysbios_BIOS_startFunc__I)
                  0000938c    00000024     sysbios.aem3 : mangled__BIOS_lib.obj (.text:ti_sysbios_family_arm_cc26xx_Timer_dynamicStub__E)
                  000093b0    00000022     driverlib.lib : setup.obj (.text:GetTrimForAmpcompTh1$21)
                  000093d2    00000022     ICall.obj (.text:ICall_dispatch$1)
                  000093f4    00000022     rtsv7M3_T_le_eabi.lib : memcmp.obj (.text)
                  00009416    00000002     --HOLE-- [fill = 0]
                  00009418    00000020     gattservapp_util.obj (.text:GATTServApp_InitCharCfg)
                  00009438    00000020     ICallBleAPI.obj (.text:GATT_bm_alloc)
                  00009458    00000020     driverlib.lib : setup.obj (.text:GetTrimForRcOscLfRtuneCtuneTrim$21)
                  00009478    00000020                   : setup.obj (.text:GetTrimForXoscHfCtl$21)
                  00009498    00000020     ICallBleAPI.obj (.text:ICall_allocMsg$3)
                  000094b8    00000020     ICallBleAPI.obj (.text:ICall_getEntityId$3)
                  000094d8    00000020     FlexZone.obj (.text:ICall_malloc$0)
                  000094f8    00000020     ICall.obj (.text:ICall_primService$1)
                  00009518    00000020     rtsv7M3_T_le_eabi.lib : u_tofd_t2.obj (.text)
                  00009538    00000020     appBLE_UartLog_pem3.oem3 (.text:ti_sysbios_BIOS_rtsLock__I)
                  00009558    00000020     sysbios.aem3 : mangled__BIOS_lib.obj (.text:ti_sysbios_family_arm_cc26xx_TimestampProvider_get32__E)
                  00009578    0000001e     ICall.obj (.text:ICall_primSendServiceMsg$1)
                  00009596    0000001e     drivers_cc26xxware.aem3 : PINCC26XX.oem3 (.text:PIN_close)
                  000095b4    0000001e     ICallBleAPI.obj (.text:matchHciCS$3)
                  000095d2    0000001e     ICallBleAPI.obj (.text:waitMatchCS$3)
                  000095f0    0000001c     ICallBleAPI.obj (.text:GATT_bm_free)
                  0000960c    0000001c     FlexZone.obj (.text:ICall_wait$0)
                  00009628    0000001c     peripheral.obj (.text:ICall_wait$10)
                  00009644    0000001c     drivers_cc26xxware.aem3 : PINCC26XX.oem3 (.text:PINCC26XX_setIoCfgMux)
                  00009660    0000001c     peripheral.obj (.text:gapRole_HandleParamUpdateNoSuccess$10)
                  0000967c    0000001c     ICallBleAPI.obj (.text:getStatusValueFromErrNo$3)
                  00009698    0000001c     sysbios.aem3 : mangled__BIOS_lib.obj (.text:ti_sysbios_family_arm_cc26xx_Power_unregisterNotify__E)
                  000096b4    0000001c                  : mangled__BIOS_lib.obj (.text:xdc_runtime_LoggerCallback_Instance_init__E)
                  000096d0    0000001a     ICall.obj (.text:ICall_enterCSImpl)
                  000096ea    0000001a     ICall.obj (.text:ICall_primSetTimerMSecs$1)
                  00009704    0000001a     driverlib.lib : osc.obj (.text:OSCHF_TurnOnXosc)
                  0000971e    0000001a     ICallBleAPI.obj (.text:matchGattIndNotiCS$3)
                  00009738    0000001a     FlexZone.obj (.text:user_gapBondMgr_passcodeCB$0)
                  00009752    00000018     driverlib.lib : chipinfo.obj (.text:ChipInfo_GetPackageType)
                  0000976a    00000002     --HOLE-- [fill = 0]
                  0000976c    00000018     peripheral.obj (.text:GAPRole_StartDevice)
                  00009784    00000018     peripheral.obj (.text:GAPRole_TerminateConnection)
                  0000979c    00000018     ICallBleAPI.obj (.text:GATT_Notification)
                  000097b4    00000018     driverlib.lib : setup.obj (.text:GetTrimForAdcShModeEn$21)
                  000097cc    00000018                   : setup.obj (.text:GetTrimForAdcShVbufEn$21)
                  000097e4    00000018                   : setup.obj (.text:GetTrimForDblrLoopFilterResetVoltage$21)
                  000097fc    00000018                   : setup.obj (.text:GetTrimForRcOscLfIBiasTrim$21)
                  00009814    00000018                   : setup.obj (.text:GetTrimForXoscHfIbiastherm$21)
                  0000982c    00000018                   : setup.obj (.text:GetTrimForXoscLfRegulatorAndCmirrwrRatio$21)
                  00009844    00000018     ICallCC2650.obj (.text:ICallPlatform_pwrDispense)
                  0000985c    00000018     ICallCC2650.obj (.text:ICallPlatform_pwrRequire)
                  00009874    00000018     FlexZone.obj (.text:ICall_free$0)
                  0000988c    00000018     FlexZone.obj (.text:ICall_freeMsg$0)
                  000098a4    00000018     peripheral.obj (.text:ICall_freeMsg$10)
                  000098bc    00000018     ICall.obj (.text:ICall_freeMsg$1)
                  000098d4    00000018     ICallBleAPI.obj (.text:ICall_freeMsg$3)
                  000098ec    00000018     ICall.obj (.text:ICall_initPrim$1)
                  00009904    00000018     ICall.obj (.text:ICall_primMalloc$1)
                  0000991c    00000018     drivers_cc26xxware.aem3 : UART.oem3 (.text:UART_Params_init)
                  00009934    00000018                             : UART.oem3 (.text:UART_open)
                  0000994c    00000018     peripheral.obj (.text:gapRole_setEvent$10)
                  00009964    00000018     rtsv7M3_T_le_eabi.lib : args_main.obj (.text)
                  0000997c    00000018                           : ll_mul_t2.obj (.text)
                  00009994    00000018     appBLE_UartLog_pem3.oem3 (.text:ti_sysbios_BIOS_rtsUnlock__I)
                  000099ac    00000018     appBLE_UartLog_pem3.oem3 (.text:ti_sysbios_family_arm_cc26xx_Power_RFCORECLKS)
                  000099c4    00000018     sysbios.aem3 : mangled__BIOS_lib.obj (.text:ti_sysbios_family_arm_cc26xx_Timer_getCount64__E)
                  000099dc    00000018     appBLE_UartLog_pem3.oem3 (.text:ti_sysbios_rom_cortexm_cc26xx_CC26xx_checkRevision__E)
                  000099f4    00000016     driverlib.lib : setup.obj (.text:GetTrimForXoscHfFastStart$21)
                  00009a0a    00000016     ICall.obj (.text:ICall_abort$1)
                  00009a20    00000016     ICall.obj (.text:ICall_leaveCSImpl)
                  00009a36    00000016     ICall.obj (.text:ICall_primStopTimer$1)
                  00009a4c    00000016     main.obj (.text:exceptionHandler)
                  00009a62    00000016     appBLE_UartLog_pem3.oem3 (.text:ti_sysbios_BIOS_exitFunc__I)
                  00009a78    00000014     devinfoservice.obj (.text:DevInfo_AddService)
                  00009a8c    00000014     gattservapp_util.obj (.text:GATTServApp_FindAttr)
                  00009aa0    00000014     ICallCC2650.obj (.text:ICallPlatform_pwrIsStableXOSCHF)
                  00009ab4    00000014     drivers_cc26xxware.aem3 : PINCC26XX.oem3 (.text:PINCC26XX_getInputValue)
                  00009ac8    00000014     driverlib.lib : chipinfo.obj (.text:ThisCodeIsBuiltForCC26xxHwRev22AndLater_HaltIfViolated)
                  00009adc    00000014     rtsv7M3_T_le_eabi.lib : _lock.obj (.text)
                  00009af0    00000014                           : strlen.obj (.text)
                  00009b04    00000014     ICallBleAPI.obj (.text:setICallCmdEvtHdr$3)
                  00009b18    00000014     appBLE_UartLog_pem3.oem3 (.text:ti_sysbios_knl_Clock_doTick__I)
                  00009b2c    00000012     appBLE_UartLog_pem3.oem3 (.text:xdc_runtime_Startup_exec__I)
                  00009b3e    00000002     --HOLE-- [fill = 0]
                  00009b40    00000010     ICallBleAPI.obj (.text:GAP_EndDiscoverable)
                  00009b50    00000010     gattservapp_util.obj (.text:GATTServApp_ReadCharCfg)
                  00009b60    00000010     ICallCC2650.obj (.text:ICallPlatform_pwrGetXOSCStartupTime)
                  00009b70    00000010     ICall.obj (.text:ICall_primGetTickPeriod$1)
                  00009b80    00000010     ICall.obj (.text:ICall_taskEntry$1)
                  00009b90    00000010     drivers_cc26xxware.aem3 : UARTCC26XX.oem3 (.text:UARTCC26XX_init)
                  00009ba0    00000010     util.obj (.text:Util_isActive)
                  00009bb0    00000010     drivers_cc26xxware.aem3 : UARTCC26XX.oem3 (.text:uartPostNotify)
                  00009bc0    00000010     appBLE_UartLog_pem3.oem3 (.text:xdc_runtime_LoggerCallback_Object__get__S)
                  00009bd0    00000010     sysbios.aem3 : mangled__BIOS_lib.obj (.text:xdc_runtime_SysCallback_putch__E)
                  00009be0    00000010                  : mangled__BIOS_lib.obj (.text:xdc_runtime_SysCallback_ready__E)
                  00009bf0    0000000e     ICallCC2650.obj (.text:ICallPlatform_pwrGetTransitionState)
                  00009bfe    0000000e     ICall.obj (.text:ICall_primDisableMInt$1)
                  00009c0c    0000000e     ICall.obj (.text:ICall_primEnableMInt$1)
                  00009c1a    0000000e     ICall.obj (.text:ICall_primFreeMsg$1)
                  00009c28    0000000e     ICall.obj (.text:ICall_primGetTicks$1)
                  00009c36    0000000e     driverlib.lib : vims.obj (.text:NOROM_VIMSModeGet)
                  00009c44    0000000e                   : setup.obj (.text:SignExtendVddrTrimValue$21)
                  00009c52    0000000e     rtsv7M3_T_le_eabi.lib : copy_decompress_none.obj (.text:decompress:none)
                  00009c60    0000000e     ICallBleAPI.obj (.text:matchGSARegisterServiceCS$3)
                  00009c6e    0000000e     ICallBleAPI.obj (.text:matchGapLinkEstCS$3)
                  00009c7c    0000000e     ICallBleAPI.obj (.text:matchGapPasscodeCS$3)
                  00009c8a    0000000e     ICallBleAPI.obj (.text:matchGattSendRspCS$3)
                  00009c98    0000000e     ICallBleAPI.obj (.text:matchLinkDBNumConnsCS$3)
                  00009ca6    0000000e     ICallBleAPI.obj (.text:setDispatchCmdEvtHdr$3)
                  00009cb4    0000000c     ICallBleAPI.obj (.text:GAP_MakeDiscoverable)
                  00009cc0    0000000c     ICallBleAPI.obj (.text:GAP_TerminateAuth)
                  00009ccc    0000000c     ICallBleAPI.obj (.text:GAP_UpdateLinkParamReq)
                  00009cd8    0000000c     ICallBleAPI.obj (.text:GGS_SetParameter)
                  00009ce4    0000000c     ICall.obj (.text:ICall_clockFunc$1)
                  00009cf0    0000000c     ICall.obj (.text:ICall_primDisableInt$1)
                  00009cfc    0000000c     ICall.obj (.text:ICall_primEnableInt$1)
                  00009d08    0000000c     ICall.obj (.text:ICall_primFree$1)
                  00009d14    0000000c     ICall.obj (.text:ICall_primSignal$1)
                  00009d20    0000000c     driverlib.lib : cpu.obj (.text:NOROM_CPUcpsid)
                  00009d2c    0000000c                   : cpu.obj (.text:NOROM_CPUcpsie)
                  00009d38    0000000c     drivers_cc26xxware.aem3 : PINCC26XX.oem3 (.text:PIN_registerIntCb)
                  00009d44    0000000c     uart_logs.obj (.text:UartLog_doInit)
                  00009d50    0000000c     ICallBleAPI.obj (.text:matchProfileSetParamCS$3)
                  00009d5c    0000000c     sysbios.aem3 : mangled__BIOS_lib.obj (.text:ti_sysbios_BIOS_getThreadType__E)
                  00009d68    0000000c                  : mangled__BIOS_lib.obj (.text:ti_sysbios_family_arm_cc26xx_Power_getTransitionState__E)
                  00009d74    0000000c                  : mangled__BIOS_lib.obj (.text:ti_sysbios_hal_Hwi_Params__init__S)
                  00009d80    0000000c     appBLE_UartLog_pem3.oem3 (.text:xdc_runtime_Startup_reset__I)
                  00009d8c    0000000a     ICallCC2650.obj (.text:ICallPlatform_pwrSwitchXOSCHF)
                  00009d96    0000000a     ICall.obj (.text:ICall_primE2S$1)
                  00009da0    0000000a     drivers_cc26xxware.aem3 : UART.oem3 (.text:UART_write)
                  00009daa    0000000a     sysbios.aem3 : mangled__BIOS_lib.obj (.text:xdc_runtime_LoggerCallback_disable__E)
                  00009db4    0000000a                  : mangled__BIOS_lib.obj (.text:xdc_runtime_LoggerCallback_enable__E)
                  00009dbe    0000000a     appBLE_UartLog_pem3.oem3 (.text:xdc_runtime_Text_visitRope__I)
                  00009dc8    00000008     ICallBleAPI.obj (.text:matchHciExtConnEventNoticeCS$3)
                  00009dd0    00000008     drivers_cc26xxware.aem3 : UARTCC26XX.oem3 (.text:readSemCallback)
                  00009dd8    00000008                             : UARTCC26XX.oem3 (.text:writeSemCallback)
                  00009de0    00000006     ICallBleAPI.obj (.text:GAP_RegisterForMsgs)
[...]
1001c251  ti_sysbios_family_arm_cc26xx_Timer_getExpiredTicks__E                     
1001c255  ti_sysbios_family_arm_cc26xx_Timer_getPeriod__E                           
1001c259  ti_sysbios_family_arm_cc26xx_Timer_setPeriod__E                           
1001c25d  ti_sysbios_family_arm_m3_Hwi_delete                                       
1001c261  ti_sysbios_family_arm_m3_Hwi_destruct                                     
1001c265  ti_sysbios_family_arm_m3_TaskSupport_Module__startupDone__S               
1001c269  ti_sysbios_gates_GateHwi_query__E                                         
1001c269  xdc_runtime_System_Module_GateProxy_query__E                              
1001c26d  ti_sysbios_gates_GateMutex_delete                                         
1001c271  ti_sysbios_gates_GateMutex_destruct                                       
1001c275  ti_sysbios_BIOS_RtsGateProxy_query__E                                     
1001c275  ti_sysbios_gates_GateMutex_query__E                                       
1001c275  ti_sysbios_heaps_HeapMem_Module_GateProxy_query__E                        
1001c279  ti_sysbios_hal_Hwi_HwiProxy_Module__startupDone__S                        
1001c27d  ti_sysbios_hal_Hwi_HwiProxy_delete                                        
1001c281  ti_sysbios_hal_Hwi_HwiProxy_disableInterrupt__E                           
1001c281  ti_sysbios_hal_Hwi_disableInterrupt__E                                    
1001c285  ti_sysbios_hal_Hwi_HwiProxy_enableInterrupt__E                            
1001c285  ti_sysbios_hal_Hwi_enableInterrupt__E                                     
1001c289  ti_sysbios_hal_Hwi_HwiProxy_getStackInfo__E                               
1001c289  ti_sysbios_hal_Hwi_getStackInfo__E                                        
1001c28d  ti_sysbios_hal_Hwi_HwiProxy_startup__E                                    
1001c28d  ti_sysbios_hal_Hwi_startup__E                                             
1001c291  ti_sysbios_hal_Hwi_HwiProxy_switchFromBootStack__E                        
1001c295  ti_sysbios_hal_Hwi_delete                                                 
1001c299  ti_sysbios_hal_Hwi_switchFromBootStack__E                                 
1001c29d  ti_sysbios_heaps_HeapMem_Module_GateProxy_enter__E                        
1001c2a1  ti_sysbios_heaps_HeapMem_Module_GateProxy_leave__E                        
1001c2a5  ti_sysbios_heaps_HeapMem_isBlocking__E                                    
1001c2a9  ti_sysbios_knl_Clock_TimerProxy_Module__startupDone__S                    
1001c2ad  ti_sysbios_knl_Clock_TimerProxy_getExpiredTicks__E                        
1001c2b1  ti_sysbios_knl_Clock_TimerProxy_getPeriod__E                              
1001c2b5  ti_sysbios_knl_Clock_delete                                               
1001c2b9  ti_sysbios_knl_Clock_destruct                                             
1001c2bd  ti_sysbios_knl_Clock_removeI__E                                           
1001c2c1  ti_sysbios_knl_Clock_setTimeout__E                                        
1001c2c5  ti_sysbios_knl_Mailbox_delete                                             
1001c2c9  ti_sysbios_knl_Mailbox_destruct                                           
1001c2cd  ti_sysbios_knl_Queue_delete                                               
1001c2d1  ti_sysbios_knl_Queue_destruct                                             
1001c2d5  ti_sysbios_knl_Queue_head__E                                              
1001c2d9  ti_sysbios_knl_Queue_next__E                                              
1001c2dd  ti_sysbios_knl_Semaphore_delete                                           
1001c2e1  ti_sysbios_knl_Semaphore_destruct                                         
1001c2e5  ti_sysbios_knl_Swi_delete                                                 
1001c2e9  ti_sysbios_knl_Swi_destruct                                               
1001c2ed  ti_sysbios_knl_Swi_postInit__I                                            
1001c2f1  ti_sysbios_knl_Task_SupportProxy_Module__startupDone__S                   
1001c2f5  ti_sysbios_knl_Task_SupportProxy_getStackAlignment__E                     
1001c2f9  ti_sysbios_knl_Task_SupportProxy_start__E                                 
1001c2fd  ti_sysbios_knl_Task_SupportProxy_swap__E                                  
1001c301  ti_sysbios_knl_Task_delete                                                
1001c305  ti_sysbios_knl_Task_destruct                                              
1001c309  ti_sysbios_knl_Task_startup__E                                            
1001c30d  xdc_runtime_Startup_startMods__I                                          
1001c405  xdc_runtime_Core_createObject__I                                          
1001c487  xdc_runtime_Error_policySpin__E                                           
1001c489  xdc_runtime_Memory_alloc__E                                               
1001c4f9  xdc_runtime_Core_deleteObject__I                                          
1001c559  xdc_runtime_Startup_exec__E                                               
1001c5a9  xdc_runtime_Assert_raise__I                                               
1001c5f1  xdc_runtime_Core_assignParams__I                                          
1001c639  xdc_runtime_Core_constructObject__I                                       
1001c681  xdc_runtime_System_atexit__E                                              
1001c6b9  xdc_runtime_System_processAtExit__E                                       
1001c6ed  xdc_runtime_Core_assignLabel__I                                           
1001c71d  xdc_runtime_Text_cordText__E                                              
1001c749  xdc_runtime_System_abort__E                                               
1001c769  xdc_runtime_Error_raiseX__E                                               
1001c785  xdc_runtime_Memory_valloc__E                                              
1001c7a1  xdc_runtime_Core_destructObject__I                                        
1001c7b9  xdc_runtime_Error_check__E                                                
1001c7d1  xdc_runtime_System_exit__E                                                
1001c7e9  xdc_runtime_Text_ropeText__E                                              
1001c801  xdc_runtime_Memory_free__E                                                
1001c811  xdc_runtime_SysCallback_abort__E                                          
1001c821  xdc_runtime_SysCallback_exit__E                                           
1001c831  xdc_runtime_Timestamp_SupportProxy_get32__E                               
1001c831  xdc_runtime_Timestamp_get32__E                                            
1001c841  xdc_runtime_Error_init__E                                                 
1001c84d  xdc_runtime_Memory_calloc__E                                              
1001c859  xdc_runtime_Memory_getMaxDefaultTypeAlign__E                              
1001c879  xdc_runtime_Gate_leaveSystem__E                                           
1001c87f  xdc_runtime_System_Module_startup__E                                      
1001c885  xdc_runtime_Gate_enterSystem__E                                           
1001c889  xdc_runtime_Memory_HeapProxy_alloc__E                                     
1001c88d  xdc_runtime_Memory_HeapProxy_free__E                                      
1001c891  xdc_runtime_System_Module_GateProxy_enter__E                              
1001c895  xdc_runtime_System_Module_GateProxy_leave__E                              
1001c899  xdc_runtime_System_abortSpin__E                                           
1001c89b  xdc_runtime_System_exitSpin__E                                            
1001c89d  ti_sysbios_family_arm_m3_Hwi_dispatch__I                                  
1001c96d  ti_sysbios_family_arm_m3_TaskSupport_buildTaskStack                       
1001c9b9  ti_sysbios_family_arm_m3_Hwi_initStacks__E                                
1001ca01  ti_sysbios_family_arm_m3_Hwi_excHandlerAsm__I                             
1001ca21  ti_sysbios_family_xxx_Hwi_switchAndRunFunc                                
1001ca3f  ti_sysbios_family_arm_m3_Hwi_pendSV__I                                    
1001ca57  ti_sysbios_family_arm_m3_Hwi_return                                       
1001ca59  ti_sysbios_family_arm_m3_TaskSupport_glue                                 
1001ca69  ti_sysbios_family_arm_m3_TaskSupport_swap__E                              
1001ca71  ti_sysbios_knl_Task_swapReturn                                            
1001ca9b  ti_sysbios_rom_cortexm_cc26xx_CC26xx_getRevision__E                       
20000000  ti_sysbios_family_arm_m3_Hwi_ramVectors                                   
20000100  ti_sysbios_knl_Task_Module__state__V                                      
20000144  ti_sysbios_family_arm_m3_Hwi_Module__state__V                             
20000178  ti_sysbios_knl_Clock_Module__state__V                                     
200001a4  ti_sysbios_BIOS_Module__state__V                                          
200001c8  ti_sysbios_knl_Swi_Module__state__V                                       
200001e4  ti_sysbios_family_arm_cc26xx_Timer_Module__state__V                       
200001ec  ti_sysbios_family_arm_cc26xx_TimestampProvider_Module__state__V           
200001f0  xdc_runtime_Startup_Module__state__V                                      
200001f8  xdc_runtime_System_Module__state__V                                       
20000200  xdc_runtime_Memory_Module__state__V                                       
20000dc0  ti_sysbios_heaps_HeapMem_Instance_State_0_buf__A                          
20001440  ti_sysbios_knl_Task_Instance_State_0_stack__A                             
20001640  uartCC26XXObjects                                                         
20001710  ti_sysbios_family_arm_m3_Hwi_dispatchTable                                
200017d8  PIN_HandleTable                                                           
200018e4  PIN_NumPins                                                               
200018f0  driverlib_release_0_43243                                                 
200018f8  uartLog_tail                                                              
200018f9  uartLog_head                                                              
200018fa  uartLog_evBufIsEmpty                                                      
200018fc  uartLog_evtNum                                                            
20001904  uartLog_outBuf                                                            
200019b0  uartLog_evBuf                                                             
20001f0c  ledPinTable                                                               
20001f18  buttonPinTable                                                            
20002000  przTask                                                                   
20002050  przTaskStack                                                              
20002370  linkDBNumConns                                                            
20002484  gapRoleTask                                                               
200024d4  gapRoleTaskStack                                                          
20002a08  ICall_dispatcher                                                          
20002a10  ICall_enterCriticalSection                                                
20002a14  ICall_leaveCriticalSection                                                
20002a94  ti_sysbios_family_arm_cc26xx_Power_Module__state__V                       
20002b04  TSK_idle                                                                  
20002b04  ti_sysbios_knl_Task_Object__table__V                                      
20002b50  ti_sysbios_family_arm_cc26xx_Timer_Object__table__V                       
20002b98  ti_sysbios_gates_GateMutex_Object__table__V                               
20002bd0  rfRegTbl                                                                  
20002c04  ti_sysbios_family_arm_m3_Hwi_Object__table__V                             
20002c34  ti_sysbios_knl_Swi_Module_State_0_readyQ__A                               
20002c64  ti_sysbios_knl_Swi_Object__table__V                                       
20002c94  ti_sysbios_knl_Task_Module_State_0_readyQ__A                              
20002ce0  user0Cfg                                                                  
20002cfc  ti_sysbios_heaps_HeapMem_Object__table__V                                 
20002d14  ti_sysbios_family_arm_cc26xx_Power_refCount                               
20002d28  xdc_runtime_LoggerCallback_Object__table__V                               
20002d38  __TI_cleanup_ptr                                                          
20002d3c  __TI_dtors_ptr                                                            
20002d40  __TI_enable_exit_profile_output                                           
20002d44  lastAppOpcodeSent                                                         
20002d48  pfnBMAlloc                                                                
20002d4c  pfnBMFree                                                                 
20002d50  ti_sysbios_family_arm_cc26xx_Power_resourceHandlers                       
20002d68  _lock                                                                     
20002d6c  _unlock                                                                   
20002d78  ti_sysbios_family_arm_m3_Hwi_Module__root__V                              
20002d80  ti_sysbios_gates_GateHwi_Module__root__V                                  
20002d88  ti_sysbios_gates_GateMutex_Module__root__V                                
20002d90  ti_sysbios_hal_Hwi_Module__root__V                                        
20002d98  ti_sysbios_heaps_HeapMem_Module__root__V                                  
20002da0  ti_sysbios_knl_Clock_Module__root__V                                      
20002da8  ti_sysbios_knl_Mailbox_Module__root__V                                    
20002db0  ti_sysbios_knl_Queue_Module__root__V                                      
20002db8  ti_sysbios_knl_Semaphore_Module__root__V                                  
20002dc0  ti_sysbios_knl_Swi_Module__root__V                                        
20002dc8  ti_sysbios_knl_Task_Module__root__V                                       
20002dd0  xdc_runtime_LoggerCallback_Module__root__V                                
20002dd8  xdc_runtime_Registry_Module__state__V                                     
20002de0  ti_sysbios_family_arm_cc26xx_Power_constraintCounts                       
20002de8  main_func_sp                                                              
20002dec  ti_sysbios_family_arm_m3_Hwi_Module_State_0_excContext__A                 
20002df0  ti_sysbios_family_arm_m3_Hwi_Module_State_0_excStack__A                   
20002df4  ti_sysbios_knl_Task_Module_State_0_idleTask__A                            
20002df8  ti_sysbios_family_arm_m3_Hwi_Module_State_0_excActive__A                  
20003fe4  __stack                                                                   
200043e4  __STACK_END                                                               
200043e4  __STACK_TOP                                                               
e000e000  ti_sysbios_family_arm_m3_Hwi_nvic                                         
ffffffff  __TI_pprof_out_hndl                                                       
ffffffff  __TI_prof_data_size                                                       
ffffffff  __TI_prof_data_start                                                      
ffffffff  __binit__                                                                 
ffffffff  __c_args__                                                                
ffffffff  binit                                                                     
UNDEFED   SHT$$INIT_ARRAY$$Base                                                     
UNDEFED   SHT$$INIT_ARRAY$$Limit                                                    
UNDEFED   ti_sysbios_BIOS_RtsGateProxy_Handle__label__S__mangled__                  
UNDEFED   ti_sysbios_BIOS_RtsGateProxy_Object__delete__S__mangled__                 
UNDEFED   ti_sysbios_BIOS_RtsGateProxy_Params__init__S__mangled__                   
UNDEFED   ti_sysbios_BIOS_RtsGateProxy_query__E__mangled__                          
UNDEFED   ti_sysbios_hal_Hwi_HwiProxy_Module__startupDone__S__mangled__             
UNDEFED   ti_sysbios_hal_Hwi_HwiProxy_Object__delete__S__mangled__                  
UNDEFED   ti_sysbios_hal_Hwi_HwiProxy_Params__init__S__mangled__                    
UNDEFED   ti_sysbios_hal_Hwi_HwiProxy_disableInterrupt__E__mangled__                
UNDEFED   ti_sysbios_hal_Hwi_HwiProxy_enableInterrupt__E__mangled__                 
UNDEFED   ti_sysbios_hal_Hwi_HwiProxy_getStackInfo__E__mangled__                    
UNDEFED   ti_sysbios_hal_Hwi_HwiProxy_startup__E__mangled__                         
UNDEFED   ti_sysbios_hal_Hwi_HwiProxy_switchFromBootStack__E__mangled__             
UNDEFED   ti_sysbios_hal_Hwi_disableInterrupt__E__mangled__                         
UNDEFED   ti_sysbios_hal_Hwi_enableInterrupt__E__mangled__                          
UNDEFED   ti_sysbios_hal_Hwi_getStackInfo__E__mangled__                             
UNDEFED   ti_sysbios_hal_Hwi_startup__E__mangled__                                  
UNDEFED   ti_sysbios_hal_Hwi_switchFromBootStack__E__mangled__                      
UNDEFED   ti_sysbios_heaps_HeapMem_Module_GateProxy_Handle__label__S__mangled__     
UNDEFED   ti_sysbios_heaps_HeapMem_Module_GateProxy_Object__delete__S__mangled__    
UNDEFED   ti_sysbios_heaps_HeapMem_Module_GateProxy_Params__init__S__mangled__      
UNDEFED   ti_sysbios_heaps_HeapMem_Module_GateProxy_query__E__mangled__             
UNDEFED   ti_sysbios_knl_Clock_TimerProxy_Module__startupDone__S__mangled__         
UNDEFED   ti_sysbios_knl_Clock_TimerProxy_startup__E__mangled__                     
UNDEFED   ti_sysbios_knl_Task_SupportProxy_Module__startupDone__S__mangled__        
UNDEFED   ti_sysbios_knl_Task_SupportProxy_getStackAlignment__E__mangled__          
UNDEFED   ti_sysbios_knl_Task_SupportProxy_start__E__mangled__                      
UNDEFED   ti_sysbios_knl_Task_SupportProxy_swap__E__mangled__                       
UNDEFED   xdc_runtime_Main_Module_GateProxy_Handle__label__S                        
UNDEFED   xdc_runtime_Main_Module_GateProxy_Object__delete__S                       
UNDEFED   xdc_runtime_Main_Module_GateProxy_query__E                                
UNDEFED   xdc_runtime_Memory_HeapProxy_Handle__label__S__mangled__                  
UNDEFED   xdc_runtime_Memory_HeapProxy_Object__delete__S__mangled__                 
UNDEFED   xdc_runtime_System_Module_GateProxy_Handle__label__S__mangled__           
UNDEFED   xdc_runtime_System_Module_GateProxy_Object__delete__S__mangled__          
UNDEFED   xdc_runtime_System_Module_GateProxy_query__E__mangled__                   
UNDEFED   xdc_runtime_System_SupportProxy_abort__E                                  
UNDEFED   xdc_runtime_System_SupportProxy_exit__E                                   
UNDEFED   xdc_runtime_Timestamp_SupportProxy_get64__E__mangled__                    
UNDEFED   xdc_runtime_Timestamp_SupportProxy_getFreq__E__mangled__                  
UNDEFED   xdc_runtime_Timestamp_get32__E__mangled__                                 
UNDEFED   xdc_runtime_Timestamp_get64__E__mangled__                                 
UNDEFED   xdc_runtime_Timestamp_getFreq__E__mangled__                               

[891 symbols]
