******************************************************************************
                  TI ARM Linker PC v15.12.3                    
******************************************************************************
>> Linked Sun Oct 09 13:36:12 2016

OUTPUT FILE NAME:   <ProjectZeroApp_CC2650LAUNCHXL.out>
ENTRY POINT SYMBOL: "ResetISR"  address: 00008651


MEMORY CONFIGURATION

         name            origin    length      used     unused   attr    fill
----------------------  --------  ---------  --------  --------  ----  --------
  FLASH                 00000000   0000dfff  0000ccec  00001313  R  X
  FLASH_LAST_PAGE       0001f000   00001000  00000058  00000fa8  R  X
  SRAM                  20000000   000043e7  000031e2  00001205  RW X


SEGMENT ALLOCATION MAP

run origin  load origin   length   init length attrs members
----------  ----------- ---------- ----------- ----- -------
00000000    00000000    0000ccf4   0000ccf4    r-x
  00000000    00000000    0000003c   0000003c    r-- .resetVecs
  0000003c    0000003c    000000c4   000000c4    r-x .text.1
  00000100    00000100    0000003c   0000003c    r-- .const:ti_sysbios_knl_Task_Object__PARAMS__C
  0000013c    0000013c    00000034   00000034    r-- .const:ti_sysbios_knl_Mailbox_Object__PARAMS__C
  00000170    00000170    00000030   00000030    r-- .const:ti_sysbios_family_arm_m3_Hwi_Object__PARAMS__C
  000001a0    000001a0    0000002c   0000002c    r-- .const:ti_sysbios_hal_Hwi_Object__PARAMS__C
  000001cc    000001cc    00000028   00000028    r-- .const:ti_sysbios_heaps_HeapMem_Module__FXNS__C
  000001f4    000001f4    00000028   00000028    r-- .const:ti_sysbios_knl_Swi_Object__PARAMS__C
  0000021c    0000021c    00000024   00000024    r-- .const:ti_sysbios_gates_GateHwi_Module__FXNS__C
  00000240    00000240    00000024   00000024    r-- .const:ti_sysbios_gates_GateMutex_Module__FXNS__C
  00000264    00000264    00000024   00000024    r-- .const:ti_sysbios_heaps_HeapMem_Object__PARAMS__C
  00000288    00000288    00000024   00000024    r-- .const:ti_sysbios_knl_Clock_Object__PARAMS__C
  000002ac    000002ac    00000024   00000024    r-- .const:ti_sysbios_knl_Semaphore_Object__PARAMS__C
  000002d0    000002d0    00000020   00000020    r-- .const:ti_sysbios_family_arm_m3_Hwi_Object__DESC__C
  000002f0    000002f0    00000020   00000020    r-- .const:ti_sysbios_gates_GateHwi_Object__DESC__C
  00000310    00000310    00000020   00000020    r-- .const:ti_sysbios_gates_GateMutex_Object__DESC__C
  00000330    00000330    00000020   00000020    r-- .const:ti_sysbios_hal_Hwi_Object__DESC__C
  00000350    00000350    00000020   00000020    r-- .const:ti_sysbios_heaps_HeapMem_Object__DESC__C
  00000370    00000370    00000020   00000020    r-- .const:ti_sysbios_knl_Clock_Object__DESC__C
  00000390    00000390    00000020   00000020    r-- .const:ti_sysbios_knl_Mailbox_Object__DESC__C
  000003b0    000003b0    00000020   00000020    r-- .const:ti_sysbios_knl_Queue_Object__DESC__C
  000003d0    000003d0    00000020   00000020    r-- .const:ti_sysbios_knl_Semaphore_Object__DESC__C
  000003f0    000003f0    00000020   00000020    r-- .const:ti_sysbios_knl_Swi_Object__DESC__C
  00000410    00000410    00000020   00000020    r-- .const:ti_sysbios_knl_Task_Object__DESC__C
  00000430    00000430    00000018   00000018    r-- .const:ti_sysbios_gates_GateHwi_Object__PARAMS__C
  00000448    00000448    00000018   00000018    r-- .const:ti_sysbios_gates_GateMutex_Object__PARAMS__C
  00000460    00000460    00000018   00000018    r-- .const:ti_sysbios_knl_Queue_Object__PARAMS__C
  00000478    00000478    00000008   00000008    r-- .const:ti_sysbios_knl_Idle_funcList__C
  00000480    00000480    00000004   00000004    r-x .text.2
  00000484    00000484    00000004   00000004    r-- .const:ti_sysbios_family_arm_cc26xx_Timer_startupNeeded__C
  00000488    00000488    00000004   00000004    r-- .const:ti_sysbios_family_arm_m3_Hwi_E_alreadyDefined__C
  0000048c    0000048c    00000004   00000004    r-- .const:ti_sysbios_family_arm_m3_Hwi_E_hwiLimitExceeded__C
  00000490    00000490    00000004   00000004    r-- .const:ti_sysbios_family_arm_m3_Hwi_NUM_INTERRUPTS__C
  00000494    00000494    00000004   00000004    r-- .const:ti_sysbios_family_arm_m3_Hwi_Object__count__C
  00000498    00000498    00000004   00000004    r-- .const:ti_sysbios_family_arm_m3_Hwi_Object__table__C
  0000049c    0000049c    00000004   00000004    r-- .const:ti_sysbios_family_arm_m3_Hwi_ccr__C
  000004a0    000004a0    00000004   00000004    r-- .const:ti_sysbios_family_arm_m3_Hwi_excHandlerFunc__C
  000004a4    000004a4    00000004   00000004    r-- .const:ti_sysbios_family_arm_m3_Hwi_nullIsrFunc__C
  000004a8    000004a8    00000004   00000004    r-- .const:ti_sysbios_family_arm_m3_Hwi_numSparseInterrupts__C
  000004ac    000004ac    00000004   00000004    r-- .const:ti_sysbios_family_arm_m3_Hwi_priGroup__C
  000004b0    000004b0    00000004   00000004    r-- .const:ti_sysbios_family_arm_m3_TaskSupport_stackAlignment__C
  000004b4    000004b4    00000004   00000004    r-- .const:ti_sysbios_heaps_HeapMem_E_memory__C
  000004b8    000004b8    00000004   00000004    r-- .const:ti_sysbios_heaps_HeapMem_Module__gateObj__C
  000004bc    000004bc    00000004   00000004    r-- .const:ti_sysbios_heaps_HeapMem_Object__count__C
  000004c0    000004c0    00000004   00000004    r-- .const:ti_sysbios_heaps_HeapMem_Object__table__C
  000004c4    000004c4    00000004   00000004    r-- .const:ti_sysbios_heaps_HeapMem_reqAlign__C
  000004c8    000004c8    00000004   00000004    r-- .const:ti_sysbios_knl_Clock_serviceMargin__C
  000004cc    000004cc    00000004   00000004    r-- .const:ti_sysbios_knl_Mailbox_Object__count__C
  000004d0    000004d0    00000004   00000004    r-- .const:ti_sysbios_knl_Mailbox_Object__table__C
  000004d4    000004d4    00000004   00000004    r-- .const:ti_sysbios_knl_Queue_Object__count__C
  000004d8    000004d8    00000004   00000004    r-- .const:ti_sysbios_knl_Queue_Object__table__C
  000004dc    000004dc    00000004   00000004    r-- .const:ti_sysbios_knl_Swi_Object__count__C
  000004e0    000004e0    00000004   00000004    r-- .const:ti_sysbios_knl_Swi_Object__table__C
  000004e4    000004e4    00000004   00000004    r-- .const:ti_sysbios_knl_Swi_numPriorities__C
  000004e8    000004e8    00000004   00000004    r-- .const:ti_sysbios_knl_Task_Object__count__C
  000004ec    000004ec    00000004   00000004    r-- .const:ti_sysbios_knl_Task_Object__table__C
  000004f0    000004f0    00000004   00000004    r-- .const:ti_sysbios_knl_Task_allBlockedFunc__C
  000004f4    000004f4    00000004   00000004    r-- .const:ti_sysbios_knl_Task_defaultStackHeap__C
  000004f8    000004f8    00000004   00000004    r-- .const:ti_sysbios_knl_Task_defaultStackSize__C
  000004fc    000004fc    00000004   00000004    r-- .const:ti_sysbios_knl_Task_numConstructedTasks__C
  00000500    00000500    00000002   00000002    r-x .text.3
  00000502    00000502    00000002   00000002    r-- .const:ti_sysbios_family_arm_cc26xx_Timer_Module__id__C
  00000504    00000504    00000002   00000002    r-- .const:ti_sysbios_family_arm_cc26xx_TimestampProvider_useClockTimer__C
  00000506    00000506    00000002   00000002    r-- .const:ti_sysbios_family_arm_m3_Hwi_Module__id__C
  00000508    00000508    00000002   00000002    r-- .const:ti_sysbios_gates_GateHwi_Module__id__C
  0000050a    0000050a    00000002   00000002    r-- .const:ti_sysbios_gates_GateMutex_Module__id__C
  0000050c    0000050c    00000002   00000002    r-- .const:ti_sysbios_heaps_HeapMem_Module__id__C
  0000050e    0000050e    00000002   00000002    r-- .const:ti_sysbios_knl_Task_initStackFlag__C
  00000510    00000510    00000001   00000001    r-- .const:ti_sysbios_knl_Clock_tickMode__C
  00000514    00000514    00000008   00000008    r-- .const:xdc_runtime_Startup_firstFxns__C
  0000051c    0000051c    00000008   00000008    r-- .const:xdc_runtime_Startup_lastFxns__C
  00000524    00000524    00000004   00000004    r-- .const:xdc_runtime_Assert_E_assertFailed__C
  00000528    00000528    00000004   00000004    r-- .const:xdc_runtime_Error_E_memory__C
  0000052c    0000052c    00000004   00000004    r-- .const:xdc_runtime_Error_policyFxn__C
  00000530    00000530    00000004   00000004    r-- .const:xdc_runtime_IGateProvider_Interface__BASE__C
  00000534    00000534    00000004   00000004    r-- .const:xdc_runtime_IHeap_Interface__BASE__C
  00000538    00000538    00000004   00000004    r-- .const:xdc_runtime_IModule_Interface__BASE__C
  0000053c    0000053c    00000004   00000004    r-- .const:xdc_runtime_Main_Module__diagsEnabled__C
  00000540    00000540    00000004   00000004    r-- .const:xdc_runtime_Main_Module__diagsIncluded__C
  00000544    00000544    00000004   00000004    r-- .const:xdc_runtime_Main_Module__diagsMask__C
  00000548    00000548    00000004   00000004    r-- .const:xdc_runtime_Memory_defaultHeapInstance__C
  0000054c    0000054c    00000004   00000004    r-- .const:xdc_runtime_Startup_execImpl__C
  00000550    00000550    00000004   00000004    r-- .const:xdc_runtime_Startup_maxPasses__C
  00000554    00000554    00000004   00000004    r-- .const:xdc_runtime_Startup_sfxnRts__C
  00000558    00000558    00000004   00000004    r-- .const:xdc_runtime_Startup_sfxnTab__C
  0000055c    0000055c    00000004   00000004    r-- .const:xdc_runtime_Startup_startModsFxn__C
  00000560    00000560    00000004   00000004    r-- .const:xdc_runtime_SysCallback_abortFxn__C
  00000564    00000564    00000004   00000004    r-- .const:xdc_runtime_SysCallback_exitFxn__C
  00000568    00000568    00000004   00000004    r-- .const:xdc_runtime_System_abortFxn__C
  0000056c    0000056c    00000004   00000004    r-- .const:xdc_runtime_System_exitFxn__C
  00000570    00000570    00000004   00000004    r-- .const:xdc_runtime_System_maxAtexitHandlers__C
  00000574    00000574    00000004   00000004    r-- .const:xdc_runtime_Text_charTab__C
  00000578    00000578    00000004   00000004    r-- .const:xdc_runtime_Text_nameEmpty__C
  0000057c    0000057c    00000004   00000004    r-- .const:xdc_runtime_Text_nameStatic__C
  00000580    00000580    00000004   00000004    r-- .const:xdc_runtime_Text_nameUnknown__C
  00000584    00000584    00000002   00000002    r-- .const:xdc_runtime_Main_Module__id__C
  00000586    00000586    00000002   00000002    r-- .const:xdc_runtime_Memory_Module__id__C
  00000588    00000588    00000002   00000002    r-- .const:xdc_runtime_Text_charCnt__C
  0000058a    0000058a    00000002   00000002    r-- .const:xdc_runtime_Text_isLoaded__C
  0000058c    0000058c    00000001   00000001    r-- .const:xdc_runtime_Error_policy__C
  00000590    00000590    00000004   00000004    r-- .const:ti_sysbios_rom_ROM_AONRTCChannelEnable
  00000594    00000594    00000004   00000004    r-- .const:ti_sysbios_rom_ROM_AONRTCCompareValueSet
  00000598    00000598    00000004   00000004    r-- .const:ti_sysbios_rom_ROM_AONRTCCurrentCompareValueGet
  0000059c    0000059c    00000004   00000004    r-- .const:ti_sysbios_rom_ROM_AONRTCEventClear
  000005a0    000005a0    00000004   00000004    r-- .const:ti_sysbios_rom_ROM_ti_sysbios_family_arm_cc26xx_Timer_getCount64__E
  000005a4    000005a4    00000004   00000004    r-- .const:ti_sysbios_rom_ROM_ti_sysbios_family_arm_cc26xx_Timer_getCurrentTick__E
  000005a8    000005a8    00000004   00000004    r-- .const:ti_sysbios_rom_ROM_ti_sysbios_family_arm_cc26xx_Timer_getMaxTicks__E
  000005ac    000005ac    00000004   00000004    r-- .const:ti_sysbios_rom_ROM_ti_sysbios_family_arm_cc26xx_Timer_initDevice__I
  000005b0    000005b0    00000004   00000004    r-- .const:ti_sysbios_rom_ROM_ti_sysbios_family_arm_cc26xx_Timer_setNextTick__E
  000005b4    000005b4    00000004   00000004    r-- .const:ti_sysbios_rom_ROM_ti_sysbios_family_arm_cc26xx_Timer_setThreshold__I
  000005b8    000005b8    00000004   00000004    r-- .const:ti_sysbios_rom_ROM_ti_sysbios_family_arm_cc26xx_Timer_start__E
  000005bc    000005bc    00000004   00000004    r-- .const:ti_sysbios_rom_ROM_ti_sysbios_family_arm_cc26xx_TimestampProvider_get32__E
  000005c0    000005c0    00000004   00000004    r-- .const:ti_sysbios_rom_ROM_xdc_runtime_Startup_getState__I
  000005c4    000005c4    00000004   00000004    r-- .const:ti_sysbios_rom_ROM_xdc_runtime_System_SupportProxy_abort__E
  000005c8    000005c8    00000004   00000004    r-- .const:ti_sysbios_rom_ROM_xdc_runtime_System_SupportProxy_exit__E
  000005cc    000005cc    00000004   00000004    r-- .const:ti_sysbios_gates_GateMutex_Instance_State_sem__O
  000005d0    000005d0    00000004   00000004    r-- .const:ti_sysbios_knl_Clock_Module_State_clockQ__O
  000005d4    000005d4    00000004   00000004    r-- .const:ti_sysbios_knl_Mailbox_Instance_State_dataQue__O
  000005d8    000005d8    00000004   00000004    r-- .const:ti_sysbios_knl_Mailbox_Instance_State_dataSem__O
  000005dc    000005dc    00000004   00000004    r-- .const:ti_sysbios_knl_Mailbox_Instance_State_freeQue__O
  000005e0    000005e0    00000004   00000004    r-- .const:ti_sysbios_knl_Mailbox_Instance_State_freeSem__O
  000005e4    000005e4    00000004   00000004    r-- .const:ti_sysbios_knl_Semaphore_Instance_State_pendQ__O
  000005e8    000005e8    00000004   00000004    r-- .const:ti_sysbios_knl_Task_Module_State_inactiveQ__O
  000005ec    000005ec    0000a320   0000a320    r-x .text.4
  0000a90c    0000a90c    00001c4a   00001c4a    r-- .const
  0000c558    0000c558    0000079c   0000079c    r-- .cinit
0001ffa8    0001ffa8    00000058   00000058    r--
  0001ffa8    0001ffa8    00000058   00000058    r-- .ccfg
20000000    20000000    000000c8   00000000    rw-
  20000000    20000000    000000c8   00000000    rw- .vecs
20000100    20000100    00002d24   00000000    rw-
  20000100    20000100    00000044   00000000    rw- .data:ti_sysbios_knl_Task_Module__state__V
  20000144    20000144    00000034   00000000    rw- .data:ti_sysbios_family_arm_m3_Hwi_Module__state__V
  20000178    20000178    0000002c   00000000    rw- .data:ti_sysbios_knl_Clock_Module__state__V
  200001a4    200001a4    00000024   00000000    rw- .data:ti_sysbios_BIOS_Module__state__V
  200001c8    200001c8    0000001c   00000000    rw- .data:ti_sysbios_knl_Swi_Module__state__V
  200001e4    200001e4    00000008   00000000    rw- .data:ti_sysbios_family_arm_cc26xx_Timer_Module__state__V
  200001ec    200001ec    00000004   00000000    rw- .data:ti_sysbios_family_arm_cc26xx_TimestampProvider_Module__state__V
  200001f0    200001f0    00000008   00000000    rw- .data:xdc_runtime_Startup_Module__state__V
  200001f8    200001f8    00000008   00000000    rw- .data:xdc_runtime_System_Module__state__V
  20000200    20000200    00000004   00000000    rw- .data:xdc_runtime_Memory_Module__state__V
  20000208    20000208    000016ea   00000000    rw- .bss
  200018f8    200018f8    0000152c   00000000    rw- .data
20003fe4    20003fe4    00000400   00000000    rw-
  20003fe4    20003fe4    00000400   00000000    rw- .stack


SECTION ALLOCATION MAP

 output                                  attributes/
section   page    origin      length       input sections
--------  ----  ----------  ----------   ----------------
.resetVecs 
*          0    00000000    0000003c     
                  00000000    0000003c     appBLE_UartLog_pem3.oem3 (.resetVecs)

.text.1    0    0000003c    000000c4     
                  0000003c    000000b8     Button_Service.obj (.text:ButtonService_RegisterAppCBs)
                  000000f4    0000000c     ICallBleAPI.obj (.text:GAP_MakeDiscoverable)

.const:ti_sysbios_knl_Task_Object__PARAMS__C 
*          0    00000100    0000003c     
                  00000100    0000003c     appBLE_UartLog_pem3.oem3 (.const:ti_sysbios_knl_Task_Object__PARAMS__C)

.const:ti_sysbios_knl_Mailbox_Object__PARAMS__C 
*          0    0000013c    00000034     
                  0000013c    00000034     appBLE_UartLog_pem3.oem3 (.const:ti_sysbios_knl_Mailbox_Object__PARAMS__C)

.const:ti_sysbios_family_arm_m3_Hwi_Object__PARAMS__C 
*          0    00000170    00000030     
                  00000170    00000030     appBLE_UartLog_pem3.oem3 (.const:ti_sysbios_family_arm_m3_Hwi_Object__PARAMS__C)

.const:ti_sysbios_hal_Hwi_Object__PARAMS__C 
*          0    000001a0    0000002c     
                  000001a0    0000002c     appBLE_UartLog_pem3.oem3 (.const:ti_sysbios_hal_Hwi_Object__PARAMS__C)

.const:ti_sysbios_heaps_HeapMem_Module__FXNS__C 
*          0    000001cc    00000028     
                  000001cc    00000028     appBLE_UartLog_pem3.oem3 (.const:ti_sysbios_heaps_HeapMem_Module__FXNS__C)

.const:ti_sysbios_knl_Swi_Object__PARAMS__C 
*          0    000001f4    00000028     
                  000001f4    00000028     appBLE_UartLog_pem3.oem3 (.const:ti_sysbios_knl_Swi_Object__PARAMS__C)

.const:ti_sysbios_gates_GateHwi_Module__FXNS__C 
*          0    0000021c    00000024     
                  0000021c    00000024     appBLE_UartLog_pem3.oem3 (.const:ti_sysbios_gates_GateHwi_Module__FXNS__C)

.const:ti_sysbios_gates_GateMutex_Module__FXNS__C 
*          0    00000240    00000024     
                  00000240    00000024     appBLE_UartLog_pem3.oem3 (.const:ti_sysbios_gates_GateMutex_Module__FXNS__C)

.const:ti_sysbios_heaps_HeapMem_Object__PARAMS__C 
*          0    00000264    00000024     
                  00000264    00000024     appBLE_UartLog_pem3.oem3 (.const:ti_sysbios_heaps_HeapMem_Object__PARAMS__C)

.const:ti_sysbios_knl_Clock_Object__PARAMS__C 
*          0    00000288    00000024     
                  00000288    00000024     appBLE_UartLog_pem3.oem3 (.const:ti_sysbios_knl_Clock_Object__PARAMS__C)

.const:ti_sysbios_knl_Semaphore_Object__PARAMS__C 
*          0    000002ac    00000024     
                  000002ac    00000024     appBLE_UartLog_pem3.oem3 (.const:ti_sysbios_knl_Semaphore_Object__PARAMS__C)

.const:ti_sysbios_family_arm_m3_Hwi_Object__DESC__C 
*          0    000002d0    00000020     
                  000002d0    00000020     appBLE_UartLog_pem3.oem3 (.const:ti_sysbios_family_arm_m3_Hwi_Object__DESC__C)

.const:ti_sysbios_gates_GateHwi_Object__DESC__C 
*          0    000002f0    00000020     
                  000002f0    00000020     appBLE_UartLog_pem3.oem3 (.const:ti_sysbios_gates_GateHwi_Object__DESC__C)

.const:ti_sysbios_gates_GateMutex_Object__DESC__C 
*          0    00000310    00000020     
                  00000310    00000020     appBLE_UartLog_pem3.oem3 (.const:ti_sysbios_gates_GateMutex_Object__DESC__C)

.const:ti_sysbios_hal_Hwi_Object__DESC__C 
*          0    00000330    00000020     
                  00000330    00000020     appBLE_UartLog_pem3.oem3 (.const:ti_sysbios_hal_Hwi_Object__DESC__C)

.const:ti_sysbios_heaps_HeapMem_Object__DESC__C 
*          0    00000350    00000020     
                  00000350    00000020     appBLE_UartLog_pem3.oem3 (.const:ti_sysbios_heaps_HeapMem_Object__DESC__C)

.const:ti_sysbios_knl_Clock_Object__DESC__C 
*          0    00000370    00000020     
                  00000370    00000020     appBLE_UartLog_pem3.oem3 (.const:ti_sysbios_knl_Clock_Object__DESC__C)

.const:ti_sysbios_knl_Mailbox_Object__DESC__C 
*          0    00000390    00000020     
                  00000390    00000020     appBLE_UartLog_pem3.oem3 (.const:ti_sysbios_knl_Mailbox_Object__DESC__C)

.const:ti_sysbios_knl_Queue_Object__DESC__C 
*          0    000003b0    00000020     
                  000003b0    00000020     appBLE_UartLog_pem3.oem3 (.const:ti_sysbios_knl_Queue_Object__DESC__C)

.const:ti_sysbios_knl_Semaphore_Object__DESC__C 
*          0    000003d0    00000020     
                  000003d0    00000020     appBLE_UartLog_pem3.oem3 (.const:ti_sysbios_knl_Semaphore_Object__DESC__C)

.const:ti_sysbios_knl_Swi_Object__DESC__C 
*          0    000003f0    00000020     
                  000003f0    00000020     appBLE_UartLog_pem3.oem3 (.const:ti_sysbios_knl_Swi_Object__DESC__C)

.const:ti_sysbios_knl_Task_Object__DESC__C 
*          0    00000410    00000020     
                  00000410    00000020     appBLE_UartLog_pem3.oem3 (.const:ti_sysbios_knl_Task_Object__DESC__C)

.const:ti_sysbios_gates_GateHwi_Object__PARAMS__C 
*          0    00000430    00000018     
                  00000430    00000018     appBLE_UartLog_pem3.oem3 (.const:ti_sysbios_gates_GateHwi_Object__PARAMS__C)

.const:ti_sysbios_gates_GateMutex_Object__PARAMS__C 
*          0    00000448    00000018     
                  00000448    00000018     appBLE_UartLog_pem3.oem3 (.const:ti_sysbios_gates_GateMutex_Object__PARAMS__C)

.const:ti_sysbios_knl_Queue_Object__PARAMS__C 
*          0    00000460    00000018     
                  00000460    00000018     appBLE_UartLog_pem3.oem3 (.const:ti_sysbios_knl_Queue_Object__PARAMS__C)

.const:ti_sysbios_knl_Idle_funcList__C 
*          0    00000478    00000008     
                  00000478    00000008     appBLE_UartLog_pem3.oem3 (.const:ti_sysbios_knl_Idle_funcList__C)

.text.2    0    00000480    00000004     
                  00000480    00000004     ICallBleAPI.obj (.text:GATTServApp_AddService)

.const:ti_sysbios_family_arm_cc26xx_Timer_startupNeeded__C 
*          0    00000484    00000004     
                  00000484    00000004     appBLE_UartLog_pem3.oem3 (.const:ti_sysbios_family_arm_cc26xx_Timer_startupNeeded__C)

.const:ti_sysbios_family_arm_m3_Hwi_E_alreadyDefined__C 
*          0    00000488    00000004     
                  00000488    00000004     appBLE_UartLog_pem3.oem3 (.const:ti_sysbios_family_arm_m3_Hwi_E_alreadyDefined__C)

.const:ti_sysbios_family_arm_m3_Hwi_E_hwiLimitExceeded__C 
*          0    0000048c    00000004     
                  0000048c    00000004     appBLE_UartLog_pem3.oem3 (.const:ti_sysbios_family_arm_m3_Hwi_E_hwiLimitExceeded__C)

.const:ti_sysbios_family_arm_m3_Hwi_NUM_INTERRUPTS__C 
*          0    00000490    00000004     
                  00000490    00000004     appBLE_UartLog_pem3.oem3 (.const:ti_sysbios_family_arm_m3_Hwi_NUM_INTERRUPTS__C)

.const:ti_sysbios_family_arm_m3_Hwi_Object__count__C 
*          0    00000494    00000004     
                  00000494    00000004     appBLE_UartLog_pem3.oem3 (.const:ti_sysbios_family_arm_m3_Hwi_Object__count__C)

.const:ti_sysbios_family_arm_m3_Hwi_Object__table__C 
*          0    00000498    00000004     
                  00000498    00000004     appBLE_UartLog_pem3.oem3 (.const:ti_sysbios_family_arm_m3_Hwi_Object__table__C)

.const:ti_sysbios_family_arm_m3_Hwi_ccr__C 
*          0    0000049c    00000004     
                  0000049c    00000004     appBLE_UartLog_pem3.oem3 (.const:ti_sysbios_family_arm_m3_Hwi_ccr__C)

.const:ti_sysbios_family_arm_m3_Hwi_excHandlerFunc__C 
*          0    000004a0    00000004     
                  000004a0    00000004     appBLE_UartLog_pem3.oem3 (.const:ti_sysbios_family_arm_m3_Hwi_excHandlerFunc__C)

.const:ti_sysbios_family_arm_m3_Hwi_nullIsrFunc__C 
*          0    000004a4    00000004     
                  000004a4    00000004     appBLE_UartLog_pem3.oem3 (.const:ti_sysbios_family_arm_m3_Hwi_nullIsrFunc__C)

.const:ti_sysbios_family_arm_m3_Hwi_numSparseInterrupts__C 
*          0    000004a8    00000004     
                  000004a8    00000004     appBLE_UartLog_pem3.oem3 (.const:ti_sysbios_family_arm_m3_Hwi_numSparseInterrupts__C)

.const:ti_sysbios_family_arm_m3_Hwi_priGroup__C 
*          0    000004ac    00000004     
                  000004ac    00000004     appBLE_UartLog_pem3.oem3 (.const:ti_sysbios_family_arm_m3_Hwi_priGroup__C)

.const:ti_sysbios_family_arm_m3_TaskSupport_stackAlignment__C 
*          0    000004b0    00000004     
                  000004b0    00000004     appBLE_UartLog_pem3.oem3 (.const:ti_sysbios_family_arm_m3_TaskSupport_stackAlignment__C)

.const:ti_sysbios_heaps_HeapMem_E_memory__C 
*          0    000004b4    00000004     
                  000004b4    00000004     appBLE_UartLog_pem3.oem3 (.const:ti_sysbios_heaps_HeapMem_E_memory__C)

.const:ti_sysbios_heaps_HeapMem_Module__gateObj__C 
*          0    000004b8    00000004     
                  000004b8    00000004     appBLE_UartLog_pem3.oem3 (.const:ti_sysbios_heaps_HeapMem_Module__gateObj__C)

.const:ti_sysbios_heaps_HeapMem_Object__count__C 
*          0    000004bc    00000004     
                  000004bc    00000004     appBLE_UartLog_pem3.oem3 (.const:ti_sysbios_heaps_HeapMem_Object__count__C)

.const:ti_sysbios_heaps_HeapMem_Object__table__C 
*          0    000004c0    00000004     
                  000004c0    00000004     appBLE_UartLog_pem3.oem3 (.const:ti_sysbios_heaps_HeapMem_Object__table__C)

.const:ti_sysbios_heaps_HeapMem_reqAlign__C 
*          0    000004c4    00000004     
                  000004c4    00000004     appBLE_UartLog_pem3.oem3 (.const:ti_sysbios_heaps_HeapMem_reqAlign__C)

.const:ti_sysbios_knl_Clock_serviceMargin__C 
*          0    000004c8    00000004     
                  000004c8    00000004     appBLE_UartLog_pem3.oem3 (.const:ti_sysbios_knl_Clock_serviceMargin__C)

.const:ti_sysbios_knl_Mailbox_Object__count__C 
*          0    000004cc    00000004     
                  000004cc    00000004     appBLE_UartLog_pem3.oem3 (.const:ti_sysbios_knl_Mailbox_Object__count__C)

.const:ti_sysbios_knl_Mailbox_Object__table__C 
*          0    000004d0    00000004     
                  000004d0    00000004     appBLE_UartLog_pem3.oem3 (.const:ti_sysbios_knl_Mailbox_Object__table__C)

.const:ti_sysbios_knl_Queue_Object__count__C 
*          0    000004d4    00000004     
                  000004d4    00000004     appBLE_UartLog_pem3.oem3 (.const:ti_sysbios_knl_Queue_Object__count__C)

.const:ti_sysbios_knl_Queue_Object__table__C 
*          0    000004d8    00000004     
                  000004d8    00000004     appBLE_UartLog_pem3.oem3 (.const:ti_sysbios_knl_Queue_Object__table__C)

.const:ti_sysbios_knl_Swi_Object__count__C 
*          0    000004dc    00000004     
                  000004dc    00000004     appBLE_UartLog_pem3.oem3 (.const:ti_sysbios_knl_Swi_Object__count__C)

.const:ti_sysbios_knl_Swi_Object__table__C 
*          0    000004e0    00000004     
                  000004e0    00000004     appBLE_UartLog_pem3.oem3 (.const:ti_sysbios_knl_Swi_Object__table__C)

.const:ti_sysbios_knl_Swi_numPriorities__C 
*          0    000004e4    00000004     
                  000004e4    00000004     appBLE_UartLog_pem3.oem3 (.const:ti_sysbios_knl_Swi_numPriorities__C)

.const:ti_sysbios_knl_Task_Object__count__C 
*          0    000004e8    00000004     
                  000004e8    00000004     appBLE_UartLog_pem3.oem3 (.const:ti_sysbios_knl_Task_Object__count__C)

.const:ti_sysbios_knl_Task_Object__table__C 
*          0    000004ec    00000004     
                  000004ec    00000004     appBLE_UartLog_pem3.oem3 (.const:ti_sysbios_knl_Task_Object__table__C)

.const:ti_sysbios_knl_Task_allBlockedFunc__C 
*          0    000004f0    00000004     
                  000004f0    00000004     appBLE_UartLog_pem3.oem3 (.const:ti_sysbios_knl_Task_allBlockedFunc__C)

.const:ti_sysbios_knl_Task_defaultStackHeap__C 
*          0    000004f4    00000004     
                  000004f4    00000004     appBLE_UartLog_pem3.oem3 (.const:ti_sysbios_knl_Task_defaultStackHeap__C)

.const:ti_sysbios_knl_Task_defaultStackSize__C 
*          0    000004f8    00000004     
                  000004f8    00000004     appBLE_UartLog_pem3.oem3 (.const:ti_sysbios_knl_Task_defaultStackSize__C)

.const:ti_sysbios_knl_Task_numConstructedTasks__C 
*          0    000004fc    00000004     
                  000004fc    00000004     appBLE_UartLog_pem3.oem3 (.const:ti_sysbios_knl_Task_numConstructedTasks__C)

.text.3    0    00000500    00000002     
                  00000500    00000002     rtsv7M3_T_le_eabi.lib : i_div0.obj (.text)

.const:ti_sysbios_family_arm_cc26xx_Timer_Module__id__C 
*          0    00000502    00000002     
                  00000502    00000002     appBLE_UartLog_pem3.oem3 (.const:ti_sysbios_family_arm_cc26xx_Timer_Module__id__C)

.const:ti_sysbios_family_arm_cc26xx_TimestampProvider_useClockTimer__C 
*          0    00000504    00000002     
                  00000504    00000002     appBLE_UartLog_pem3.oem3 (.const:ti_sysbios_family_arm_cc26xx_TimestampProvider_useClockTimer__C)

.const:ti_sysbios_family_arm_m3_Hwi_Module__id__C 
*          0    00000506    00000002     
                  00000506    00000002     appBLE_UartLog_pem3.oem3 (.const:ti_sysbios_family_arm_m3_Hwi_Module__id__C)

.const:ti_sysbios_gates_GateHwi_Module__id__C 
*          0    00000508    00000002     
                  00000508    00000002     appBLE_UartLog_pem3.oem3 (.const:ti_sysbios_gates_GateHwi_Module__id__C)

.const:ti_sysbios_gates_GateMutex_Module__id__C 
*          0    0000050a    00000002     
                  0000050a    00000002     appBLE_UartLog_pem3.oem3 (.const:ti_sysbios_gates_GateMutex_Module__id__C)

.const:ti_sysbios_heaps_HeapMem_Module__id__C 
*          0    0000050c    00000002     
                  0000050c    00000002     appBLE_UartLog_pem3.oem3 (.const:ti_sysbios_heaps_HeapMem_Module__id__C)

.const:ti_sysbios_knl_Task_initStackFlag__C 
*          0    0000050e    00000002     
                  0000050e    00000002     appBLE_UartLog_pem3.oem3 (.const:ti_sysbios_knl_Task_initStackFlag__C)

.const:ti_sysbios_knl_Clock_tickMode__C 
*          0    00000510    00000001     
                  00000510    00000001     appBLE_UartLog_pem3.oem3 (.const:ti_sysbios_knl_Clock_tickMode__C)

.const:xdc_runtime_Startup_firstFxns__C 
*          0    00000514    00000008     
                  00000514    00000008     appBLE_UartLog_pem3.oem3 (.const:xdc_runtime_Startup_firstFxns__C)

.const:xdc_runtime_Startup_lastFxns__C 
*          0    0000051c    00000008     
                  0000051c    00000008     appBLE_UartLog_pem3.oem3 (.const:xdc_runtime_Startup_lastFxns__C)

.const:xdc_runtime_Assert_E_assertFailed__C 
*          0    00000524    00000004     
                  00000524    00000004     appBLE_UartLog_pem3.oem3 (.const:xdc_runtime_Assert_E_assertFailed__C)

.const:xdc_runtime_Error_E_memory__C 
*          0    00000528    00000004     
                  00000528    00000004     appBLE_UartLog_pem3.oem3 (.const:xdc_runtime_Error_E_memory__C)

.const:xdc_runtime_Error_policyFxn__C 
*          0    0000052c    00000004     
                  0000052c    00000004     appBLE_UartLog_pem3.oem3 (.const:xdc_runtime_Error_policyFxn__C)

.const:xdc_runtime_IGateProvider_Interface__BASE__C 
*          0    00000530    00000004     
                  00000530    00000004     appBLE_UartLog_pem3.oem3 (.const:xdc_runtime_IGateProvider_Interface__BASE__C)

.const:xdc_runtime_IHeap_Interface__BASE__C 
*          0    00000534    00000004     
                  00000534    00000004     appBLE_UartLog_pem3.oem3 (.const:xdc_runtime_IHeap_Interface__BASE__C)

.const:xdc_runtime_IModule_Interface__BASE__C 
*          0    00000538    00000004     
                  00000538    00000004     appBLE_UartLog_pem3.oem3 (.const:xdc_runtime_IModule_Interface__BASE__C)

.const:xdc_runtime_Main_Module__diagsEnabled__C 
*          0    0000053c    00000004     
                  0000053c    00000004     appBLE_UartLog_pem3.oem3 (.const:xdc_runtime_Main_Module__diagsEnabled__C)

.const:xdc_runtime_Main_Module__diagsIncluded__C 
*          0    00000540    00000004     
                  00000540    00000004     appBLE_UartLog_pem3.oem3 (.const:xdc_runtime_Main_Module__diagsIncluded__C)

.const:xdc_runtime_Main_Module__diagsMask__C 
*          0    00000544    00000004     
                  00000544    00000004     appBLE_UartLog_pem3.oem3 (.const:xdc_runtime_Main_Module__diagsMask__C)

.const:xdc_runtime_Memory_defaultHeapInstance__C 
*          0    00000548    00000004     
                  00000548    00000004     appBLE_UartLog_pem3.oem3 (.const:xdc_runtime_Memory_defaultHeapInstance__C)

.const:xdc_runtime_Startup_execImpl__C 
*          0    0000054c    00000004     
                  0000054c    00000004     appBLE_UartLog_pem3.oem3 (.const:xdc_runtime_Startup_execImpl__C)

.const:xdc_runtime_Startup_maxPasses__C 
*          0    00000550    00000004     
                  00000550    00000004     appBLE_UartLog_pem3.oem3 (.const:xdc_runtime_Startup_maxPasses__C)

.const:xdc_runtime_Startup_sfxnRts__C 
*          0    00000554    00000004     
                  00000554    00000004     appBLE_UartLog_pem3.oem3 (.const:xdc_runtime_Startup_sfxnRts__C)

.const:xdc_runtime_Startup_sfxnTab__C 
*          0    00000558    00000004     
                  00000558    00000004     appBLE_UartLog_pem3.oem3 (.const:xdc_runtime_Startup_sfxnTab__C)

.const:xdc_runtime_Startup_startModsFxn__C 
*          0    0000055c    00000004     
                  0000055c    00000004     appBLE_UartLog_pem3.oem3 (.const:xdc_runtime_Startup_startModsFxn__C)

.const:xdc_runtime_SysCallback_abortFxn__C 
*          0    00000560    00000004     
                  00000560    00000004     appBLE_UartLog_pem3.oem3 (.const:xdc_runtime_SysCallback_abortFxn__C)

.const:xdc_runtime_SysCallback_exitFxn__C 
*          0    00000564    00000004     
                  00000564    00000004     appBLE_UartLog_pem3.oem3 (.const:xdc_runtime_SysCallback_exitFxn__C)

.const:xdc_runtime_System_abortFxn__C 
*          0    00000568    00000004     
                  00000568    00000004     appBLE_UartLog_pem3.oem3 (.const:xdc_runtime_System_abortFxn__C)

.const:xdc_runtime_System_exitFxn__C 
*          0    0000056c    00000004     
                  0000056c    00000004     appBLE_UartLog_pem3.oem3 (.const:xdc_runtime_System_exitFxn__C)

.const:xdc_runtime_System_maxAtexitHandlers__C 
*          0    00000570    00000004     
                  00000570    00000004     appBLE_UartLog_pem3.oem3 (.const:xdc_runtime_System_maxAtexitHandlers__C)

.const:xdc_runtime_Text_charTab__C 
*          0    00000574    00000004     
                  00000574    00000004     appBLE_UartLog_pem3.oem3 (.const:xdc_runtime_Text_charTab__C)

.const:xdc_runtime_Text_nameEmpty__C 
*          0    00000578    00000004     
                  00000578    00000004     appBLE_UartLog_pem3.oem3 (.const:xdc_runtime_Text_nameEmpty__C)

.const:xdc_runtime_Text_nameStatic__C 
*          0    0000057c    00000004     
                  0000057c    00000004     appBLE_UartLog_pem3.oem3 (.const:xdc_runtime_Text_nameStatic__C)

.const:xdc_runtime_Text_nameUnknown__C 
*          0    00000580    00000004     
                  00000580    00000004     appBLE_UartLog_pem3.oem3 (.const:xdc_runtime_Text_nameUnknown__C)

.const:xdc_runtime_Main_Module__id__C 
*          0    00000584    00000002     
                  00000584    00000002     appBLE_UartLog_pem3.oem3 (.const:xdc_runtime_Main_Module__id__C)

.const:xdc_runtime_Memory_Module__id__C 
*          0    00000586    00000002     
                  00000586    00000002     appBLE_UartLog_pem3.oem3 (.const:xdc_runtime_Memory_Module__id__C)

.const:xdc_runtime_Text_charCnt__C 
*          0    00000588    00000002     
                  00000588    00000002     appBLE_UartLog_pem3.oem3 (.const:xdc_runtime_Text_charCnt__C)

.const:xdc_runtime_Text_isLoaded__C 
*          0    0000058a    00000002     
                  0000058a    00000002     appBLE_UartLog_pem3.oem3 (.const:xdc_runtime_Text_isLoaded__C)

.const:xdc_runtime_Error_policy__C 
*          0    0000058c    00000001     
                  0000058c    00000001     appBLE_UartLog_pem3.oem3 (.const:xdc_runtime_Error_policy__C)

.const:ti_sysbios_rom_ROM_AONRTCChannelEnable 
*          0    00000590    00000004     
                  00000590    00000004     appBLE_UartLog_pem3.oem3 (.const:ti_sysbios_rom_ROM_AONRTCChannelEnable)

.const:ti_sysbios_rom_ROM_AONRTCCompareValueSet 
*          0    00000594    00000004     
                  00000594    00000004     appBLE_UartLog_pem3.oem3 (.const:ti_sysbios_rom_ROM_AONRTCCompareValueSet)

.const:ti_sysbios_rom_ROM_AONRTCCurrentCompareValueGet 
*          0    00000598    00000004     
                  00000598    00000004     appBLE_UartLog_pem3.oem3 (.const:ti_sysbios_rom_ROM_AONRTCCurrentCompareValueGet)

.const:ti_sysbios_rom_ROM_AONRTCEventClear 
*          0    0000059c    00000004     
                  0000059c    00000004     appBLE_UartLog_pem3.oem3 (.const:ti_sysbios_rom_ROM_AONRTCEventClear)

.const:ti_sysbios_rom_ROM_ti_sysbios_family_arm_cc26xx_Timer_getCount64__E 
*          0    000005a0    00000004     
                  000005a0    00000004     appBLE_UartLog_pem3.oem3 (.const:ti_sysbios_rom_ROM_ti_sysbios_family_arm_cc26xx_Timer_getCount64__E)

.const:ti_sysbios_rom_ROM_ti_sysbios_family_arm_cc26xx_Timer_getCurrentTick__E 
*          0    000005a4    00000004     
                  000005a4    00000004     appBLE_UartLog_pem3.oem3 (.const:ti_sysbios_rom_ROM_ti_sysbios_family_arm_cc26xx_Timer_getCurrentTick__E)

.const:ti_sysbios_rom_ROM_ti_sysbios_family_arm_cc26xx_Timer_getMaxTicks__E 
*          0    000005a8    00000004     
                  000005a8    00000004     appBLE_UartLog_pem3.oem3 (.const:ti_sysbios_rom_ROM_ti_sysbios_family_arm_cc26xx_Timer_getMaxTicks__E)

.const:ti_sysbios_rom_ROM_ti_sysbios_family_arm_cc26xx_Timer_initDevice__I 
*          0    000005ac    00000004     
                  000005ac    00000004     appBLE_UartLog_pem3.oem3 (.const:ti_sysbios_rom_ROM_ti_sysbios_family_arm_cc26xx_Timer_initDevice__I)

.const:ti_sysbios_rom_ROM_ti_sysbios_family_arm_cc26xx_Timer_setNextTick__E 
*          0    000005b0    00000004     
                  000005b0    00000004     appBLE_UartLog_pem3.oem3 (.const:ti_sysbios_rom_ROM_ti_sysbios_family_arm_cc26xx_Timer_setNextTick__E)

.const:ti_sysbios_rom_ROM_ti_sysbios_family_arm_cc26xx_Timer_setThreshold__I 
*          0    000005b4    00000004     
                  000005b4    00000004     appBLE_UartLog_pem3.oem3 (.const:ti_sysbios_rom_ROM_ti_sysbios_family_arm_cc26xx_Timer_setThreshold__I)

.const:ti_sysbios_rom_ROM_ti_sysbios_family_arm_cc26xx_Timer_start__E 
*          0    000005b8    00000004     
                  000005b8    00000004     appBLE_UartLog_pem3.oem3 (.const:ti_sysbios_rom_ROM_ti_sysbios_family_arm_cc26xx_Timer_start__E)

.const:ti_sysbios_rom_ROM_ti_sysbios_family_arm_cc26xx_TimestampProvider_get32__E 
*          0    000005bc    00000004     
                  000005bc    00000004     appBLE_UartLog_pem3.oem3 (.const:ti_sysbios_rom_ROM_ti_sysbios_family_arm_cc26xx_TimestampProvider_get32__E)

.const:ti_sysbios_rom_ROM_xdc_runtime_Startup_getState__I 
*          0    000005c0    00000004     
                  000005c0    00000004     appBLE_UartLog_pem3.oem3 (.const:ti_sysbios_rom_ROM_xdc_runtime_Startup_getState__I)

.const:ti_sysbios_rom_ROM_xdc_runtime_System_SupportProxy_abort__E 
*          0    000005c4    00000004     
                  000005c4    00000004     appBLE_UartLog_pem3.oem3 (.const:ti_sysbios_rom_ROM_xdc_runtime_System_SupportProxy_abort__E)

.const:ti_sysbios_rom_ROM_xdc_runtime_System_SupportProxy_exit__E 
*          0    000005c8    00000004     
                  000005c8    00000004     appBLE_UartLog_pem3.oem3 (.const:ti_sysbios_rom_ROM_xdc_runtime_System_SupportProxy_exit__E)

.const:ti_sysbios_gates_GateMutex_Instance_State_sem__O 
*          0    000005cc    00000004     
                  000005cc    00000004     appBLE_UartLog_pem3.oem3 (.const:ti_sysbios_gates_GateMutex_Instance_State_sem__O)

.const:ti_sysbios_knl_Clock_Module_State_clockQ__O 
*          0    000005d0    00000004     
                  000005d0    00000004     appBLE_UartLog_pem3.oem3 (.const:ti_sysbios_knl_Clock_Module_State_clockQ__O)

.const:ti_sysbios_knl_Mailbox_Instance_State_dataQue__O 
*          0    000005d4    00000004     
                  000005d4    00000004     appBLE_UartLog_pem3.oem3 (.const:ti_sysbios_knl_Mailbox_Instance_State_dataQue__O)

.const:ti_sysbios_knl_Mailbox_Instance_State_dataSem__O 
*          0    000005d8    00000004     
                  000005d8    00000004     appBLE_UartLog_pem3.oem3 (.const:ti_sysbios_knl_Mailbox_Instance_State_dataSem__O)

.const:ti_sysbios_knl_Mailbox_Instance_State_freeQue__O 
*          0    000005dc    00000004     
                  000005dc    00000004     appBLE_UartLog_pem3.oem3 (.const:ti_sysbios_knl_Mailbox_Instance_State_freeQue__O)

.const:ti_sysbios_knl_Mailbox_Instance_State_freeSem__O 
*          0    000005e0    00000004     
                  000005e0    00000004     appBLE_UartLog_pem3.oem3 (.const:ti_sysbios_knl_Mailbox_Instance_State_freeSem__O)

.const:ti_sysbios_knl_Semaphore_Instance_State_pendQ__O 
*          0    000005e4    00000004     
                  000005e4    00000004     appBLE_UartLog_pem3.oem3 (.const:ti_sysbios_knl_Semaphore_Instance_State_pendQ__O)

.const:ti_sysbios_knl_Task_Module_State_inactiveQ__O 
*          0    000005e8    00000004     
                  000005e8    00000004     appBLE_UartLog_pem3.oem3 (.const:ti_sysbios_knl_Task_Module_State_inactiveQ__O)

.text.4    0    000005ec    0000a320     
                  000005ec    00000468     ProjectZero.obj (.text:ProjectZero_init$0)
                  00000a54    00000440     sysbios.aem3 : mangled__BIOS_lib.obj (.text:xdc_runtime_System_doPrint__I)
                  00000e94    000003ec     Data_Service.obj (.text:Data_Service_WriteAttrCB$6)
                  00001280    00000376     driverlib.lib : setup.obj (.text:HapiTrimDeviceShutDown$22)
                  000015f6    00000002     appBLE_UartLog_pem3.oem3 (.text:ti_sysbios_BIOS_nullFunc__I)
                  000015f8    0000034c     sysbios.aem3 : mangled__BIOS_lib.obj (.text:ti_sysbios_family_arm_cc26xx_Power_auxISR__E)
                  00001944    00000344     Data_Service.obj (.text:DataService_SetParameter)
                  00001c88    00000328     Button_Service.obj (.text:ButtonService_SetParameter)
                  00001fb0    00000310     LED_Service.obj (.text:LED_Service_WriteAttrCB$7)
                  000022c0    000002f8     sysbios.aem3 : mangled__BIOS_lib.obj (.text:ti_sysbios_family_arm_cc26xx_Power_sleep__E)
                  000025b8    000002b4     ProjectZero.obj (.text:user_processGapStateChangeEvt$0)
                  0000286c    00000244     ProjectZero.obj (.text:ProjectZero_processGATTMsg$0)
                  00002ab0    00000240     Button_Service.obj (.text:Button_Service_ReadAttrCB$5)
                  00002cf0    0000023c     Data_Service.obj (.text:Data_Service_ReadAttrCB$6)
                  00002f2c    0000023c     LED_Service.obj (.text:LED_Service_ReadAttrCB$7)
                  00003168    00000234     peripheral.obj (.text:GAPRole_SetParameter)
                  0000339c    00000234     ProjectZero.obj (.text:user_LedService_ValueChangeHandler$0)
                  000035d0    00000228     peripheral.obj (.text:gapRole_processGAPMsg$11)
                  000037f8    0000021c     LED_Service.obj (.text:LedService_SetParameter)
                  00003a14    000001f4     rtsv7M3_T_le_eabi.lib : ull_div_t2.obj (.text)
                  00003c08    000001d0     Button_Service.obj (.text:Button_Service_WriteAttrCB$5)
                  00003dd8    000001c8     driverlib.lib : sys_ctrl.obj (.text:SysCtrlSetRechargeBeforePowerDown)
                  00003fa0    000001a4     drivers_cc26xxware.aem3 : PINCC26XX.oem3 (.text:PIN_init)
                  00004144    000001a0     ProjectZero.obj (.text:user_gapBondMgr_pairStateCB$0)
                  000042e4    00000184     ProjectZero.obj (.text:user_DataService_ValueChangeHandler$0)
                  00004468    00000178     ProjectZero.obj (.text:ProjectZero_freeAttRsp$0)
                  000045e0    00000174     drivers_cc26xxware.aem3 : UARTCC26XX.oem3 (.text:UARTCC26XX_open)
                  00004754    0000016c     ProjectZero.obj (.text:user_ButtonService_CfgChangeHandler$0)
                  000048c0    00000158     uart_logs.obj (.text:uartLog_doPrint$15)
                  00004a18    00000154     ProjectZero.obj (.text:user_processApplicationMessage$0)
                  00004b6c    00000130     sysbios.aem3 : mangled__BIOS_lib.obj (.text:xdc_runtime_Text_putSite__E)
                  00004c9c    00000124     peripheral.obj (.text:GAPRole_GetParameter)
                  00004dc0    0000011c     ProjectZero.obj (.text:user_DataService_CfgChangeHandler$0)
                  00004edc    00000104     sysbios.aem3 : mangled__BIOS_lib.obj (.text:calibrateRcoscHf1$28)
                  00004fe0    00000100     drivers_cc26xxware.aem3 : UARTCC26XX.oem3 (.text:UARTCC26XX_write)
                  000050e0    00000100     ProjectZero.obj (.text:user_handleButtonPress$0)
                  000051e0    000000fc     rtsv7M3_T_le_eabi.lib : fd_mul_t2.obj (.text)
                  000052dc    000000fc     sysbios.aem3 : mangled__BIOS_lib.obj (.text:xdc_runtime_Text_putLab__E)
                  000053d8    000000f8     ProjectZero.obj (.text:ProjectZero_sendAttRsp$0)
                  000054d0    000000f8     sysbios.aem3 : mangled__BIOS_lib.obj (.text:ti_sysbios_family_arm_cc26xx_Power_startFirstMeasurement__E)
                  000055c8    000000f8     appBLE_UartLog_pem3.oem3 (.text:xdc_runtime_System_printfExtend__I)
                  000056c0    000000f4     peripheral.obj (.text:gapRole_taskFxn$11)
                  000057b4    000000f4     ProjectZero.obj (.text:user_service_ValueChangeCB$0)
                  000058a8    000000f2     driverlib.lib : setup.obj (.text:GetTrimForAnabypassValue1$22)
                  0000599a    00000002     sysbios.aem3 : mangled__BIOS_lib.obj (.text:ti_sysbios_family_arm_cc26xx_Power_defaultClockFunc__E)
                  0000599c    000000f0                  : mangled__BIOS_lib.obj (.text:ti_sysbios_family_arm_cc26xx_Power_standbyPolicy__E)
                  00005a8c    000000f0     ProjectZero.obj (.text:user_service_CfgChangeCB$0)
                  00005b7c    000000ec     ICall.obj (.text:ICall_primWaitMatch$1)
                  00005c68    000000e8     drivers_cc26xxware.aem3 : UARTCC26XX.oem3 (.text:UARTCC26XX_hwiIntFxn)
                  00005d50    000000e0     Button_Service.obj (.text:ButtonService_AddService)
                  00005e30    000000d8     ProjectZero.obj (.text:buttonCallbackFxn$0)
                  00005f08    000000d8     sysbios.aem3 : mangled__BIOS_lib.obj (.text:ti_sysbios_family_arm_cc26xx_Power_setDependency__E)
                  00005fe0    000000d0                  : mangled__BIOS_lib.obj (.text:ti_sysbios_family_arm_cc26xx_Power_releaseDependency__E)
                  000060b0    000000c8     Data_Service.obj (.text:DataService_AddService)
                  00006178    000000c8     drivers_cc26xxware.aem3 : UARTCC26XX.oem3 (.text:UARTCC26XX_initHw)
                  00006240    000000c0                             : UARTCC26XX.oem3 (.text:UARTCC26XX_read)
                  00006300    000000b8                             : PINCC26XX.oem3 (.text:PINCC26XX_setIoCfg)
                  000063b8    000000b8     ProjectZero.obj (.text:ProjectZero_processStackMsg$0)
                  00006470    000000b8     ProjectZero.obj (.text:user_gapStateChangeCB$0)
                  00006528    000000b4     LED_Service.obj (.text:LedService_RegisterAppCBs)
                  000065dc    000000b4     driverlib.lib : setup.obj (.text:trimDevice)
                  00006690    000000b0     Data_Service.obj (.text:DataService_RegisterAppCBs)
                  00006740    000000b0     devinfoservice.obj (.text:devInfo_ReadAttrCB$8)
                  000067f0    000000b0     sysbios.aem3 : mangled__BIOS_lib.obj (.text:ti_sysbios_knl_Clock_workFuncDynamic__E)
                  000068a0    000000ac     LED_Service.obj (.text:LedService_AddService)
                  0000694c    000000a4     sysbios.aem3 : mangled__BIOS_lib.obj (.text:ti_sysbios_family_arm_cc26xx_Power_initiateCalibration__E)
                  000069f0    000000a0     auto_init.aem3 : auto_init.oem3 (.text)
                  00006a90    0000009c     rtsv7M3_T_le_eabi.lib : memcpy_t2.obj (.text)
                  00006b2c    00000098     gattservapp_util.obj (.text:GATTServApp_ProcessCharCfg)
                  00006bc4    00000098     drivers_cc26xxware.aem3 : UARTCC26XX.oem3 (.text:UARTCC26XX_initIO)
                  00006c5c    00000094     driverlib.lib : osc.obj (.text:OSCHF_GetStartupTime)
                  00006cf0    00000094     drivers_cc26xxware.aem3 : UARTCC26XX.oem3 (.text:writeFinishedDoCallback)
                  00006d84    00000090     driverlib.lib : setup.obj (.text:GetTrimForAmpcompCtrl$22)
                  00006e14    00000090     drivers_cc26xxware.aem3 : PINCC26XX.oem3 (.text:PIN_open)
                  00006ea4    00000090     peripheral.obj (.text:gapRole_init$11)
                  00006f34    0000008c     drivers_cc26xxware.aem3 : UARTCC26XX.oem3 (.text:UARTCC26XX_writeCancel)
                  00006fc0    0000008c     sysbios.aem3 : mangled__BIOS_lib.obj (.text:ti_sysbios_family_arm_cc26xx_Power_LF_clockFunc__E)
                  0000704c    0000008c                  : mangled__BIOS_lib.obj (.text:ti_sysbios_family_arm_cc26xx_Power_Module_startup__E)
                  000070d8    00000088                  : mangled__BIOS_lib.obj (.text:ti_sysbios_family_arm_cc26xx_Timer_start__E)
                  00007160    00000084     ICall.obj (.text:ICall_heapMalloc)
                  000071e4    00000084     ICall.obj (.text:ICall_primSetTimer$1)
                  00007268    00000080     ProjectZero.obj (.text:ProjectZero_taskFxn$0)
                  000072e8    00000080     uart_logs.obj (.text:uartLog_outputFxn)
                  00007368    00000080     drivers_cc26xxware.aem3 : UARTCC26XX.oem3 (.text:writeTxFifoFlush)
                  000073e8    0000007a     rtsv7M3_T_le_eabi.lib : memset_t2.obj (.text)
                  00007462    00000002     sysbios.aem3 : mangled__BIOS_lib.obj (.text:ti_sysbios_family_arm_cc26xx_Power_defaultNotifyTrapFunc__E)
                  00007464    00000074     ICall.obj (.text:ICall_primSend$1)
                  000074d8    00000074     drivers_cc26xxware.aem3 : UARTCC26XX.oem3 (.text:UARTCC26XX_close)
                  0000754c    00000072     driverlib.lib : chipinfo.obj (.text:ChipInfo_GetHwRevision)
                  000075be    00000002     appBLE_UartLog_pem3.oem3 (.text:ti_sysbios_rom_cortexm_cc26xx_CC26xx_badRomRevision__E)
                  000075c0    00000070     drivers_cc26xxware.aem3 : UARTCC26XX.oem3 (.text:UARTCC26XX_readCancel)
                  00007630    00000070     gattservapp_util.obj (.text:gattServApp_SendNotiInd$10)
                  000076a0    0000006c     ICallCC2650.obj (.text:ICallPlatform_pwrUpdActivityCounter)
                  0000770c    0000006c     ICall.obj (.text:ICall_createRemoteTasks)
                  00007778    0000006c     driverlib.lib : sys_ctrl.obj (.text:SysCtrl_DCDC_VoltageConditionalControl)
                  000077e4    0000006c     ProjectZero.obj (.text:buttonDebounceSwiFxn$0)
                  00007850    0000006c     peripheral.obj (.text:gapRole_startConnUpdate$11)
                  000078bc    0000006a     rtsv7M3_T_le_eabi.lib : copy_decompress_rle.obj (.text)
                  00007926    00000002     sysbios.aem3 : mangled__BIOS_lib.obj (.text:xdc_runtime_SysCallback_defaultAbort)
                  00007928    00000068     ProjectZero.obj (.text:Util_convertArrayToHexString$0)
                  00007990    00000068     uart_logs.obj (.text:uartLog_flush)
                  000079f8    00000064     driverlib.lib : osc.obj (.text:OSCHF_AttemptToSwitchToXosc)
                  00007a5c    00000062                   : sys_ctrl.obj (.text:SysCtrlAdjustRechargeAfterPowerDown)
                  00007abe    00000002     sysbios.aem3 : mangled__BIOS_lib.obj (.text:xdc_runtime_SysCallback_defaultExit)
                  00007ac0    00000060     appBLE_UartLog_pem3.oem3 (.text:ti_sysbios_family_arm_cc26xx_Power_XOSC_HF_clockFunc__E)
                  00007b20    00000060     sysbios.aem3 : mangled__BIOS_lib.obj (.text:ti_sysbios_family_arm_cc26xx_Timer_setNextTick__E)
                  00007b80    0000005c     drivers_cc26xxware.aem3 : PINCC26XX.oem3 (.text:PIN_remove)
                  00007bdc    0000005c     appBLE_UartLog_pem3.oem3 (.text:xdc_runtime_Startup_getState__I)
                  00007c38    0000005a     driverlib.lib : ddi.obj (.text:NOROM_DDI16BitfieldWrite)
                  00007c92    00000002     sysbios.aem3 : mangled__BIOS_lib.obj (.text:xdc_runtime_SysCallback_defaultPutch)
                  00007c94    00000058     ICall.obj (.text:ICall_primEnroll$1)
                  00007cec    00000058     sysbios.aem3 : mangled__BIOS_lib.obj (.text:ti_sysbios_family_arm_cc26xx_Power_notify__I)
                  00007d44    00000054     ICall.obj (.text:ICall_primThreadServes$1)
                  00007d98    00000054     rtsv7M3_T_le_eabi.lib : exit.obj (.text)
                  00007dec    00000054     ProjectZero.obj (.text:user_enqueueCharDataMsg$0)
                  00007e40    00000054     sysbios.aem3 : mangled__BIOS_lib.obj (.text:xdc_runtime_Text_visitRope2__I)
                  00007e94    00000052     ICall.obj (.text:ICall_primWait$1)
                  00007ee6    00000052     driverlib.lib : osc.obj (.text:NOROM_OSCClockSourceSet)
                  00007f38    00000050     ICallBleAPI.obj (.text:GAP_DeviceInit)
                  00007f88    00000050     ICallBleAPI.obj (.text:GAP_UpdateAdvertisingData)
                  00007fd8    00000050     ICall.obj (.text:ICall_primGetEntityId$1)
                  00008028    00000050     ICall.obj (.text:ICall_primRegisterApp$1)
                  00008078    00000050     util.obj (.text:Util_convertBdAddr2Str)
                  000080c8    00000050     drivers_cc26xxware.aem3 : UARTCC26XX.oem3 (.text:startTxFifoEmptyClk)
                  00008118    0000004c     Button_Service.obj (.text:Button_Service_findCharParamId$5)
                  00008164    0000004c     Data_Service.obj (.text:Data_Service_findCharParamId$6)
                  000081b0    0000004c     peripheral.obj (.text:GAPRole_SendUpdateParam)
                  000081fc    0000004c     ICall.obj (.text:ICall_newTask$1)
                  00008248    0000004c     LED_Service.obj (.text:LED_Service_findCharParamId$7)
                  00008294    0000004c     drivers_cc26xxware.aem3 : PINCC26XX.oem3 (.text:PIN_Isr)
                  000082e0    0000004c     peripheral.obj (.text:gapRole_processStackMsg$11)
                  0000832c    0000004c     drivers_cc26xxware.aem3 : UARTCC26XX.oem3 (.text:readFinishedDoCallback)
                  00008378    0000004c     rtsv7M3_T_le_eabi.lib : cpy_tbl.obj (.text)
                  000083c4    0000004c     sysbios.aem3 : mangled__BIOS_lib.obj (.text:xdc_runtime_Text_xprintf__I)
                  00008410    0000004a     gattservapp_util.obj (.text:GATTServApp_ProcessCCCWriteReq)
                  0000845a    00000002     --HOLE-- [fill = 0]
                  0000845c    00000048     drivers_cc26xxware.aem3 : PINCC26XX.oem3 (.text:PIN_setOutputEnable)
                  000084a4    00000048     ProjectZero.obj (.text:Util_getLocalNameStr$0)
                  000084ec    00000048     ICallBleAPI.obj (.text:gattIndNoti$3)
                  00008534    00000048     rtsv7M3_T_le_eabi.lib : fd_toi_t2.obj (.text)
                  0000857c    00000048     sysbios.aem3 : mangled__BIOS_lib.obj (.text:xdc_runtime_LoggerCallback_write8__E)
                  000085c4    00000046     driverlib.lib : ddi.obj (.text:NOROM_DDI16BitfieldRead)
                  0000860a    00000002     --HOLE-- [fill = 0]
                  0000860c    00000044     ICallBleAPI.obj (.text:GAP_TerminateLinkReq)
                  00008650    00000044     boot.aem3 : boot.oem3 (.text)
                  00008694    00000044     ICallBleAPI.obj (.text:gapSendParamAndPtrCmd$3)
                  000086d8    00000044     sysbios.aem3 : mangled__BIOS_lib.obj (.text:ti_sysbios_family_arm_cc26xx_Timer_initDevice__I)
                  0000871c    00000044     ProjectZero.obj (.text:user_enqueueRawAppMsg$0)
                  00008760    00000044     sysbios.aem3 : mangled__BIOS_lib.obj (.text:xdc_runtime_LoggerCallback_Module_startup__E)
                  000087a4    00000042     ICall.obj (.text:ICall_primCreateSemaphore$1)
                  000087e6    00000042     ICall.obj (.text:ICall_primCreateTask$1)
                  00008828    00000040     peripheral.obj (.text:GAPRole_createTask)
                  00008868    00000040     ICallBleAPI.obj (.text:GATT_SendRsp)
                  000088a8    00000040     driverlib.lib : osc.obj (.text:NOROM_OSCInterfaceEnable)
                  000088e8    00000040     ProjectZero.obj (.text:ProjectZero_createTask)
                  00008928    00000040     rtsv7M3_T_le_eabi.lib : u_divt2.obj (.text)
                  00008968    00000040     appBLE_UartLog_pem3.oem3 (.text:ti_sysbios_family_arm_cc26xx_Power_XOSC_HF)
                  000089a8    00000040     sysbios.aem3 : mangled__BIOS_lib.obj (.text:ti_sysbios_family_arm_cc26xx_Power_isStableXOSC_HF__E)
                  000089e8    00000040                  : mangled__BIOS_lib.obj (.text:ti_sysbios_family_arm_cc26xx_Timer_getCurrentTick__E)
                  00008a28    0000003e     ICallBleAPI.obj (.text:hciSendParamsCmd$3)
                  00008a66    00000002     --HOLE-- [fill = 0]
                  00008a68    0000003c     ICallBleAPI.obj (.text:GAP_GetParamValue)
                  00008aa4    0000003c     ICallBleAPI.obj (.text:GATTServApp_RegisterService)
                  00008ae0    0000003c     ICallCC2650.obj (.text:ICallPlatform_pwrConfigACAction)
                  00008b1c    0000003c     ICallBleAPI.obj (.text:profileSetParameter$3)
                  00008b58    0000003c     ICallBleAPI.obj (.text:sendWaitMatchCS$3)
                  00008b94    0000003c     ICallBleAPI.obj (.text:sendWaitMatchValueCS$3)
                  00008bd0    0000003c     sysbios.aem3 : mangled__BIOS_lib.obj (.text:ti_sysbios_family_arm_cc26xx_Power_releaseConstraint__E)
                  00008c0c    00000038     ICallBleAPI.obj (.text:GAPBondMgr_LinkEst)
                  00008c44    00000038     ICall.obj (.text:ICall_primGetMaxMSecs$1)
                  00008c7c    00000038     drivers_cc26xxware.aem3 : PINCC26XX.oem3 (.text:PIN_setOutputValue)
                  00008cb4    00000038     util.obj (.text:Util_restartClock)
                  00008cec    00000038     ICallBleAPI.obj (.text:linkDB_NumConns)
                  00008d24    00000038     drivers_cc26xxware.aem3 : UARTCC26XX.oem3 (.text:readData)
                  00008d5c    00000038     sysbios.aem3 : mangled__BIOS_lib.obj (.text:ti_sysbios_family_arm_cc26xx_Power_setConstraint__E)
                  00008d94    00000038                  : mangled__BIOS_lib.obj (.text:ti_sysbios_family_arm_cc26xx_Timer_setThreshold__I)
                  00008dcc    00000038     drivers_cc26xxware.aem3 : UARTCC26XX.oem3 (.text:writeData)
                  00008e04    00000038     sysbios.aem3 : mangled__BIOS_lib.obj (.text:xdc_runtime_LoggerCallback_write4__E)
                  00008e3c    00000036     ICallCC2650.obj (.text:ICallPlatform_pwrDispenseImpl$2)
                  00008e72    00000036     ICallCC2650.obj (.text:ICallPlatform_pwrRequireImpl$2)
                  00008ea8    00000036     ICall.obj (.text:ICall_primWaitSemaphore$1)
                  00008ede    00000034     driverlib.lib : chipinfo.obj (.text:ChipInfo_GetChipFamily)
                  00008f12    00000002     --HOLE-- [fill = 0]
                  00008f14    00000034     ICallBleAPI.obj (.text:GAPBondMgr_SetParameter)
                  00008f48    00000034     ICallBleAPI.obj (.text:GAP_SetParamValue)
                  00008f7c    00000034     ICallCC2650.obj (.text:ICallPlatform_pwrRegisterNotify)
                  00008fb0    00000034     ICall.obj (.text:ICall_primEntityId2ServiceId$1)
                  00008fe4    00000034     ICall.obj (.text:ICall_primFetchMsg$1)
                  00009018    00000034     ICall.obj (.text:ICall_primRegisterISR$1)
                  0000904c    00000034     ICall.obj (.text:ICall_primRegisterISR_Ext$1)
                  00009080    00000034     ICall.obj (.text:ICall_searchServiceEntity$1)
                  000090b4    00000034     drivers_cc26xxware.aem3 : PINCC26XX.oem3 (.text:PIN_setConfig)
                  000090e8    00000034     driverlib.lib : setup.obj (.text:SetAonRtcSubSecInc$22)
                  0000911c    00000034     util.obj (.text:Util_constructClock)
                  00009150    00000034     ICallBleAPI.obj (.text:osal_snv_read)
                  00009184    00000034     ICallBleAPI.obj (.text:osal_snv_write)
                  000091b8    00000034     ICallBleAPI.obj (.text:profileAddService$3)
                  000091ec    00000034     ICallBleAPI.obj (.text:registerTask$3)
                  00009220    00000033     sysbios.aem3 : mangled__BIOS_lib.obj (.text:xdc_runtime_Text_printVisFxn__I)
                  00009253    00000001     --HOLE-- [fill = 0]
                  00009254    00000032     driverlib.lib : osc.obj (.text:OSCHF_SwitchToRcOscTurnOffXosc)
                  00009286    00000032     ICallBleAPI.obj (.text:gapSendParamsCmd$3)
                  000092b8    00000032     ICallBleAPI.obj (.text:gapSendPtrParamsCmd$3)
                  000092ea    00000032     ICallBleAPI.obj (.text:matchGapSetGetParamCS$3)
                  0000931c    00000032     ICallBleAPI.obj (.text:matchGattCmdStatus$3)
                  0000934e    00000032     ICallBleAPI.obj (.text:matchUtilNvCS$3)
                  00009380    00000030     ICallBleAPI.obj (.text:GAPBondMgr_PasscodeRsp)
                  000093b0    00000030     ICallCC2650.obj (.text:ICallPlatform_pwrNotify$2)
                  000093e0    00000030     ICall.obj (.text:ICall_heapInit)
                  00009410    00000030     ICall.obj (.text:ICall_msecs2Ticks$1)
                  00009440    00000030     main.obj (.text:main)
                  00009470    00000030     appBLE_UartLog_pem3.oem3 (.text:ti_sysbios_BIOS_atExitFunc__I)
                  000094a0    00000030     sysbios.aem3 : mangled__BIOS_lib.obj (.text:ti_sysbios_family_arm_cc26xx_Power_registerNotify__E)
                  000094d0    00000030                  : mangled__BIOS_lib.obj (.text:ti_sysbios_family_arm_cc26xx_Power_switchXOSC_HF__E)
                  00009500    00000030     appBLE_UartLog_pem3.oem3 (.text:xdc_runtime_LoggerCallback_Object__create__S)
                  00009530    00000030     sysbios.aem3 : mangled__BIOS_lib.obj (.text:xdc_runtime_LoggerCallback_write2__E)
                  00009560    0000002e     driverlib.lib : setup.obj (.text:GetTrimForRadcExtCfg$22)
                  0000958e    0000002e     ProjectZero.obj (.text:ICall_fetchServiceMsg$0)
                  000095bc    0000002e     peripheral.obj (.text:ICall_fetchServiceMsg$11)
                  000095ea    0000002e     ICall.obj (.text:ICall_msgDequeue$1)
                  00009618    0000002e     ICallBleAPI.obj (.text:matchProfileAddServiceCS$3)
                  00009646    0000002c     driverlib.lib : aon_batmon.obj (.text:AONBatMonTemperatureGetDegC)
                  00009672    00000002     --HOLE-- [fill = 0]
                  00009674    0000002c     ICallBleAPI.obj (.text:GAPBondMgr_Register)
                  000096a0    0000002c     ICallBleAPI.obj (.text:HCI_EXT_ConnEventNoticeCmd)
                  000096cc    0000002c     ICall.obj (.text:ICall_heapFree)
                  000096f8    0000002c     Button_Service.obj (.text:ICall_malloc$5)
                  00009724    0000002c     Data_Service.obj (.text:ICall_malloc$6)
                  00009750    0000002c     ICall.obj (.text:ICall_msgEnqueue$1)
                  0000977c    0000002c     ICall.obj (.text:ICall_primAllocMsg$1)
                  000097a8    0000002c     ICall.obj (.text:ICall_primFetchServiceMsg$1)
                  000097d4    0000002c     ICall.obj (.text:ICall_searchTask$1)
                  00009800    0000002c     ICallBleAPI.obj (.text:ICall_sendServiceMsg$3)
                  0000982c    0000002c     driverlib.lib : aon_rtc.obj (.text:NOROM_AONRTCCurrentCompareValueGet)
                  00009858    0000002c     drivers_cc26xxware.aem3 : PINCC26XX.oem3 (.text:PINCC26XX_setMux)
                  00009884    0000002a     ICallBleAPI.obj (.text:ICall_waitMatch$3)
                  000098ae    0000002a     ICallBleAPI.obj (.text:matchProfileCS$3)
                  000098d8    0000002a     ProjectZero.obj (.text:user_updateCharVal$0)
                  00009902    00000028     gattservapp_util.obj (.text:GATTServApp_WriteCharCfg)
                  0000992a    00000028     driverlib.lib : setup.obj (.text:GetTrimForAmpcompTh2$22)
                  00009952    00000002     --HOLE-- [fill = 0]
                  00009954    00000028     ICall.obj (.text:ICall_init)
                  0000997c    00000028     ICall.obj (.text:ICall_msgPrepend$1)
                  000099a4    00000028     ProjectZero.obj (.text:ICall_registerApp$0)
                  000099cc    00000028     peripheral.obj (.text:ICall_registerApp$11)
                  000099f4    00000028     gattservapp_util.obj (.text:gattServApp_FindCharCfgItem$10)
                  00009a1c    00000028     appBLE_UartLog_pem3.oem3 (.text:ti_sysbios_family_arm_cc26xx_Power_isDependencyActive)
                  00009a44    00000028     sysbios.aem3 : mangled__BIOS_lib.obj (.text:ti_sysbios_family_arm_cc26xx_Timer_getMaxTicks__E)
                  00009a6c    00000028                  : mangled__BIOS_lib.obj (.text:xdc_runtime_LoggerCallback_write0__E)
                  00009a94    00000028                  : mangled__BIOS_lib.obj (.text:xdc_runtime_LoggerCallback_write1__E)
                  00009abc    00000028                  : mangled__BIOS_lib.obj (.text:xdc_runtime_System_snprintf__E)
                  00009ae4    00000026     driverlib.lib : osc.obj (.text:NOROM_OSCClockSourceGet)
                  00009b0a    00000026     drivers_cc26xxware.aem3 : UARTCC26XX.oem3 (.text:UARTCC26XX_control)
                  00009b30    00000024     ICallBleAPI.obj (.text:GAPBondMgr_LinkTerm)
                  00009b54    00000024     ICallBleAPI.obj (.text:ICall_getLocalMsgEntityId$3)
                  00009b78    00000024     ICall.obj (.text:ICall_searchService$1)
                  00009b9c    00000024     ICallBleAPI.obj (.text:ICall_threadServes$3)
                  00009bc0    00000024     appBLE_UartLog_pem3.oem3 (.text:ti_sysbios_BIOS_registerRTSLock__I)
                  00009be4    00000024     appBLE_UartLog_pem3.oem3 (.text:ti_sysbios_BIOS_removeRTSLock__I)
                  00009c08    00000024     appBLE_UartLog_pem3.oem3 (.text:ti_sysbios_BIOS_startFunc__I)
                  00009c2c    00000024     sysbios.aem3 : mangled__BIOS_lib.obj (.text:ti_sysbios_family_arm_cc26xx_Timer_dynamicStub__E)
                  00009c50    00000022     driverlib.lib : setup.obj (.text:GetTrimForAmpcompTh1$22)
                  00009c72    00000022     ICall.obj (.text:ICall_dispatch$1)
                  00009c94    00000022     rtsv7M3_T_le_eabi.lib : memcmp.obj (.text)
                  00009cb6    00000002     --HOLE-- [fill = 0]
                  00009cb8    00000020     gattservapp_util.obj (.text:GATTServApp_InitCharCfg)
                  00009cd8    00000020     ICallBleAPI.obj (.text:GATT_bm_alloc)
                  00009cf8    00000020     driverlib.lib : setup.obj (.text:GetTrimForRcOscLfRtuneCtuneTrim$22)
                  00009d18    00000020                   : setup.obj (.text:GetTrimForXoscHfCtl$22)
                  00009d38    00000020     ICallBleAPI.obj (.text:ICall_allocMsg$3)
                  00009d58    00000020     ICallBleAPI.obj (.text:ICall_getEntityId$3)
                  00009d78    00000020     ProjectZero.obj (.text:ICall_malloc$0)
                  00009d98    00000020     ICall.obj (.text:ICall_primService$1)
                  00009db8    00000020     rtsv7M3_T_le_eabi.lib : u_tofd_t2.obj (.text)
                  00009dd8    00000020     appBLE_UartLog_pem3.oem3 (.text:ti_sysbios_BIOS_rtsLock__I)
                  00009df8    00000020     sysbios.aem3 : mangled__BIOS_lib.obj (.text:ti_sysbios_family_arm_cc26xx_TimestampProvider_get32__E)
                  00009e18    0000001e     ICall.obj (.text:ICall_primSendServiceMsg$1)
                  00009e36    0000001e     drivers_cc26xxware.aem3 : PINCC26XX.oem3 (.text:PIN_close)
                  00009e54    0000001e     ICallBleAPI.obj (.text:matchHciCS$3)
                  00009e72    0000001e     ICallBleAPI.obj (.text:waitMatchCS$3)
                  00009e90    0000001c     ICallBleAPI.obj (.text:GATT_bm_free)
                  00009eac    0000001c     ProjectZero.obj (.text:ICall_wait$0)
                  00009ec8    0000001c     peripheral.obj (.text:ICall_wait$11)
                  00009ee4    0000001c     drivers_cc26xxware.aem3 : PINCC26XX.oem3 (.text:PINCC26XX_setIoCfgMux)
                  00009f00    0000001c     peripheral.obj (.text:gapRole_HandleParamUpdateNoSuccess$11)
                  00009f1c    0000001c     ICallBleAPI.obj (.text:getStatusValueFromErrNo$3)
                  00009f38    0000001c     sysbios.aem3 : mangled__BIOS_lib.obj (.text:ti_sysbios_family_arm_cc26xx_Power_unregisterNotify__E)
                  00009f54    00000008     (.tramp.ti_sysbios_knl_Queue_remove__E.1)
                  00009f5c    0000001c                  : mangled__BIOS_lib.obj (.text:xdc_runtime_LoggerCallback_Instance_init__E)
                  00009f78    0000001a     ICall.obj (.text:ICall_enterCSImpl)
                  00009f92    0000001a     ICall.obj (.text:ICall_primSetTimerMSecs$1)
                  00009fac    0000001a     driverlib.lib : osc.obj (.text:OSCHF_TurnOnXosc)
                  00009fc6    0000001a     ICallBleAPI.obj (.text:matchGattIndNotiCS$3)
                  00009fe0    0000001a     ProjectZero.obj (.text:user_gapBondMgr_passcodeCB$0)
                  00009ffa    00000018     driverlib.lib : chipinfo.obj (.text:ChipInfo_GetPackageType)
                  0000a012    00000002     --HOLE-- [fill = 0]
                  0000a014    00000018     peripheral.obj (.text:GAPRole_StartDevice)
                  0000a02c    00000018     peripheral.obj (.text:GAPRole_TerminateConnection)
                  0000a044    00000018     ICallBleAPI.obj (.text:GATT_Notification)
                  0000a05c    00000018     driverlib.lib : setup.obj (.text:GetTrimForAdcShModeEn$22)
                  0000a074    00000018                   : setup.obj (.text:GetTrimForAdcShVbufEn$22)
                  0000a08c    00000018                   : setup.obj (.text:GetTrimForDblrLoopFilterResetVoltage$22)
                  0000a0a4    00000018                   : setup.obj (.text:GetTrimForRcOscLfIBiasTrim$22)
                  0000a0bc    00000018                   : setup.obj (.text:GetTrimForXoscHfIbiastherm$22)
                  0000a0d4    00000018                   : setup.obj (.text:GetTrimForXoscLfRegulatorAndCmirrwrRatio$22)
                  0000a0ec    00000018     ICallCC2650.obj (.text:ICallPlatform_pwrDispense)
                  0000a104    00000018     ICallCC2650.obj (.text:ICallPlatform_pwrRequire)
                  0000a11c    00000018     ProjectZero.obj (.text:ICall_free$0)
                  0000a134    00000018     ProjectZero.obj (.text:ICall_freeMsg$0)
                  0000a14c    00000018     peripheral.obj (.text:ICall_freeMsg$11)
                  0000a164    00000018     ICall.obj (.text:ICall_freeMsg$1)
                  0000a17c    00000018     ICallBleAPI.obj (.text:ICall_freeMsg$3)
                  0000a194    00000018     ICall.obj (.text:ICall_initPrim$1)
                  0000a1ac    00000018     ICall.obj (.text:ICall_primMalloc$1)
                  0000a1c4    00000018     drivers_cc26xxware.aem3 : UART.oem3 (.text:UART_Params_init)
                  0000a1dc    00000018                             : UART.oem3 (.text:UART_open)
                  0000a1f4    00000018     peripheral.obj (.text:gapRole_setEvent$11)
                  0000a20c    00000018     rtsv7M3_T_le_eabi.lib : args_main.obj (.text)
                  0000a224    00000018                           : ll_mul_t2.obj (.text)
                  0000a23c    00000018     appBLE_UartLog_pem3.oem3 (.text:ti_sysbios_BIOS_rtsUnlock__I)
                  0000a254    00000008     (.tramp.ti_sysbios_BIOS_RtsGateProxy_leave__E.1)
                  0000a25c    00000018     appBLE_UartLog_pem3.oem3 (.text:ti_sysbios_family_arm_cc26xx_Power_RFCORECLKS)
                  0000a274    00000018     sysbios.aem3 : mangled__BIOS_lib.obj (.text:ti_sysbios_family_arm_cc26xx_Timer_getCount64__E)
                  0000a28c    00000018     appBLE_UartLog_pem3.oem3 (.text:ti_sysbios_rom_cortexm_cc26xx_CC26xx_checkRevision__E)
                  0000a2a4    00000016     driverlib.lib : setup.obj (.text:GetTrimForXoscHfFastStart$22)
                  0000a2ba    00000016     ICall.obj (.text:ICall_abort$1)
                  0000a2d0    00000016     ICall.obj (.text:ICall_leaveCSImpl)
                  0000a2e6    00000016     ICall.obj (.text:ICall_primStopTimer$1)
                  0000a2fc    00000016     main.obj (.text:exceptionHandler)
                  0000a312    00000016     appBLE_UartLog_pem3.oem3 (.text:ti_sysbios_BIOS_exitFunc__I)
                  0000a328    00000014     devinfoservice.obj (.text:DevInfo_AddService)
                  0000a33c    00000014     ICallCC2650.obj (.text:ICallPlatform_pwrIsStableXOSCHF)
                  0000a350    00000014     drivers_cc26xxware.aem3 : PINCC26XX.oem3 (.text:PINCC26XX_getInputValue)
                  0000a364    00000014     driverlib.lib : chipinfo.obj (.text:ThisCodeIsBuiltForCC26xxHwRev22AndLater_HaltIfViolated)
                  0000a378    00000014     rtsv7M3_T_le_eabi.lib : _lock.obj (.text)
                  0000a38c    00000014                           : strlen.obj (.text)
                  0000a3a0    00000014     ICallBleAPI.obj (.text:setICallCmdEvtHdr$3)
                  0000a3b4    00000014     appBLE_UartLog_pem3.oem3 (.text:ti_sysbios_knl_Clock_doTick__I)
                  0000a3c8    00000008     (.tramp.ti_sysbios_knl_Clock_logTick__E.1)
                  0000a3d0    00000008     (.tramp.ti_sysbios_knl_Swi_post__E.1)
                  0000a3d8    00000012     gattservapp_util.obj (.text:GATTServApp_FindAttr)
                  0000a3ea    00000012     appBLE_UartLog_pem3.oem3 (.text:xdc_runtime_Startup_exec__I)
                  0000a3fc    00000008     (.tramp.xdc_runtime_Startup_startMods__I.1)
                  0000a404    00000010     devinfoservice.obj (.text:DevInfo_SetParameter)
                  0000a414    00000010     ICallBleAPI.obj (.text:GAP_EndDiscoverable)
                  0000a424    00000010     gattservapp_util.obj (.text:GATTServApp_ReadCharCfg)
                  0000a434    00000010     ICallCC2650.obj (.text:ICallPlatform_pwrGetXOSCStartupTime)
                  0000a444    00000010     ICall.obj (.text:ICall_primGetTickPeriod$1)
                  0000a454    00000010     ICall.obj (.text:ICall_taskEntry$1)
                  0000a464    00000010     drivers_cc26xxware.aem3 : UARTCC26XX.oem3 (.text:UARTCC26XX_init)
                  0000a474    00000010     util.obj (.text:Util_isActive)
                  0000a484    00000010     drivers_cc26xxware.aem3 : UARTCC26XX.oem3 (.text:uartPostNotify)
                  0000a494    00000010     appBLE_UartLog_pem3.oem3 (.text:xdc_runtime_LoggerCallback_Object__get__S)
                  0000a4a4    00000010     sysbios.aem3 : mangled__BIOS_lib.obj (.text:xdc_runtime_SysCallback_putch__E)
                  0000a4b4    00000010                  : mangled__BIOS_lib.obj (.text:xdc_runtime_SysCallback_ready__E)
                  0000a4c4    0000000e     ICallCC2650.obj (.text:ICallPlatform_pwrGetTransitionState)
                  0000a4d2    0000000e     ICall.obj (.text:ICall_primDisableMInt$1)
                  0000a4e0    0000000e     ICall.obj (.text:ICall_primEnableMInt$1)
                  0000a4ee    00000002     --HOLE-- [fill = 0]
                  0000a4f0    00000008     (.tramp.ti_sysbios_family_arm_m3_Hwi_enableFxn__E.1)
                  0000a4f8    00000008     (.tramp.ti_sysbios_knl_Task_enable__E.1)
                  0000a500    0000000e     ICall.obj (.text:ICall_primFreeMsg$1)
                  0000a50e    0000000e     ICall.obj (.text:ICall_primGetTicks$1)
                  0000a51c    0000000e     driverlib.lib : vims.obj (.text:NOROM_VIMSModeGet)
                  0000a52a    0000000e                   : setup.obj (.text:SignExtendVddrTrimValue$22)
                  0000a538    0000000e     rtsv7M3_T_le_eabi.lib : copy_decompress_none.obj (.text:decompress:none)
                  0000a546    0000000e     ICallBleAPI.obj (.text:matchGSARegisterServiceCS$3)
                  0000a554    0000000e     ICallBleAPI.obj (.text:matchGapLinkEstCS$3)
                  0000a562    0000000e     ICallBleAPI.obj (.text:matchGapPasscodeCS$3)
                  0000a570    0000000e     ICallBleAPI.obj (.text:matchGattSendRspCS$3)
                  0000a57e    0000000e     ICallBleAPI.obj (.text:matchLinkDBNumConnsCS$3)
                  0000a58c    0000000e     ICallBleAPI.obj (.text:setDispatchCmdEvtHdr$3)
                  0000a59a    00000002     --HOLE-- [fill = 0]
                  0000a59c    0000000c     ICallBleAPI.obj (.text:GAP_TerminateAuth)
                  0000a5a8    0000000c     ICallBleAPI.obj (.text:GAP_UpdateLinkParamReq)
                  0000a5b4    0000000c     ICallBleAPI.obj (.text:GGS_SetParameter)
                  0000a5c0    0000000c     ICall.obj (.text:ICall_clockFunc$1)
                  0000a5cc    0000000c     ICall.obj (.text:ICall_primDisableInt$1)
                  0000a5d8    00000008     (.tramp.ti_sysbios_hal_Hwi_disableInterrupt__E.1)
                  0000a5e0    0000000c     ICall.obj (.text:ICall_primEnableInt$1)
                  0000a5ec    00000008     (.tramp.ti_sysbios_hal_Hwi_enableInterrupt__E.1)
                  0000a5f4    0000000c     ICall.obj (.text:ICall_primFree$1)
                  0000a600    0000000c     ICall.obj (.text:ICall_primSignal$1)
                  0000a60c    0000000c     driverlib.lib : cpu.obj (.text:NOROM_CPUcpsid)
                  0000a618    0000000c                   : cpu.obj (.text:NOROM_CPUcpsie)
                  0000a624    0000000c     drivers_cc26xxware.aem3 : PINCC26XX.oem3 (.text:PIN_registerIntCb)
                  0000a630    0000000c     uart_logs.obj (.text:UartLog_doInit)
[...]
1001c251  ti_sysbios_family_arm_cc26xx_Timer_getExpiredTicks__E                     
1001c255  ti_sysbios_family_arm_cc26xx_Timer_getPeriod__E                           
1001c259  ti_sysbios_family_arm_cc26xx_Timer_setPeriod__E                           
1001c25d  ti_sysbios_family_arm_m3_Hwi_delete                                       
1001c261  ti_sysbios_family_arm_m3_Hwi_destruct                                     
1001c265  ti_sysbios_family_arm_m3_TaskSupport_Module__startupDone__S               
1001c269  ti_sysbios_gates_GateHwi_query__E                                         
1001c269  xdc_runtime_System_Module_GateProxy_query__E                              
1001c26d  ti_sysbios_gates_GateMutex_delete                                         
1001c271  ti_sysbios_gates_GateMutex_destruct                                       
1001c275  ti_sysbios_BIOS_RtsGateProxy_query__E                                     
1001c275  ti_sysbios_gates_GateMutex_query__E                                       
1001c275  ti_sysbios_heaps_HeapMem_Module_GateProxy_query__E                        
1001c279  ti_sysbios_hal_Hwi_HwiProxy_Module__startupDone__S                        
1001c27d  ti_sysbios_hal_Hwi_HwiProxy_delete                                        
1001c281  ti_sysbios_hal_Hwi_HwiProxy_disableInterrupt__E                           
1001c281  ti_sysbios_hal_Hwi_disableInterrupt__E                                    
1001c285  ti_sysbios_hal_Hwi_HwiProxy_enableInterrupt__E                            
1001c285  ti_sysbios_hal_Hwi_enableInterrupt__E                                     
1001c289  ti_sysbios_hal_Hwi_HwiProxy_getStackInfo__E                               
1001c289  ti_sysbios_hal_Hwi_getStackInfo__E                                        
1001c28d  ti_sysbios_hal_Hwi_HwiProxy_startup__E                                    
1001c28d  ti_sysbios_hal_Hwi_startup__E                                             
1001c291  ti_sysbios_hal_Hwi_HwiProxy_switchFromBootStack__E                        
1001c295  ti_sysbios_hal_Hwi_delete                                                 
1001c299  ti_sysbios_hal_Hwi_switchFromBootStack__E                                 
1001c29d  ti_sysbios_heaps_HeapMem_Module_GateProxy_enter__E                        
1001c2a1  ti_sysbios_heaps_HeapMem_Module_GateProxy_leave__E                        
1001c2a5  ti_sysbios_heaps_HeapMem_isBlocking__E                                    
1001c2a9  ti_sysbios_knl_Clock_TimerProxy_Module__startupDone__S                    
1001c2ad  ti_sysbios_knl_Clock_TimerProxy_getExpiredTicks__E                        
1001c2b1  ti_sysbios_knl_Clock_TimerProxy_getPeriod__E                              
1001c2b5  ti_sysbios_knl_Clock_delete                                               
1001c2b9  ti_sysbios_knl_Clock_destruct                                             
1001c2bd  ti_sysbios_knl_Clock_removeI__E                                           
1001c2c1  ti_sysbios_knl_Clock_setTimeout__E                                        
1001c2c5  ti_sysbios_knl_Mailbox_delete                                             
1001c2c9  ti_sysbios_knl_Mailbox_destruct                                           
1001c2cd  ti_sysbios_knl_Queue_delete                                               
1001c2d1  ti_sysbios_knl_Queue_destruct                                             
1001c2d5  ti_sysbios_knl_Queue_head__E                                              
1001c2d9  ti_sysbios_knl_Queue_next__E                                              
1001c2dd  ti_sysbios_knl_Semaphore_delete                                           
1001c2e1  ti_sysbios_knl_Semaphore_destruct                                         
1001c2e5  ti_sysbios_knl_Swi_delete                                                 
1001c2e9  ti_sysbios_knl_Swi_destruct                                               
1001c2ed  ti_sysbios_knl_Swi_postInit__I                                            
1001c2f1  ti_sysbios_knl_Task_SupportProxy_Module__startupDone__S                   
1001c2f5  ti_sysbios_knl_Task_SupportProxy_getStackAlignment__E                     
1001c2f9  ti_sysbios_knl_Task_SupportProxy_start__E                                 
1001c2fd  ti_sysbios_knl_Task_SupportProxy_swap__E                                  
1001c301  ti_sysbios_knl_Task_delete                                                
1001c305  ti_sysbios_knl_Task_destruct                                              
1001c309  ti_sysbios_knl_Task_startup__E                                            
1001c30d  xdc_runtime_Startup_startMods__I                                          
1001c405  xdc_runtime_Core_createObject__I                                          
1001c487  xdc_runtime_Error_policySpin__E                                           
1001c489  xdc_runtime_Memory_alloc__E                                               
1001c4f9  xdc_runtime_Core_deleteObject__I                                          
1001c559  xdc_runtime_Startup_exec__E                                               
1001c5a9  xdc_runtime_Assert_raise__I                                               
1001c5f1  xdc_runtime_Core_assignParams__I                                          
1001c639  xdc_runtime_Core_constructObject__I                                       
1001c681  xdc_runtime_System_atexit__E                                              
1001c6b9  xdc_runtime_System_processAtExit__E                                       
1001c6ed  xdc_runtime_Core_assignLabel__I                                           
1001c71d  xdc_runtime_Text_cordText__E                                              
1001c749  xdc_runtime_System_abort__E                                               
1001c769  xdc_runtime_Error_raiseX__E                                               
1001c785  xdc_runtime_Memory_valloc__E                                              
1001c7a1  xdc_runtime_Core_destructObject__I                                        
1001c7b9  xdc_runtime_Error_check__E                                                
1001c7d1  xdc_runtime_System_exit__E                                                
1001c7e9  xdc_runtime_Text_ropeText__E                                              
1001c801  xdc_runtime_Memory_free__E                                                
1001c811  xdc_runtime_SysCallback_abort__E                                          
1001c821  xdc_runtime_SysCallback_exit__E                                           
1001c831  xdc_runtime_Timestamp_SupportProxy_get32__E                               
1001c831  xdc_runtime_Timestamp_get32__E                                            
1001c841  xdc_runtime_Error_init__E                                                 
1001c84d  xdc_runtime_Memory_calloc__E                                              
1001c859  xdc_runtime_Memory_getMaxDefaultTypeAlign__E                              
1001c879  xdc_runtime_Gate_leaveSystem__E                                           
1001c87f  xdc_runtime_System_Module_startup__E                                      
1001c885  xdc_runtime_Gate_enterSystem__E                                           
1001c889  xdc_runtime_Memory_HeapProxy_alloc__E                                     
1001c88d  xdc_runtime_Memory_HeapProxy_free__E                                      
1001c891  xdc_runtime_System_Module_GateProxy_enter__E                              
1001c895  xdc_runtime_System_Module_GateProxy_leave__E                              
1001c899  xdc_runtime_System_abortSpin__E                                           
1001c89b  xdc_runtime_System_exitSpin__E                                            
1001c89d  ti_sysbios_family_arm_m3_Hwi_dispatch__I                                  
1001c96d  ti_sysbios_family_arm_m3_TaskSupport_buildTaskStack                       
1001c9b9  ti_sysbios_family_arm_m3_Hwi_initStacks__E                                
1001ca01  ti_sysbios_family_arm_m3_Hwi_excHandlerAsm__I                             
1001ca21  ti_sysbios_family_xxx_Hwi_switchAndRunFunc                                
1001ca3f  ti_sysbios_family_arm_m3_Hwi_pendSV__I                                    
1001ca57  ti_sysbios_family_arm_m3_Hwi_return                                       
1001ca59  ti_sysbios_family_arm_m3_TaskSupport_glue                                 
1001ca69  ti_sysbios_family_arm_m3_TaskSupport_swap__E                              
1001ca71  ti_sysbios_knl_Task_swapReturn                                            
1001ca9b  ti_sysbios_rom_cortexm_cc26xx_CC26xx_getRevision__E                       
20000000  ti_sysbios_family_arm_m3_Hwi_ramVectors                                   
20000100  ti_sysbios_knl_Task_Module__state__V                                      
20000144  ti_sysbios_family_arm_m3_Hwi_Module__state__V                             
20000178  ti_sysbios_knl_Clock_Module__state__V                                     
200001a4  ti_sysbios_BIOS_Module__state__V                                          
200001c8  ti_sysbios_knl_Swi_Module__state__V                                       
200001e4  ti_sysbios_family_arm_cc26xx_Timer_Module__state__V                       
200001ec  ti_sysbios_family_arm_cc26xx_TimestampProvider_Module__state__V           
200001f0  xdc_runtime_Startup_Module__state__V                                      
200001f8  xdc_runtime_System_Module__state__V                                       
20000200  xdc_runtime_Memory_Module__state__V                                       
20000dc0  ti_sysbios_heaps_HeapMem_Instance_State_0_buf__A                          
20001440  ti_sysbios_knl_Task_Instance_State_0_stack__A                             
20001640  uartCC26XXObjects                                                         
20001710  ti_sysbios_family_arm_m3_Hwi_dispatchTable                                
200017d8  PIN_HandleTable                                                           
200018e4  PIN_NumPins                                                               
200018f0  driverlib_release_0_43243                                                 
200018f8  uartLog_tail                                                              
200018f9  uartLog_head                                                              
200018fa  uartLog_evBufIsEmpty                                                      
200018fc  uartLog_evtNum                                                            
20001904  uartLog_outBuf                                                            
200019b0  uartLog_evBuf                                                             
20001f14  ledPinTable                                                               
20001f20  buttonPinTable                                                            
20001ff4  przTask                                                                   
20002044  przTaskStack                                                              
20002364  linkDBNumConns                                                            
20002478  gapRoleTask                                                               
200024c8  gapRoleTaskStack                                                          
20002950  ICall_dispatcher                                                          
20002958  ICall_enterCriticalSection                                                
2000295c  ICall_leaveCriticalSection                                                
20002a60  ti_sysbios_family_arm_cc26xx_Power_Module__state__V                       
20002b2c  TSK_idle                                                                  
20002b2c  ti_sysbios_knl_Task_Object__table__V                                      
20002b78  ti_sysbios_family_arm_cc26xx_Timer_Object__table__V                       
20002bc0  ti_sysbios_gates_GateMutex_Object__table__V                               
20002bf8  rfRegTbl                                                                  
20002c2c  ti_sysbios_family_arm_m3_Hwi_Object__table__V                             
20002c5c  ti_sysbios_knl_Swi_Module_State_0_readyQ__A                               
20002c8c  ti_sysbios_knl_Swi_Object__table__V                                       
20002cbc  ti_sysbios_knl_Task_Module_State_0_readyQ__A                              
20002d08  user0Cfg                                                                  
20002d24  ti_sysbios_heaps_HeapMem_Object__table__V                                 
20002d3c  ti_sysbios_family_arm_cc26xx_Power_refCount                               
20002d50  xdc_runtime_LoggerCallback_Object__table__V                               
20002d60  __TI_cleanup_ptr                                                          
20002d64  __TI_dtors_ptr                                                            
20002d68  __TI_enable_exit_profile_output                                           
20002d6c  lastAppOpcodeSent                                                         
20002d70  pfnBMAlloc                                                                
20002d74  pfnBMFree                                                                 
20002d78  ti_sysbios_family_arm_cc26xx_Power_resourceHandlers                       
20002d90  _lock                                                                     
20002d94  _unlock                                                                   
20002da0  ti_sysbios_family_arm_m3_Hwi_Module__root__V                              
20002da8  ti_sysbios_gates_GateHwi_Module__root__V                                  
20002db0  ti_sysbios_gates_GateMutex_Module__root__V                                
20002db8  ti_sysbios_hal_Hwi_Module__root__V                                        
20002dc0  ti_sysbios_heaps_HeapMem_Module__root__V                                  
20002dc8  ti_sysbios_knl_Clock_Module__root__V                                      
20002dd0  ti_sysbios_knl_Mailbox_Module__root__V                                    
20002dd8  ti_sysbios_knl_Queue_Module__root__V                                      
20002de0  ti_sysbios_knl_Semaphore_Module__root__V                                  
20002de8  ti_sysbios_knl_Swi_Module__root__V                                        
20002df0  ti_sysbios_knl_Task_Module__root__V                                       
20002df8  xdc_runtime_LoggerCallback_Module__root__V                                
20002e00  xdc_runtime_Registry_Module__state__V                                     
20002e08  ti_sysbios_family_arm_cc26xx_Power_constraintCounts                       
20002e10  main_func_sp                                                              
20002e14  ti_sysbios_family_arm_m3_Hwi_Module_State_0_excContext__A                 
20002e18  ti_sysbios_family_arm_m3_Hwi_Module_State_0_excStack__A                   
20002e1c  ti_sysbios_knl_Task_Module_State_0_idleTask__A                            
20002e22  ti_sysbios_family_arm_m3_Hwi_Module_State_0_excActive__A                  
20003fe4  __stack                                                                   
200043e4  __STACK_END                                                               
200043e4  __STACK_TOP                                                               
e000e000  ti_sysbios_family_arm_m3_Hwi_nvic                                         
ffffffff  __TI_pprof_out_hndl                                                       
ffffffff  __TI_prof_data_size                                                       
ffffffff  __TI_prof_data_start                                                      
ffffffff  __binit__                                                                 
ffffffff  __c_args__                                                                
ffffffff  binit                                                                     
UNDEFED   SHT$$INIT_ARRAY$$Base                                                     
UNDEFED   SHT$$INIT_ARRAY$$Limit                                                    
UNDEFED   ti_sysbios_BIOS_RtsGateProxy_Handle__label__S__mangled__                  
UNDEFED   ti_sysbios_BIOS_RtsGateProxy_Object__delete__S__mangled__                 
UNDEFED   ti_sysbios_BIOS_RtsGateProxy_Params__init__S__mangled__                   
UNDEFED   ti_sysbios_BIOS_RtsGateProxy_query__E__mangled__                          
UNDEFED   ti_sysbios_hal_Hwi_HwiProxy_Module__startupDone__S__mangled__             
UNDEFED   ti_sysbios_hal_Hwi_HwiProxy_Object__delete__S__mangled__                  
UNDEFED   ti_sysbios_hal_Hwi_HwiProxy_Params__init__S__mangled__                    
UNDEFED   ti_sysbios_hal_Hwi_HwiProxy_disableInterrupt__E__mangled__                
UNDEFED   ti_sysbios_hal_Hwi_HwiProxy_enableInterrupt__E__mangled__                 
UNDEFED   ti_sysbios_hal_Hwi_HwiProxy_getStackInfo__E__mangled__                    
UNDEFED   ti_sysbios_hal_Hwi_HwiProxy_startup__E__mangled__                         
UNDEFED   ti_sysbios_hal_Hwi_HwiProxy_switchFromBootStack__E__mangled__             
UNDEFED   ti_sysbios_hal_Hwi_disableInterrupt__E__mangled__                         
UNDEFED   ti_sysbios_hal_Hwi_enableInterrupt__E__mangled__                          
UNDEFED   ti_sysbios_hal_Hwi_getStackInfo__E__mangled__                             
UNDEFED   ti_sysbios_hal_Hwi_startup__E__mangled__                                  
UNDEFED   ti_sysbios_hal_Hwi_switchFromBootStack__E__mangled__                      
UNDEFED   ti_sysbios_heaps_HeapMem_Module_GateProxy_Handle__label__S__mangled__     
UNDEFED   ti_sysbios_heaps_HeapMem_Module_GateProxy_Object__delete__S__mangled__    
UNDEFED   ti_sysbios_heaps_HeapMem_Module_GateProxy_Params__init__S__mangled__      
UNDEFED   ti_sysbios_heaps_HeapMem_Module_GateProxy_query__E__mangled__             
UNDEFED   ti_sysbios_knl_Clock_TimerProxy_Module__startupDone__S__mangled__         
UNDEFED   ti_sysbios_knl_Clock_TimerProxy_startup__E__mangled__                     
UNDEFED   ti_sysbios_knl_Task_SupportProxy_Module__startupDone__S__mangled__        
UNDEFED   ti_sysbios_knl_Task_SupportProxy_getStackAlignment__E__mangled__          
UNDEFED   ti_sysbios_knl_Task_SupportProxy_start__E__mangled__                      
UNDEFED   ti_sysbios_knl_Task_SupportProxy_swap__E__mangled__                       
UNDEFED   xdc_runtime_Main_Module_GateProxy_Handle__label__S                        
UNDEFED   xdc_runtime_Main_Module_GateProxy_Object__delete__S                       
UNDEFED   xdc_runtime_Main_Module_GateProxy_query__E                                
UNDEFED   xdc_runtime_Memory_HeapProxy_Handle__label__S__mangled__                  
UNDEFED   xdc_runtime_Memory_HeapProxy_Object__delete__S__mangled__                 
UNDEFED   xdc_runtime_System_Module_GateProxy_Handle__label__S__mangled__           
UNDEFED   xdc_runtime_System_Module_GateProxy_Object__delete__S__mangled__          
UNDEFED   xdc_runtime_System_Module_GateProxy_query__E__mangled__                   
UNDEFED   xdc_runtime_System_SupportProxy_abort__E                                  
UNDEFED   xdc_runtime_System_SupportProxy_exit__E                                   
UNDEFED   xdc_runtime_Timestamp_SupportProxy_get64__E__mangled__                    
UNDEFED   xdc_runtime_Timestamp_SupportProxy_getFreq__E__mangled__                  
UNDEFED   xdc_runtime_Timestamp_get32__E__mangled__                                 
UNDEFED   xdc_runtime_Timestamp_get64__E__mangled__                                 
UNDEFED   xdc_runtime_Timestamp_getFreq__E__mangled__                               

[898 symbols]
